2026-02-01 14:05:49,474 - __main__ - INFO - 🚀 DÉBUT SCRAPING COMPLET - 1 RÉGIONS
2026-02-01 14:05:49,474 - __main__ - INFO - 
============================================================
2026-02-01 14:05:49,474 - __main__ - INFO - 🎯 DÉBUT RÉGION: La Marsa
2026-02-01 14:05:49,474 - __main__ - INFO - ============================================================
2026-02-01 14:05:49,474 - __main__ - INFO - 🚀 DÉBUT SCRAPING RÉGION: La Marsa
2026-02-01 14:05:49,474 - __main__ - INFO - Détection pour: https://www.mubawab.tn/fr/st/la-marsa/locaux-a-vendre
2026-02-01 14:05:54,063 - __main__ - INFO - ✅ Détecté: 121 annonces au total
2026-02-01 14:05:54,105 - __main__ - INFO - 📊 Estimation: 4 pages à 35 annonces/page
2026-02-01 14:05:54,105 - __main__ - INFO - 📊 La Marsa: 121 annonces détectées
2026-02-01 14:05:54,105 - __main__ - INFO - 📄 Objectif: 121 annonces sur 4/4 pages
2026-02-01 14:05:54,105 - __main__ - INFO - 📈 Estimation: 35 annonces par page
2026-02-01 14:05:54,105 - __main__ - INFO - 📄 SCRAPING PAGE 1: https://www.mubawab.tn/fr/st/la-marsa/locaux-a-vendre
2026-02-01 14:05:56,054 - __main__ - INFO - Total cartes uniques trouvées: 34
2026-02-01 14:05:56,054 - __main__ - INFO - Page 1: 34 cartes trouvées
2026-02-01 14:05:56,243 - __main__ - INFO - ✅ PAGE 1: 32 annonces valides, 2 invalides
2026-02-01 14:05:56,288 - __main__ - INFO - ✅ Page 1: 32 annonces trouvées
2026-02-01 14:05:56,288 - __main__ - INFO - 🔍 Extraction des détails pour 32 annonces...
2026-02-01 14:06:09,757 - __main__ - INFO -   📊 Détails: 5/32 (16%)
2026-02-01 14:06:23,469 - __main__ - INFO -   📊 Détails: 10/32 (31%)
2026-02-01 14:06:36,892 - __main__ - INFO -   📊 Détails: 15/32 (47%)
2026-02-01 14:06:50,670 - __main__ - INFO -   📊 Détails: 20/32 (62%)
2026-02-01 14:07:04,464 - __main__ - INFO -   📊 Détails: 25/32 (78%)
2026-02-01 14:07:18,639 - __main__ - INFO -   📊 Détails: 30/32 (94%)
2026-02-01 14:07:24,387 - __main__ - INFO -   📊 Détails: 32/32 (100%)
2026-02-01 14:07:24,695 - __main__ - INFO - 📈 La Marsa: 32/121 annonces accumulées
2026-02-01 14:07:24,695 - __main__ - INFO - ⏳ Pause de 2s avant page 2...
2026-02-01 14:07:26,697 - __main__ - INFO - 📄 SCRAPING PAGE 2: https://www.mubawab.tn/fr/st/la-marsa/locaux-a-vendre:p:2
2026-02-01 14:07:29,794 - __main__ - INFO - Total cartes uniques trouvées: 34
2026-02-01 14:07:29,794 - __main__ - INFO - Page 2: 34 cartes trouvées
2026-02-01 14:07:29,944 - __main__ - INFO - ✅ PAGE 2: 32 annonces valides, 2 invalides
2026-02-01 14:07:29,987 - __main__ - INFO - ✅ Page 2: 32 annonces trouvées
2026-02-01 14:07:29,987 - __main__ - INFO - 🔍 Extraction des détails pour 32 annonces...
2026-02-01 14:07:44,578 - __main__ - INFO -   📊 Détails: 5/32 (16%)
2026-02-01 14:07:59,066 - __main__ - INFO -   📊 Détails: 10/32 (31%)
2026-02-01 14:08:13,388 - __main__ - INFO -   📊 Détails: 15/32 (47%)
2026-02-01 14:08:27,394 - __main__ - INFO -   📊 Détails: 20/32 (62%)
2026-02-01 14:08:41,054 - __main__ - INFO -   📊 Détails: 25/32 (78%)
2026-02-01 14:08:54,673 - __main__ - INFO -   📊 Détails: 30/32 (94%)
2026-02-01 14:09:00,347 - __main__ - INFO -   📊 Détails: 32/32 (100%)
2026-02-01 14:09:00,652 - __main__ - INFO - 📈 La Marsa: 64/121 annonces accumulées
2026-02-01 14:09:00,652 - __main__ - INFO - ⏳ Pause de 2s avant page 3...
2026-02-01 14:09:02,654 - __main__ - INFO - 📄 SCRAPING PAGE 3: https://www.mubawab.tn/fr/st/la-marsa/locaux-a-vendre:p:3
2026-02-01 14:09:04,899 - __main__ - INFO - Total cartes uniques trouvées: 34
2026-02-01 14:09:04,914 - __main__ - INFO - Page 3: 34 cartes trouvées
2026-02-01 14:09:05,043 - __main__ - INFO - ✅ PAGE 3: 32 annonces valides, 2 invalides
2026-02-01 14:09:05,091 - __main__ - INFO - ✅ Page 3: 32 annonces trouvées
2026-02-01 14:09:05,091 - __main__ - INFO - 🔍 Extraction des détails pour 32 annonces...
2026-02-01 14:09:18,927 - __main__ - INFO -   📊 Détails: 5/32 (16%)
2026-02-01 14:09:32,402 - __main__ - INFO -   📊 Détails: 10/32 (31%)
2026-02-01 14:09:46,218 - __main__ - INFO -   📊 Détails: 15/32 (47%)
2026-02-01 14:09:59,650 - __main__ - INFO -   📊 Détails: 20/32 (62%)
2026-02-01 14:10:13,465 - __main__ - INFO -   📊 Détails: 25/32 (78%)
2026-02-01 14:10:26,646 - __main__ - INFO -   📊 Détails: 30/32 (94%)
2026-02-01 14:10:31,973 - __main__ - INFO -   📊 Détails: 32/32 (100%)
2026-02-01 14:10:32,275 - __main__ - INFO - 📈 La Marsa: 96/121 annonces accumulées
2026-02-01 14:10:32,275 - __main__ - INFO - ⏳ Pause de 2s avant page 4...
2026-02-01 14:10:34,277 - __main__ - INFO - 📄 SCRAPING PAGE 4: https://www.mubawab.tn/fr/st/la-marsa/locaux-a-vendre:p:4
2026-02-01 14:10:36,208 - __main__ - INFO - Total cartes uniques trouvées: 27
2026-02-01 14:10:36,210 - __main__ - INFO - Page 4: 27 cartes trouvées
2026-02-01 14:10:36,315 - __main__ - INFO - ✅ PAGE 4: 25 annonces valides, 2 invalides
2026-02-01 14:10:36,354 - __main__ - INFO - ✅ Page 4: 25 annonces trouvées
2026-02-01 14:10:36,354 - __main__ - INFO - 🔍 Extraction des détails pour 25 annonces...
2026-02-01 14:10:49,570 - __main__ - INFO -   📊 Détails: 5/25 (20%)
2026-02-01 14:11:03,240 - __main__ - INFO -   📊 Détails: 10/25 (40%)
2026-02-01 14:11:16,991 - __main__ - INFO -   📊 Détails: 15/25 (60%)
2026-02-01 14:11:30,401 - __main__ - INFO -   📊 Détails: 20/25 (80%)
2026-02-01 14:11:44,193 - __main__ - INFO -   📊 Détails: 25/25 (100%)
2026-02-01 14:11:44,503 - __main__ - INFO - 📈 La Marsa: 121/121 annonces accumulées
2026-02-01 14:11:44,503 - __main__ - INFO - 🎯 OBJECTIF ATTEINT POUR La Marsa: 121 annonces
2026-02-01 14:11:44,503 - __main__ - INFO - ✅ FIN SCRAPING La Marsa: 121 annonces
2026-02-01 14:11:44,503 - __main__ - INFO - ✅ La Marsa: 121 annonces scrapées
2026-02-01 14:11:44,530 - __main__ - INFO - ✅ CSV SAUVEGARDÉ: mubawab_locaux_commerciaux_vente_complet_20260201_141144.csv
2026-02-01 14:11:44,572 - __main__ - INFO - ✅ JSON SAUVEGARDÉ: mubawab_locaux_commerciaux_vente_complet_20260201_141144.json
