2026-01-31 22:16:33,741 - __main__ - INFO - 🚀 DÉBUT SCRAPING COMPLET - 6 RÉGIONS
2026-01-31 22:16:33,743 - __main__ - INFO - 
============================================================
2026-01-31 22:16:33,744 - __main__ - INFO - 🎯 DÉBUT RÉGION: La Marsa
2026-01-31 22:16:33,745 - __main__ - INFO - ============================================================
2026-01-31 22:16:33,745 - __main__ - INFO - 🚀 DÉBUT SCRAPING RÉGION: La Marsa
2026-01-31 22:16:33,750 - __main__ - INFO - Détection pour: https://www.mubawab.tn/fr/st/la-marsa/bureaux-et-commerces-a-louer
2026-01-31 22:16:37,020 - __main__ - INFO - ✅ Détecté: 654 annonces au total
2026-01-31 22:16:37,063 - __main__ - INFO - 📊 Estimation: 19 pages à 35 annonces/page
2026-01-31 22:16:37,063 - __main__ - INFO - 📊 La Marsa: 654 annonces détectées
2026-01-31 22:16:37,063 - __main__ - INFO - 📄 Objectif: 654 annonces sur 19/19 pages
2026-01-31 22:16:37,063 - __main__ - INFO - 📈 Estimation: 35 annonces par page
2026-01-31 22:16:37,063 - __main__ - INFO - 📄 SCRAPING PAGE 1: https://www.mubawab.tn/fr/st/la-marsa/bureaux-et-commerces-a-louer
2026-01-31 22:16:39,399 - __main__ - INFO - Total cartes uniques trouvées: 68
2026-01-31 22:16:39,399 - __main__ - INFO - Page 1: 68 cartes trouvées
2026-01-31 22:16:39,984 - __main__ - INFO - ✅ PAGE 1: 33 annonces valides, 35 invalides
2026-01-31 22:16:40,050 - __main__ - INFO - ✅ Page 1: 33 annonces trouvées
2026-01-31 22:16:40,050 - __main__ - INFO - 🔍 Extraction des détails pour 33 annonces...
2026-01-31 22:16:55,855 - __main__ - INFO -   📊 Détails: 5/33 (15%)
2026-01-31 22:17:14,096 - __main__ - INFO -   📊 Détails: 10/33 (30%)
2026-01-31 22:17:33,621 - __main__ - INFO -   📊 Détails: 15/33 (45%)
2026-01-31 22:17:50,686 - __main__ - INFO -   📊 Détails: 20/33 (61%)
2026-01-31 22:18:06,797 - __main__ - INFO -   📊 Détails: 25/33 (76%)
2026-01-31 22:18:21,744 - __main__ - INFO -   📊 Détails: 30/33 (91%)
2026-01-31 22:18:31,481 - __main__ - INFO -   📊 Détails: 33/33 (100%)
2026-01-31 22:18:31,794 - __main__ - INFO - 📈 La Marsa: 33/654 annonces accumulées
2026-01-31 22:18:31,794 - __main__ - INFO - ⏳ Pause de 2s avant page 2...
2026-01-31 22:18:33,798 - __main__ - INFO - 📄 SCRAPING PAGE 2: https://www.mubawab.tn/fr/st/la-marsa/bureaux-et-commerces-a-louer:p:2
2026-01-31 22:18:36,076 - __main__ - INFO - Total cartes uniques trouvées: 68
2026-01-31 22:18:36,076 - __main__ - INFO - Page 2: 68 cartes trouvées
2026-01-31 22:18:36,481 - __main__ - INFO - ✅ PAGE 2: 33 annonces valides, 35 invalides
2026-01-31 22:18:36,541 - __main__ - INFO - ✅ Page 2: 33 annonces trouvées
2026-01-31 22:18:36,541 - __main__ - INFO - 🔍 Extraction des détails pour 33 annonces...
2026-01-31 22:18:51,750 - __main__ - INFO -   📊 Détails: 5/33 (15%)
2026-01-31 22:19:08,696 - __main__ - INFO -   📊 Détails: 10/33 (30%)
2026-01-31 22:19:23,906 - __main__ - INFO -   📊 Détails: 15/33 (45%)
2026-01-31 22:19:38,740 - __main__ - INFO -   📊 Détails: 20/33 (61%)
2026-01-31 22:19:53,637 - __main__ - INFO -   📊 Détails: 25/33 (76%)
2026-01-31 22:20:08,518 - __main__ - INFO -   📊 Détails: 30/33 (91%)
2026-01-31 22:20:17,419 - __main__ - INFO -   📊 Détails: 33/33 (100%)
2026-01-31 22:20:17,722 - __main__ - INFO - 📈 La Marsa: 66/654 annonces accumulées
2026-01-31 22:20:17,722 - __main__ - INFO - ⏳ Pause de 2s avant page 3...
2026-01-31 22:20:19,740 - __main__ - INFO - 📄 SCRAPING PAGE 3: https://www.mubawab.tn/fr/st/la-marsa/bureaux-et-commerces-a-louer:p:3
2026-01-31 22:20:21,961 - __main__ - INFO - Total cartes uniques trouvées: 68
2026-01-31 22:20:21,961 - __main__ - INFO - Page 3: 68 cartes trouvées
2026-01-31 22:20:22,379 - __main__ - INFO - ✅ PAGE 3: 33 annonces valides, 35 invalides
2026-01-31 22:20:22,433 - __main__ - INFO - ✅ Page 3: 33 annonces trouvées
2026-01-31 22:20:22,433 - __main__ - INFO - 🔍 Extraction des détails pour 33 annonces...
2026-01-31 22:20:36,938 - __main__ - INFO -   📊 Détails: 5/33 (15%)
2026-01-31 22:20:51,306 - __main__ - INFO -   📊 Détails: 10/33 (30%)
2026-01-31 22:21:06,103 - __main__ - INFO -   📊 Détails: 15/33 (45%)
2026-01-31 22:21:21,839 - __main__ - INFO -   📊 Détails: 20/33 (61%)
2026-01-31 22:21:37,016 - __main__ - INFO -   📊 Détails: 25/33 (76%)
2026-01-31 22:21:51,605 - __main__ - INFO -   📊 Détails: 30/33 (91%)
2026-01-31 22:22:00,215 - __main__ - INFO -   📊 Détails: 33/33 (100%)
2026-01-31 22:22:00,530 - __main__ - INFO - 📈 La Marsa: 99/654 annonces accumulées
2026-01-31 22:22:00,530 - __main__ - INFO - ⏳ Pause de 2s avant page 4...
2026-01-31 22:22:02,532 - __main__ - INFO - 📄 SCRAPING PAGE 4: https://www.mubawab.tn/fr/st/la-marsa/bureaux-et-commerces-a-louer:p:4
2026-01-31 22:22:04,845 - __main__ - INFO - Total cartes uniques trouvées: 68
2026-01-31 22:22:04,845 - __main__ - INFO - Page 4: 68 cartes trouvées
2026-01-31 22:22:05,293 - __main__ - INFO - ✅ PAGE 4: 32 annonces valides, 36 invalides
2026-01-31 22:22:05,345 - __main__ - INFO - ✅ Page 4: 32 annonces trouvées
2026-01-31 22:22:05,345 - __main__ - INFO - 🔍 Extraction des détails pour 32 annonces...
2026-01-31 22:22:21,049 - __main__ - INFO -   📊 Détails: 5/32 (16%)
2026-01-31 22:22:35,596 - __main__ - INFO -   📊 Détails: 10/32 (31%)
2026-01-31 22:22:49,943 - __main__ - INFO -   📊 Détails: 15/32 (47%)
2026-01-31 22:23:04,745 - __main__ - INFO -   📊 Détails: 20/32 (62%)
2026-01-31 22:23:19,533 - __main__ - INFO -   📊 Détails: 25/32 (78%)
2026-01-31 22:23:34,482 - __main__ - INFO -   📊 Détails: 30/32 (94%)
2026-01-31 22:23:40,370 - __main__ - INFO -   📊 Détails: 32/32 (100%)
2026-01-31 22:23:40,675 - __main__ - INFO - 📈 La Marsa: 131/654 annonces accumulées
2026-01-31 22:23:40,675 - __main__ - INFO - ⏳ Pause de 4s avant page 5...
2026-01-31 22:23:44,677 - __main__ - INFO - 📄 SCRAPING PAGE 5: https://www.mubawab.tn/fr/st/la-marsa/bureaux-et-commerces-a-louer:p:5
2026-01-31 22:23:46,935 - __main__ - INFO - Total cartes uniques trouvées: 68
2026-01-31 22:23:46,951 - __main__ - INFO - Page 5: 68 cartes trouvées
2026-01-31 22:23:47,375 - __main__ - INFO - ✅ PAGE 5: 33 annonces valides, 35 invalides
2026-01-31 22:23:47,426 - __main__ - INFO - ✅ Page 5: 33 annonces trouvées
2026-01-31 22:23:47,426 - __main__ - INFO - 🔍 Extraction des détails pour 33 annonces...
2026-01-31 22:24:01,699 - __main__ - INFO -   📊 Détails: 5/33 (15%)
2026-01-31 22:24:16,602 - __main__ - INFO -   📊 Détails: 10/33 (30%)
2026-01-31 22:24:31,474 - __main__ - INFO -   📊 Détails: 15/33 (45%)
2026-01-31 22:24:46,447 - __main__ - INFO -   📊 Détails: 20/33 (61%)
2026-01-31 22:25:01,259 - __main__ - INFO -   📊 Détails: 25/33 (76%)
2026-01-31 22:25:15,923 - __main__ - INFO -   📊 Détails: 30/33 (91%)
2026-01-31 22:25:24,680 - __main__ - INFO -   📊 Détails: 33/33 (100%)
2026-01-31 22:25:24,985 - __main__ - INFO - 📈 La Marsa: 164/654 annonces accumulées
2026-01-31 22:25:24,985 - __main__ - INFO - ⏳ Pause de 2s avant page 6...
2026-01-31 22:25:27,016 - __main__ - INFO - 📄 SCRAPING PAGE 6: https://www.mubawab.tn/fr/st/la-marsa/bureaux-et-commerces-a-louer:p:6
2026-01-31 22:25:30,447 - __main__ - INFO - Total cartes uniques trouvées: 68
2026-01-31 22:25:30,447 - __main__ - INFO - Page 6: 68 cartes trouvées
2026-01-31 22:25:30,916 - __main__ - INFO - ✅ PAGE 6: 33 annonces valides, 35 invalides
2026-01-31 22:25:30,973 - __main__ - INFO - ✅ Page 6: 33 annonces trouvées
2026-01-31 22:25:30,973 - __main__ - INFO - 🔍 Extraction des détails pour 33 annonces...
2026-01-31 22:25:46,786 - __main__ - INFO -   📊 Détails: 5/33 (15%)
2026-01-31 22:26:01,838 - __main__ - INFO -   📊 Détails: 10/33 (30%)
2026-01-31 22:26:16,867 - __main__ - INFO -   📊 Détails: 15/33 (45%)
2026-01-31 22:26:32,221 - __main__ - INFO -   📊 Détails: 20/33 (61%)
2026-01-31 22:26:47,371 - __main__ - INFO -   📊 Détails: 25/33 (76%)
2026-01-31 22:27:02,257 - __main__ - INFO -   📊 Détails: 30/33 (91%)
2026-01-31 22:27:12,018 - __main__ - INFO -   📊 Détails: 33/33 (100%)
2026-01-31 22:27:12,321 - __main__ - INFO - 📈 La Marsa: 197/654 annonces accumulées
2026-01-31 22:27:12,321 - __main__ - INFO - ⏳ Pause de 2s avant page 7...
2026-01-31 22:27:14,324 - __main__ - INFO - 📄 SCRAPING PAGE 7: https://www.mubawab.tn/fr/st/la-marsa/bureaux-et-commerces-a-louer:p:7
2026-01-31 22:27:16,507 - __main__ - INFO - Total cartes uniques trouvées: 69
2026-01-31 22:27:16,507 - __main__ - INFO - Page 7: 69 cartes trouvées
2026-01-31 22:27:17,070 - __main__ - INFO - ✅ PAGE 7: 34 annonces valides, 35 invalides
2026-01-31 22:27:17,126 - __main__ - INFO - ✅ Page 7: 34 annonces trouvées
2026-01-31 22:27:17,127 - __main__ - INFO - 🔍 Extraction des détails pour 34 annonces...
2026-01-31 22:27:31,426 - __main__ - INFO -   📊 Détails: 5/34 (15%)
2026-01-31 22:27:52,557 - __main__ - INFO -   📊 Détails: 10/34 (29%)
2026-01-31 22:28:10,624 - __main__ - INFO -   📊 Détails: 15/34 (44%)
2026-01-31 22:28:25,419 - __main__ - INFO -   📊 Détails: 20/34 (59%)
2026-01-31 22:28:41,843 - __main__ - INFO -   📊 Détails: 25/34 (74%)
2026-01-31 22:29:12,881 - __main__ - INFO -   📊 Détails: 30/34 (88%)
2026-01-31 22:29:25,190 - __main__ - INFO -   📊 Détails: 34/34 (100%)
2026-01-31 22:29:25,492 - __main__ - INFO - 📈 La Marsa: 231/654 annonces accumulées
2026-01-31 22:29:25,492 - __main__ - INFO - ⏳ Pause de 2s avant page 8...
2026-01-31 22:29:27,493 - __main__ - INFO - 📄 SCRAPING PAGE 8: https://www.mubawab.tn/fr/st/la-marsa/bureaux-et-commerces-a-louer:p:8
2026-01-31 22:29:29,821 - __main__ - INFO - Total cartes uniques trouvées: 68
2026-01-31 22:29:29,821 - __main__ - INFO - Page 8: 68 cartes trouvées
2026-01-31 22:29:30,291 - __main__ - INFO - ✅ PAGE 8: 33 annonces valides, 35 invalides
2026-01-31 22:29:30,354 - __main__ - INFO - ✅ Page 8: 33 annonces trouvées
2026-01-31 22:29:30,355 - __main__ - INFO - 🔍 Extraction des détails pour 33 annonces...
2026-01-31 22:29:44,930 - __main__ - INFO -   📊 Détails: 5/33 (15%)
2026-01-31 22:29:59,623 - __main__ - INFO -   📊 Détails: 10/33 (30%)
2026-01-31 22:30:14,329 - __main__ - INFO -   📊 Détails: 15/33 (45%)
2026-01-31 22:30:30,264 - __main__ - INFO -   📊 Détails: 20/33 (61%)
2026-01-31 22:30:46,249 - __main__ - INFO -   📊 Détails: 25/33 (76%)
2026-01-31 22:31:13,851 - __main__ - INFO -   📊 Détails: 30/33 (91%)
2026-01-31 22:31:25,105 - __main__ - INFO -   📊 Détails: 33/33 (100%)
2026-01-31 22:31:25,407 - __main__ - INFO - 📈 La Marsa: 264/654 annonces accumulées
2026-01-31 22:31:25,407 - __main__ - INFO - ⏳ Pause de 2s avant page 9...
2026-01-31 22:31:27,408 - __main__ - INFO - 📄 SCRAPING PAGE 9: https://www.mubawab.tn/fr/st/la-marsa/bureaux-et-commerces-a-louer:p:9
2026-01-31 22:31:29,914 - __main__ - INFO - Total cartes uniques trouvées: 68
2026-01-31 22:31:29,914 - __main__ - INFO - Page 9: 68 cartes trouvées
2026-01-31 22:31:30,388 - __main__ - INFO - ✅ PAGE 9: 33 annonces valides, 35 invalides
2026-01-31 22:31:30,459 - __main__ - INFO - ✅ Page 9: 33 annonces trouvées
2026-01-31 22:31:30,459 - __main__ - INFO - 🔍 Extraction des détails pour 33 annonces...
2026-01-31 22:31:45,177 - __main__ - INFO -   📊 Détails: 5/33 (15%)
2026-01-31 22:32:00,254 - __main__ - INFO -   📊 Détails: 10/33 (30%)
2026-01-31 22:32:15,314 - __main__ - INFO -   📊 Détails: 15/33 (45%)
2026-01-31 22:32:30,898 - __main__ - INFO -   📊 Détails: 20/33 (61%)
2026-01-31 22:32:46,170 - __main__ - INFO -   📊 Détails: 25/33 (76%)
2026-01-31 22:33:01,348 - __main__ - INFO -   📊 Détails: 30/33 (91%)
2026-01-31 22:33:10,057 - __main__ - INFO -   📊 Détails: 33/33 (100%)
2026-01-31 22:33:10,365 - __main__ - INFO - 📈 La Marsa: 297/654 annonces accumulées
2026-01-31 22:33:10,365 - __main__ - INFO - ⏳ Pause de 4s avant page 10...
2026-01-31 22:33:14,366 - __main__ - INFO - 📄 SCRAPING PAGE 10: https://www.mubawab.tn/fr/st/la-marsa/bureaux-et-commerces-a-louer:p:10
2026-01-31 22:33:16,716 - __main__ - INFO - Total cartes uniques trouvées: 68
2026-01-31 22:33:16,716 - __main__ - INFO - Page 10: 68 cartes trouvées
2026-01-31 22:33:17,313 - __main__ - INFO - ✅ PAGE 10: 33 annonces valides, 35 invalides
2026-01-31 22:33:17,381 - __main__ - INFO - ✅ Page 10: 33 annonces trouvées
2026-01-31 22:33:17,382 - __main__ - INFO - 🔍 Extraction des détails pour 33 annonces...
2026-01-31 22:33:32,170 - __main__ - INFO -   📊 Détails: 5/33 (15%)
2026-01-31 22:33:46,966 - __main__ - INFO -   📊 Détails: 10/33 (30%)
2026-01-31 22:34:02,489 - __main__ - INFO -   📊 Détails: 15/33 (45%)
2026-01-31 22:34:17,702 - __main__ - INFO -   📊 Détails: 20/33 (61%)
2026-01-31 22:34:32,850 - __main__ - INFO -   📊 Détails: 25/33 (76%)
2026-01-31 22:34:48,471 - __main__ - INFO -   📊 Détails: 30/33 (91%)
2026-01-31 22:34:57,471 - __main__ - INFO -   📊 Détails: 33/33 (100%)
2026-01-31 22:34:57,783 - __main__ - INFO - 📈 La Marsa: 330/654 annonces accumulées
2026-01-31 22:34:57,783 - __main__ - INFO - ⏳ Pause de 2s avant page 11...
2026-01-31 22:34:59,785 - __main__ - INFO - 📄 SCRAPING PAGE 11: https://www.mubawab.tn/fr/st/la-marsa/bureaux-et-commerces-a-louer:p:11
2026-01-31 22:35:02,237 - __main__ - INFO - Total cartes uniques trouvées: 68
2026-01-31 22:35:02,237 - __main__ - INFO - Page 11: 68 cartes trouvées
2026-01-31 22:35:02,731 - __main__ - INFO - ✅ PAGE 11: 33 annonces valides, 35 invalides
2026-01-31 22:35:02,808 - __main__ - INFO - ✅ Page 11: 33 annonces trouvées
2026-01-31 22:35:02,808 - __main__ - INFO - 🔍 Extraction des détails pour 33 annonces...
2026-01-31 22:35:17,372 - __main__ - INFO -   📊 Détails: 5/33 (15%)
2026-01-31 22:35:32,572 - __main__ - INFO -   📊 Détails: 10/33 (30%)
2026-01-31 22:35:48,097 - __main__ - INFO -   📊 Détails: 15/33 (45%)
2026-01-31 22:36:04,810 - __main__ - INFO -   📊 Détails: 20/33 (61%)
2026-01-31 22:36:21,189 - __main__ - INFO -   📊 Détails: 25/33 (76%)
2026-01-31 22:36:36,018 - __main__ - INFO -   📊 Détails: 30/33 (91%)
2026-01-31 22:36:45,143 - __main__ - INFO -   📊 Détails: 33/33 (100%)
2026-01-31 22:36:45,451 - __main__ - INFO - 📈 La Marsa: 363/654 annonces accumulées
2026-01-31 22:36:45,451 - __main__ - INFO - ⏳ Pause de 2s avant page 12...
2026-01-31 22:36:47,452 - __main__ - INFO - 📄 SCRAPING PAGE 12: https://www.mubawab.tn/fr/st/la-marsa/bureaux-et-commerces-a-louer:p:12
2026-01-31 22:36:49,974 - __main__ - INFO - Total cartes uniques trouvées: 69
2026-01-31 22:36:49,974 - __main__ - INFO - Page 12: 69 cartes trouvées
2026-01-31 22:36:50,497 - __main__ - INFO - ✅ PAGE 12: 33 annonces valides, 36 invalides
2026-01-31 22:36:50,567 - __main__ - INFO - ✅ Page 12: 33 annonces trouvées
2026-01-31 22:36:50,567 - __main__ - INFO - 🔍 Extraction des détails pour 33 annonces...
2026-01-31 22:37:06,026 - __main__ - INFO -   📊 Détails: 5/33 (15%)
2026-01-31 22:37:21,736 - __main__ - INFO -   📊 Détails: 10/33 (30%)
2026-01-31 22:37:36,608 - __main__ - INFO -   📊 Détails: 15/33 (45%)
2026-01-31 22:37:51,745 - __main__ - INFO -   📊 Détails: 20/33 (61%)
2026-01-31 22:38:07,743 - __main__ - INFO -   📊 Détails: 25/33 (76%)
2026-01-31 22:38:22,669 - __main__ - INFO -   📊 Détails: 30/33 (91%)
2026-01-31 22:38:31,854 - __main__ - INFO -   📊 Détails: 33/33 (100%)
2026-01-31 22:38:32,162 - __main__ - INFO - 📈 La Marsa: 396/654 annonces accumulées
2026-01-31 22:38:32,162 - __main__ - INFO - ⏳ Pause de 2s avant page 13...
2026-01-31 22:38:34,165 - __main__ - INFO - 📄 SCRAPING PAGE 13: https://www.mubawab.tn/fr/st/la-marsa/bureaux-et-commerces-a-louer:p:13
2026-01-31 22:38:36,819 - __main__ - INFO - Total cartes uniques trouvées: 68
2026-01-31 22:38:36,819 - __main__ - INFO - Page 13: 68 cartes trouvées
2026-01-31 22:38:37,279 - __main__ - INFO - ✅ PAGE 13: 33 annonces valides, 35 invalides
2026-01-31 22:38:37,350 - __main__ - INFO - ✅ Page 13: 33 annonces trouvées
2026-01-31 22:38:37,351 - __main__ - INFO - 🔍 Extraction des détails pour 33 annonces...
2026-01-31 22:38:52,320 - __main__ - INFO -   📊 Détails: 5/33 (15%)
2026-01-31 22:39:07,080 - __main__ - INFO -   📊 Détails: 10/33 (30%)
2026-01-31 22:39:23,422 - __main__ - INFO -   📊 Détails: 15/33 (45%)
2026-01-31 22:39:41,075 - __main__ - INFO -   📊 Détails: 20/33 (61%)
2026-01-31 22:39:56,224 - __main__ - INFO -   📊 Détails: 25/33 (76%)
2026-01-31 22:40:11,842 - __main__ - INFO -   📊 Détails: 30/33 (91%)
2026-01-31 22:40:21,130 - __main__ - INFO -   📊 Détails: 33/33 (100%)
2026-01-31 22:40:21,445 - __main__ - INFO - 📈 La Marsa: 429/654 annonces accumulées
2026-01-31 22:40:21,445 - __main__ - INFO - ⏳ Pause de 2s avant page 14...
2026-01-31 22:40:23,446 - __main__ - INFO - 📄 SCRAPING PAGE 14: https://www.mubawab.tn/fr/st/la-marsa/bureaux-et-commerces-a-louer:p:14
2026-01-31 22:40:25,791 - __main__ - INFO - Total cartes uniques trouvées: 69
2026-01-31 22:40:25,791 - __main__ - INFO - Page 14: 69 cartes trouvées
2026-01-31 22:40:26,290 - __main__ - INFO - ✅ PAGE 14: 33 annonces valides, 36 invalides
2026-01-31 22:40:26,354 - __main__ - INFO - ✅ Page 14: 33 annonces trouvées
2026-01-31 22:40:26,355 - __main__ - INFO - 🔍 Extraction des détails pour 33 annonces...
2026-01-31 22:40:40,641 - __main__ - INFO -   📊 Détails: 5/33 (15%)
2026-01-31 22:40:55,698 - __main__ - INFO -   📊 Détails: 10/33 (30%)
2026-01-31 22:41:12,364 - __main__ - INFO -   📊 Détails: 15/33 (45%)
2026-01-31 22:41:29,108 - __main__ - INFO -   📊 Détails: 20/33 (61%)
2026-01-31 22:41:45,247 - __main__ - INFO -   📊 Détails: 25/33 (76%)
2026-01-31 22:42:01,479 - __main__ - INFO -   📊 Détails: 30/33 (91%)
2026-01-31 22:42:10,715 - __main__ - INFO -   📊 Détails: 33/33 (100%)
2026-01-31 22:42:11,016 - __main__ - INFO - 📈 La Marsa: 462/654 annonces accumulées
2026-01-31 22:42:11,016 - __main__ - INFO - ⏳ Pause de 4s avant page 15...
2026-01-31 22:42:15,017 - __main__ - INFO - 📄 SCRAPING PAGE 15: https://www.mubawab.tn/fr/st/la-marsa/bureaux-et-commerces-a-louer:p:15
2026-01-31 22:42:17,790 - __main__ - INFO - Total cartes uniques trouvées: 68
2026-01-31 22:42:17,790 - __main__ - INFO - Page 15: 68 cartes trouvées
2026-01-31 22:42:18,201 - __main__ - INFO - ✅ PAGE 15: 33 annonces valides, 35 invalides
2026-01-31 22:42:18,282 - __main__ - INFO - ✅ Page 15: 33 annonces trouvées
2026-01-31 22:42:18,282 - __main__ - INFO - 🔍 Extraction des détails pour 33 annonces...
2026-01-31 22:42:34,774 - __main__ - INFO -   📊 Détails: 5/33 (15%)
2026-01-31 22:42:51,535 - __main__ - INFO -   📊 Détails: 10/33 (30%)
2026-01-31 22:43:07,539 - __main__ - INFO -   📊 Détails: 15/33 (45%)
2026-01-31 22:43:23,875 - __main__ - INFO -   📊 Détails: 20/33 (61%)
2026-01-31 22:43:39,710 - __main__ - INFO -   📊 Détails: 25/33 (76%)
2026-01-31 22:43:54,640 - __main__ - INFO -   📊 Détails: 30/33 (91%)
2026-01-31 22:44:03,794 - __main__ - INFO -   📊 Détails: 33/33 (100%)
2026-01-31 22:44:04,106 - __main__ - INFO - 📈 La Marsa: 495/654 annonces accumulées
2026-01-31 22:44:04,106 - __main__ - INFO - ⏳ Pause de 2s avant page 16...
2026-01-31 22:44:06,107 - __main__ - INFO - 📄 SCRAPING PAGE 16: https://www.mubawab.tn/fr/st/la-marsa/bureaux-et-commerces-a-louer:p:16
2026-01-31 22:44:08,488 - __main__ - INFO - Total cartes uniques trouvées: 69
2026-01-31 22:44:08,500 - __main__ - INFO - Page 16: 69 cartes trouvées
2026-01-31 22:44:08,959 - __main__ - INFO - ✅ PAGE 16: 33 annonces valides, 36 invalides
2026-01-31 22:44:09,031 - __main__ - INFO - ✅ Page 16: 33 annonces trouvées
2026-01-31 22:44:09,032 - __main__ - INFO - 🔍 Extraction des détails pour 33 annonces...
2026-01-31 22:44:24,870 - __main__ - INFO -   📊 Détails: 5/33 (15%)
2026-01-31 22:44:41,158 - __main__ - INFO -   📊 Détails: 10/33 (30%)
2026-01-31 22:44:56,242 - __main__ - INFO -   📊 Détails: 15/33 (45%)
2026-01-31 22:45:12,076 - __main__ - INFO -   📊 Détails: 20/33 (61%)
2026-01-31 22:45:27,131 - __main__ - INFO -   📊 Détails: 25/33 (76%)
2026-01-31 22:45:42,885 - __main__ - INFO -   📊 Détails: 30/33 (91%)
2026-01-31 22:45:52,300 - __main__ - INFO -   📊 Détails: 33/33 (100%)
2026-01-31 22:45:52,616 - __main__ - INFO - 📈 La Marsa: 528/654 annonces accumulées
2026-01-31 22:45:52,616 - __main__ - INFO - ⏳ Pause de 2s avant page 17...
2026-01-31 22:45:54,618 - __main__ - INFO - 📄 SCRAPING PAGE 17: https://www.mubawab.tn/fr/st/la-marsa/bureaux-et-commerces-a-louer:p:17
2026-01-31 22:45:56,936 - __main__ - INFO - Total cartes uniques trouvées: 68
2026-01-31 22:45:56,936 - __main__ - INFO - Page 17: 68 cartes trouvées
2026-01-31 22:45:57,403 - __main__ - INFO - ✅ PAGE 17: 33 annonces valides, 35 invalides
2026-01-31 22:45:57,477 - __main__ - INFO - ✅ Page 17: 33 annonces trouvées
2026-01-31 22:45:57,477 - __main__ - INFO - 🔍 Extraction des détails pour 33 annonces...
2026-01-31 22:46:12,634 - __main__ - INFO -   📊 Détails: 5/33 (15%)
2026-01-31 22:46:27,572 - __main__ - INFO -   📊 Détails: 10/33 (30%)
2026-01-31 22:46:42,247 - __main__ - INFO -   📊 Détails: 15/33 (45%)
2026-01-31 22:46:57,110 - __main__ - INFO -   📊 Détails: 20/33 (61%)
2026-01-31 22:47:11,784 - __main__ - INFO -   📊 Détails: 25/33 (76%)
2026-01-31 22:47:26,381 - __main__ - INFO -   📊 Détails: 30/33 (91%)
2026-01-31 22:47:35,186 - __main__ - INFO -   📊 Détails: 33/33 (100%)
2026-01-31 22:47:35,503 - __main__ - INFO - 📈 La Marsa: 561/654 annonces accumulées
2026-01-31 22:47:35,503 - __main__ - INFO - ⏳ Pause de 2s avant page 18...
2026-01-31 22:47:37,549 - __main__ - INFO - 📄 SCRAPING PAGE 18: https://www.mubawab.tn/fr/st/la-marsa/bureaux-et-commerces-a-louer:p:18
2026-01-31 22:47:39,876 - __main__ - INFO - Total cartes uniques trouvées: 68
2026-01-31 22:47:39,876 - __main__ - INFO - Page 18: 68 cartes trouvées
2026-01-31 22:47:40,327 - __main__ - INFO - ✅ PAGE 18: 33 annonces valides, 35 invalides
2026-01-31 22:47:40,391 - __main__ - INFO - ✅ Page 18: 33 annonces trouvées
2026-01-31 22:47:40,392 - __main__ - INFO - 🔍 Extraction des détails pour 33 annonces...
2026-01-31 22:47:56,563 - __main__ - INFO -   📊 Détails: 5/33 (15%)
2026-01-31 22:48:15,049 - __main__ - INFO -   📊 Détails: 10/33 (30%)
2026-01-31 22:48:33,458 - __main__ - INFO -   📊 Détails: 15/33 (45%)
2026-01-31 22:48:50,838 - __main__ - INFO -   📊 Détails: 20/33 (61%)
2026-01-31 22:49:06,368 - __main__ - INFO -   📊 Détails: 25/33 (76%)
2026-01-31 22:49:21,435 - __main__ - INFO -   📊 Détails: 30/33 (91%)
2026-01-31 22:49:34,125 - __main__ - INFO -   📊 Détails: 33/33 (100%)
2026-01-31 22:49:34,428 - __main__ - INFO - 📈 La Marsa: 594/654 annonces accumulées
2026-01-31 22:49:34,428 - __main__ - INFO - ⏳ Pause de 2s avant page 19...
2026-01-31 22:49:36,429 - __main__ - INFO - 📄 SCRAPING PAGE 19: https://www.mubawab.tn/fr/st/la-marsa/bureaux-et-commerces-a-louer:p:19
2026-01-31 22:49:38,795 - __main__ - INFO - Total cartes uniques trouvées: 69
2026-01-31 22:49:38,795 - __main__ - INFO - Page 19: 69 cartes trouvées
2026-01-31 22:49:39,197 - __main__ - INFO - ✅ PAGE 19: 33 annonces valides, 36 invalides
2026-01-31 22:49:39,257 - __main__ - INFO - ✅ Page 19: 33 annonces trouvées
2026-01-31 22:49:39,257 - __main__ - INFO - 🔍 Extraction des détails pour 33 annonces...
2026-01-31 22:49:55,175 - __main__ - INFO -   📊 Détails: 5/33 (15%)
2026-01-31 22:50:11,725 - __main__ - INFO -   📊 Détails: 10/33 (30%)
2026-01-31 22:50:35,112 - __main__ - INFO -   📊 Détails: 15/33 (45%)
2026-01-31 22:50:51,831 - __main__ - INFO -   📊 Détails: 20/33 (61%)
2026-01-31 22:51:07,594 - __main__ - INFO -   📊 Détails: 25/33 (76%)
2026-01-31 22:51:23,192 - __main__ - INFO -   📊 Détails: 30/33 (91%)
2026-01-31 22:51:32,103 - __main__ - INFO -   📊 Détails: 33/33 (100%)
2026-01-31 22:51:32,413 - __main__ - INFO - 📈 La Marsa: 627/654 annonces accumulées
2026-01-31 22:51:32,413 - __main__ - INFO - 📄 DERNIÈRE PAGE ATTEINTE POUR La Marsa
2026-01-31 22:51:32,413 - __main__ - INFO - ✅ FIN SCRAPING La Marsa: 627 annonces
2026-01-31 22:51:32,413 - __main__ - INFO - ✅ La Marsa: 627 annonces scrapées
2026-01-31 22:51:32,415 - __main__ - INFO - ⏳ Pause de 5s avant région suivante...
2026-01-31 22:51:37,416 - __main__ - INFO - 
============================================================
2026-01-31 22:51:37,416 - __main__ - INFO - 🎯 DÉBUT RÉGION: Tunis
2026-01-31 22:51:37,416 - __main__ - INFO - ============================================================
2026-01-31 22:51:37,416 - __main__ - INFO - 🚀 DÉBUT SCRAPING RÉGION: Tunis
2026-01-31 22:51:37,416 - __main__ - INFO - Détection pour: https://www.mubawab.tn/fr/st/tunis/bureaux-et-commerces-a-louer
2026-01-31 22:51:39,204 - __main__ - INFO - ✅ Détecté: 209 annonces au total
2026-01-31 22:51:39,317 - __main__ - INFO - 📊 Estimation: 6 pages à 35 annonces/page
2026-01-31 22:51:39,321 - __main__ - INFO - 📊 Tunis: 209 annonces détectées
2026-01-31 22:51:39,323 - __main__ - INFO - 📄 Objectif: 209 annonces sur 6/6 pages
2026-01-31 22:51:39,323 - __main__ - INFO - 📈 Estimation: 35 annonces par page
2026-01-31 22:51:39,332 - __main__ - INFO - 📄 SCRAPING PAGE 1: https://www.mubawab.tn/fr/st/tunis/bureaux-et-commerces-a-louer
2026-01-31 22:51:41,965 - __main__ - INFO - Total cartes uniques trouvées: 68
2026-01-31 22:51:41,965 - __main__ - INFO - Page 1: 68 cartes trouvées
2026-01-31 22:51:42,417 - __main__ - INFO - ✅ PAGE 1: 33 annonces valides, 35 invalides
2026-01-31 22:51:42,480 - __main__ - INFO - ✅ Page 1: 33 annonces trouvées
2026-01-31 22:51:42,480 - __main__ - INFO - 🔍 Extraction des détails pour 33 annonces...
2026-01-31 22:51:58,580 - __main__ - INFO -   📊 Détails: 5/33 (15%)
2026-01-31 22:52:14,239 - __main__ - INFO -   📊 Détails: 10/33 (30%)
2026-01-31 22:52:30,780 - __main__ - INFO -   📊 Détails: 15/33 (45%)
2026-01-31 22:52:47,276 - __main__ - INFO -   📊 Détails: 20/33 (61%)
2026-01-31 22:53:02,968 - __main__ - INFO -   📊 Détails: 25/33 (76%)
2026-01-31 22:53:18,007 - __main__ - INFO -   📊 Détails: 30/33 (91%)
2026-01-31 22:53:27,111 - __main__ - INFO -   📊 Détails: 33/33 (100%)
2026-01-31 22:53:27,413 - __main__ - INFO - 📈 Tunis: 33/209 annonces accumulées
2026-01-31 22:53:27,413 - __main__ - INFO - ⏳ Pause de 2s avant page 2...
2026-01-31 22:53:29,415 - __main__ - INFO - 📄 SCRAPING PAGE 2: https://www.mubawab.tn/fr/st/tunis/bureaux-et-commerces-a-louer:p:2
2026-01-31 22:53:31,832 - __main__ - INFO - Total cartes uniques trouvées: 68
2026-01-31 22:53:31,832 - __main__ - INFO - Page 2: 68 cartes trouvées
2026-01-31 22:53:32,320 - __main__ - INFO - ✅ PAGE 2: 33 annonces valides, 35 invalides
2026-01-31 22:53:32,386 - __main__ - INFO - ✅ Page 2: 33 annonces trouvées
2026-01-31 22:53:32,387 - __main__ - INFO - 🔍 Extraction des détails pour 33 annonces...
2026-01-31 22:53:47,078 - __main__ - INFO -   📊 Détails: 5/33 (15%)
2026-01-31 22:54:01,847 - __main__ - INFO -   📊 Détails: 10/33 (30%)
2026-01-31 22:54:17,040 - __main__ - INFO -   📊 Détails: 15/33 (45%)
2026-01-31 22:54:32,233 - __main__ - INFO -   📊 Détails: 20/33 (61%)
2026-01-31 22:54:47,331 - __main__ - INFO -   📊 Détails: 25/33 (76%)
2026-01-31 22:55:02,135 - __main__ - INFO -   📊 Détails: 30/33 (91%)
2026-01-31 22:55:11,780 - __main__ - INFO -   📊 Détails: 33/33 (100%)
2026-01-31 22:55:12,082 - __main__ - INFO - 📈 Tunis: 66/209 annonces accumulées
2026-01-31 22:55:12,082 - __main__ - INFO - ⏳ Pause de 2s avant page 3...
2026-01-31 22:55:14,084 - __main__ - INFO - 📄 SCRAPING PAGE 3: https://www.mubawab.tn/fr/st/tunis/bureaux-et-commerces-a-louer:p:3
2026-01-31 22:55:16,325 - __main__ - INFO - Total cartes uniques trouvées: 68
2026-01-31 22:55:16,325 - __main__ - INFO - Page 3: 68 cartes trouvées
2026-01-31 22:55:16,782 - __main__ - INFO - ✅ PAGE 3: 33 annonces valides, 35 invalides
2026-01-31 22:55:16,853 - __main__ - INFO - ✅ Page 3: 33 annonces trouvées
2026-01-31 22:55:16,853 - __main__ - INFO - 🔍 Extraction des détails pour 33 annonces...
2026-01-31 22:55:32,815 - __main__ - INFO -   📊 Détails: 5/33 (15%)
2026-01-31 22:55:51,202 - __main__ - INFO -   📊 Détails: 10/33 (30%)
2026-01-31 22:56:06,371 - __main__ - INFO -   📊 Détails: 15/33 (45%)
2026-01-31 22:56:21,708 - __main__ - INFO -   📊 Détails: 20/33 (61%)
2026-01-31 22:56:36,488 - __main__ - INFO -   📊 Détails: 25/33 (76%)
2026-01-31 22:56:51,591 - __main__ - INFO -   📊 Détails: 30/33 (91%)
2026-01-31 22:57:01,208 - __main__ - INFO -   📊 Détails: 33/33 (100%)
2026-01-31 22:57:01,509 - __main__ - INFO - 📈 Tunis: 99/209 annonces accumulées
2026-01-31 22:57:01,509 - __main__ - INFO - ⏳ Pause de 2s avant page 4...
2026-01-31 22:57:03,511 - __main__ - INFO - 📄 SCRAPING PAGE 4: https://www.mubawab.tn/fr/st/tunis/bureaux-et-commerces-a-louer:p:4
2026-01-31 22:57:06,042 - __main__ - INFO - Total cartes uniques trouvées: 68
2026-01-31 22:57:06,042 - __main__ - INFO - Page 4: 68 cartes trouvées
2026-01-31 22:57:06,497 - __main__ - INFO - ✅ PAGE 4: 33 annonces valides, 35 invalides
2026-01-31 22:57:06,566 - __main__ - INFO - ✅ Page 4: 33 annonces trouvées
2026-01-31 22:57:06,567 - __main__ - INFO - 🔍 Extraction des détails pour 33 annonces...
2026-01-31 22:57:23,764 - __main__ - INFO -   📊 Détails: 5/33 (15%)
2026-01-31 22:57:42,761 - __main__ - INFO -   📊 Détails: 10/33 (30%)
2026-01-31 22:57:59,413 - __main__ - INFO -   📊 Détails: 15/33 (45%)
2026-01-31 22:58:16,161 - __main__ - INFO -   📊 Détails: 20/33 (61%)
2026-01-31 22:58:32,167 - __main__ - INFO -   📊 Détails: 25/33 (76%)
2026-01-31 22:58:48,012 - __main__ - INFO -   📊 Détails: 30/33 (91%)
2026-01-31 22:58:58,227 - __main__ - INFO -   📊 Détails: 33/33 (100%)
2026-01-31 22:58:58,528 - __main__ - INFO - 📈 Tunis: 132/209 annonces accumulées
2026-01-31 22:58:58,528 - __main__ - INFO - ⏳ Pause de 4s avant page 5...
2026-01-31 22:59:02,530 - __main__ - INFO - 📄 SCRAPING PAGE 5: https://www.mubawab.tn/fr/st/tunis/bureaux-et-commerces-a-louer:p:5
2026-01-31 22:59:04,829 - __main__ - INFO - Total cartes uniques trouvées: 68
2026-01-31 22:59:04,829 - __main__ - INFO - Page 5: 68 cartes trouvées
2026-01-31 22:59:05,245 - __main__ - INFO - ✅ PAGE 5: 33 annonces valides, 35 invalides
2026-01-31 22:59:05,318 - __main__ - INFO - ✅ Page 5: 33 annonces trouvées
2026-01-31 22:59:05,319 - __main__ - INFO - 🔍 Extraction des détails pour 33 annonces...
2026-01-31 22:59:22,184 - __main__ - INFO -   📊 Détails: 5/33 (15%)
2026-01-31 22:59:38,732 - __main__ - INFO -   📊 Détails: 10/33 (30%)
2026-01-31 22:59:54,580 - __main__ - INFO -   📊 Détails: 15/33 (45%)
2026-01-31 23:00:10,006 - __main__ - INFO -   📊 Détails: 20/33 (61%)
2026-01-31 23:00:25,670 - __main__ - INFO -   📊 Détails: 25/33 (76%)
2026-01-31 23:00:40,612 - __main__ - INFO -   📊 Détails: 30/33 (91%)
2026-01-31 23:00:49,796 - __main__ - INFO -   📊 Détails: 33/33 (100%)
2026-01-31 23:00:50,102 - __main__ - INFO - 📈 Tunis: 165/209 annonces accumulées
2026-01-31 23:00:50,103 - __main__ - INFO - ⏳ Pause de 2s avant page 6...
2026-01-31 23:00:52,104 - __main__ - INFO - 📄 SCRAPING PAGE 6: https://www.mubawab.tn/fr/st/tunis/bureaux-et-commerces-a-louer:p:6
2026-01-31 23:00:54,736 - __main__ - INFO - Total cartes uniques trouvées: 68
2026-01-31 23:00:54,736 - __main__ - INFO - Page 6: 68 cartes trouvées
2026-01-31 23:00:55,206 - __main__ - INFO - ✅ PAGE 6: 33 annonces valides, 35 invalides
2026-01-31 23:00:55,271 - __main__ - INFO - ✅ Page 6: 33 annonces trouvées
2026-01-31 23:00:55,272 - __main__ - INFO - 🔍 Extraction des détails pour 33 annonces...
2026-01-31 23:01:11,035 - __main__ - INFO -   📊 Détails: 5/33 (15%)
2026-01-31 23:01:28,015 - __main__ - INFO -   📊 Détails: 10/33 (30%)
2026-01-31 23:01:47,864 - __main__ - INFO -   📊 Détails: 15/33 (45%)
2026-01-31 23:02:06,738 - __main__ - INFO -   📊 Détails: 20/33 (61%)
2026-01-31 23:02:23,965 - __main__ - INFO -   📊 Détails: 25/33 (76%)
2026-01-31 23:02:41,923 - __main__ - INFO -   📊 Détails: 30/33 (91%)
2026-01-31 23:02:52,080 - __main__ - INFO -   📊 Détails: 33/33 (100%)
2026-01-31 23:02:52,382 - __main__ - INFO - 📈 Tunis: 198/209 annonces accumulées
2026-01-31 23:02:52,382 - __main__ - INFO - 📄 DERNIÈRE PAGE ATTEINTE POUR Tunis
2026-01-31 23:02:52,382 - __main__ - INFO - ✅ FIN SCRAPING Tunis: 198 annonces
2026-01-31 23:02:52,382 - __main__ - INFO - ✅ Tunis: 198 annonces scrapées
2026-01-31 23:02:52,382 - __main__ - INFO - ⏳ Pause de 5s avant région suivante...
2026-01-31 23:02:57,385 - __main__ - INFO - 
============================================================
2026-01-31 23:02:57,385 - __main__ - INFO - 🎯 DÉBUT RÉGION: Cité El Khadra
2026-01-31 23:02:57,385 - __main__ - INFO - ============================================================
2026-01-31 23:02:57,385 - __main__ - INFO - 🚀 DÉBUT SCRAPING RÉGION: Cité El Khadra
2026-01-31 23:02:57,385 - __main__ - INFO - Détection pour: https://www.mubawab.tn/fr/st/cite-el-khadra/bureaux-et-commerces-a-louer
2026-01-31 23:03:00,900 - __main__ - ERROR - Échec de toutes les tentatives pour https://www.mubawab.tn/fr/st/cite-el-khadra/bureaux-et-commerces-a-louer
2026-01-31 23:03:00,900 - __main__ - WARNING - ⚠️  AUCUNE ANNONCE DÉTECTÉE POUR Cité El Khadra
2026-01-31 23:03:00,900 - __main__ - INFO - ✅ Cité El Khadra: 0 annonces scrapées
2026-01-31 23:03:00,900 - __main__ - INFO - ⏳ Pause de 5s avant région suivante...
2026-01-31 23:03:05,903 - __main__ - INFO - 
============================================================
2026-01-31 23:03:05,903 - __main__ - INFO - 🎯 DÉBUT RÉGION: La Soukra
2026-01-31 23:03:05,903 - __main__ - INFO - ============================================================
2026-01-31 23:03:05,903 - __main__ - INFO - 🚀 DÉBUT SCRAPING RÉGION: La Soukra
2026-01-31 23:03:05,903 - __main__ - INFO - Détection pour: https://www.mubawab.tn/fr/st/la-soukra/bureaux-et-commerces-a-louer
2026-01-31 23:03:08,866 - __main__ - INFO - ✅ Détecté: 143 annonces au total
2026-01-31 23:03:08,922 - __main__ - INFO - 📊 Estimation: 5 pages à 35 annonces/page
2026-01-31 23:03:08,922 - __main__ - INFO - 📊 La Soukra: 143 annonces détectées
2026-01-31 23:03:08,922 - __main__ - INFO - 📄 Objectif: 143 annonces sur 5/5 pages
2026-01-31 23:03:08,922 - __main__ - INFO - 📈 Estimation: 35 annonces par page
2026-01-31 23:03:08,922 - __main__ - INFO - 📄 SCRAPING PAGE 1: https://www.mubawab.tn/fr/st/la-soukra/bureaux-et-commerces-a-louer
2026-01-31 23:03:12,114 - __main__ - INFO - Total cartes uniques trouvées: 68
2026-01-31 23:03:12,115 - __main__ - INFO - Page 1: 68 cartes trouvées
2026-01-31 23:03:12,619 - __main__ - INFO - ✅ PAGE 1: 33 annonces valides, 35 invalides
2026-01-31 23:03:12,691 - __main__ - INFO - ✅ Page 1: 33 annonces trouvées
2026-01-31 23:03:12,692 - __main__ - INFO - 🔍 Extraction des détails pour 33 annonces...
2026-01-31 23:03:29,247 - __main__ - INFO -   📊 Détails: 5/33 (15%)
2026-01-31 23:03:44,403 - __main__ - INFO -   📊 Détails: 10/33 (30%)
2026-01-31 23:03:59,558 - __main__ - INFO -   📊 Détails: 15/33 (45%)
2026-01-31 23:04:16,550 - __main__ - INFO -   📊 Détails: 20/33 (61%)
2026-01-31 23:04:32,996 - __main__ - INFO -   📊 Détails: 25/33 (76%)
2026-01-31 23:04:49,218 - __main__ - INFO -   📊 Détails: 30/33 (91%)
2026-01-31 23:04:58,579 - __main__ - INFO -   📊 Détails: 33/33 (100%)
2026-01-31 23:04:58,881 - __main__ - INFO - 📈 La Soukra: 33/143 annonces accumulées
2026-01-31 23:04:58,881 - __main__ - INFO - ⏳ Pause de 2s avant page 2...
2026-01-31 23:05:00,883 - __main__ - INFO - 📄 SCRAPING PAGE 2: https://www.mubawab.tn/fr/st/la-soukra/bureaux-et-commerces-a-louer:p:2
2026-01-31 23:05:03,401 - __main__ - INFO - Total cartes uniques trouvées: 68
2026-01-31 23:05:03,401 - __main__ - INFO - Page 2: 68 cartes trouvées
2026-01-31 23:05:03,798 - __main__ - INFO - ✅ PAGE 2: 33 annonces valides, 35 invalides
2026-01-31 23:05:03,855 - __main__ - INFO - ✅ Page 2: 33 annonces trouvées
2026-01-31 23:05:03,856 - __main__ - INFO - 🔍 Extraction des détails pour 33 annonces...
2026-01-31 23:05:19,800 - __main__ - INFO -   📊 Détails: 5/33 (15%)
2026-01-31 23:05:37,856 - __main__ - INFO -   📊 Détails: 10/33 (30%)
2026-01-31 23:05:53,603 - __main__ - INFO -   📊 Détails: 15/33 (45%)
2026-01-31 23:06:09,158 - __main__ - INFO -   📊 Détails: 20/33 (61%)
2026-01-31 23:06:24,629 - __main__ - INFO -   📊 Détails: 25/33 (76%)
2026-01-31 23:06:40,158 - __main__ - INFO -   📊 Détails: 30/33 (91%)
2026-01-31 23:06:48,853 - __main__ - INFO -   📊 Détails: 33/33 (100%)
2026-01-31 23:06:49,154 - __main__ - INFO - 📈 La Soukra: 66/143 annonces accumulées
2026-01-31 23:06:49,154 - __main__ - INFO - ⏳ Pause de 2s avant page 3...
2026-01-31 23:06:51,156 - __main__ - INFO - 📄 SCRAPING PAGE 3: https://www.mubawab.tn/fr/st/la-soukra/bureaux-et-commerces-a-louer:p:3
2026-01-31 23:06:53,720 - __main__ - INFO - Total cartes uniques trouvées: 68
2026-01-31 23:06:53,720 - __main__ - INFO - Page 3: 68 cartes trouvées
2026-01-31 23:06:54,134 - __main__ - INFO - ✅ PAGE 3: 33 annonces valides, 35 invalides
2026-01-31 23:06:54,209 - __main__ - INFO - ✅ Page 3: 33 annonces trouvées
2026-01-31 23:06:54,209 - __main__ - INFO - 🔍 Extraction des détails pour 33 annonces...
2026-01-31 23:07:10,582 - __main__ - INFO -   📊 Détails: 5/33 (15%)
2026-01-31 23:07:26,185 - __main__ - INFO -   📊 Détails: 10/33 (30%)
2026-01-31 23:07:40,747 - __main__ - INFO -   📊 Détails: 15/33 (45%)
2026-01-31 23:08:03,999 - __main__ - INFO -   📊 Détails: 20/33 (61%)
2026-01-31 23:08:23,433 - __main__ - INFO -   📊 Détails: 25/33 (76%)
2026-01-31 23:08:39,038 - __main__ - INFO -   📊 Détails: 30/33 (91%)
2026-01-31 23:08:48,536 - __main__ - INFO -   📊 Détails: 33/33 (100%)
2026-01-31 23:08:48,840 - __main__ - INFO - 📈 La Soukra: 99/143 annonces accumulées
2026-01-31 23:08:48,841 - __main__ - INFO - ⏳ Pause de 2s avant page 4...
2026-01-31 23:08:50,844 - __main__ - INFO - 📄 SCRAPING PAGE 4: https://www.mubawab.tn/fr/st/la-soukra/bureaux-et-commerces-a-louer:p:4
2026-01-31 23:08:53,546 - __main__ - INFO - Total cartes uniques trouvées: 68
2026-01-31 23:08:53,546 - __main__ - INFO - Page 4: 68 cartes trouvées
2026-01-31 23:08:53,942 - __main__ - INFO - ✅ PAGE 4: 33 annonces valides, 35 invalides
2026-01-31 23:08:54,007 - __main__ - INFO - ✅ Page 4: 33 annonces trouvées
2026-01-31 23:08:54,008 - __main__ - INFO - 🔍 Extraction des détails pour 33 annonces...
2026-01-31 23:09:11,036 - __main__ - INFO -   📊 Détails: 5/33 (15%)
2026-01-31 23:09:39,847 - __main__ - INFO -   📊 Détails: 10/33 (30%)
2026-01-31 23:10:06,989 - __main__ - INFO -   📊 Détails: 15/33 (45%)
2026-01-31 23:10:24,474 - __main__ - INFO -   📊 Détails: 20/33 (61%)
2026-01-31 23:10:40,636 - __main__ - INFO -   📊 Détails: 25/33 (76%)
2026-01-31 23:10:58,222 - __main__ - INFO -   📊 Détails: 30/33 (91%)
2026-01-31 23:11:09,299 - __main__ - INFO -   📊 Détails: 33/33 (100%)
2026-01-31 23:11:09,600 - __main__ - INFO - 📈 La Soukra: 132/143 annonces accumulées
2026-01-31 23:11:09,600 - __main__ - INFO - ⏳ Pause de 4s avant page 5...
2026-01-31 23:11:13,602 - __main__ - INFO - 📄 SCRAPING PAGE 5: https://www.mubawab.tn/fr/st/la-soukra/bureaux-et-commerces-a-louer:p:5
2026-01-31 23:11:15,538 - __main__ - INFO - Total cartes uniques trouvées: 24
2026-01-31 23:11:15,538 - __main__ - INFO - Page 5: 24 cartes trouvées
2026-01-31 23:11:15,684 - __main__ - INFO - ✅ PAGE 5: 11 annonces valides, 13 invalides
2026-01-31 23:11:15,718 - __main__ - INFO - ✅ Page 5: 11 annonces trouvées
2026-01-31 23:11:15,718 - __main__ - INFO - 🔍 Extraction des détails pour 11 annonces...
2026-01-31 23:11:35,632 - __main__ - INFO -   📊 Détails: 5/11 (45%)
2026-01-31 23:11:54,518 - __main__ - INFO -   📊 Détails: 10/11 (91%)
2026-01-31 23:11:58,926 - __main__ - INFO -   📊 Détails: 11/11 (100%)
2026-01-31 23:11:59,240 - __main__ - INFO - 📈 La Soukra: 143/143 annonces accumulées
2026-01-31 23:11:59,240 - __main__ - INFO - 🎯 OBJECTIF ATTEINT POUR La Soukra: 143 annonces
2026-01-31 23:11:59,240 - __main__ - INFO - ✅ FIN SCRAPING La Soukra: 143 annonces
2026-01-31 23:11:59,240 - __main__ - INFO - ✅ La Soukra: 143 annonces scrapées
2026-01-31 23:11:59,240 - __main__ - INFO - ⏳ Pause de 5s avant région suivante...
2026-01-31 23:12:04,243 - __main__ - INFO - 
============================================================
2026-01-31 23:12:04,243 - __main__ - INFO - 🎯 DÉBUT RÉGION: Ariana Ville
2026-01-31 23:12:04,243 - __main__ - INFO - ============================================================
2026-01-31 23:12:04,243 - __main__ - INFO - 🚀 DÉBUT SCRAPING RÉGION: Ariana Ville
2026-01-31 23:12:04,243 - __main__ - INFO - Détection pour: https://www.mubawab.tn/fr/st/ariana-ville/bureaux-et-commerces-a-louer
2026-01-31 23:12:07,256 - __main__ - INFO - ✅ Détecté: 106 annonces au total
2026-01-31 23:12:07,338 - __main__ - INFO - 📊 Estimation: 4 pages à 35 annonces/page
2026-01-31 23:12:07,338 - __main__ - INFO - 📊 Ariana Ville: 106 annonces détectées
2026-01-31 23:12:07,338 - __main__ - INFO - 📄 Objectif: 106 annonces sur 4/4 pages
2026-01-31 23:12:07,338 - __main__ - INFO - 📈 Estimation: 35 annonces par page
2026-01-31 23:12:07,341 - __main__ - INFO - 📄 SCRAPING PAGE 1: https://www.mubawab.tn/fr/st/ariana-ville/bureaux-et-commerces-a-louer
2026-01-31 23:12:10,053 - __main__ - INFO - Total cartes uniques trouvées: 68
2026-01-31 23:12:10,053 - __main__ - INFO - Page 1: 68 cartes trouvées
2026-01-31 23:12:10,554 - __main__ - INFO - ✅ PAGE 1: 33 annonces valides, 35 invalides
2026-01-31 23:12:10,633 - __main__ - INFO - ✅ Page 1: 33 annonces trouvées
2026-01-31 23:12:10,633 - __main__ - INFO - 🔍 Extraction des détails pour 33 annonces...
2026-01-31 23:12:28,536 - __main__ - INFO -   📊 Détails: 5/33 (15%)
2026-01-31 23:12:51,792 - __main__ - INFO -   📊 Détails: 10/33 (30%)
2026-01-31 23:13:09,256 - __main__ - INFO -   📊 Détails: 15/33 (45%)
2026-01-31 23:13:25,329 - __main__ - INFO -   📊 Détails: 20/33 (61%)
2026-01-31 23:13:42,088 - __main__ - INFO -   📊 Détails: 25/33 (76%)
2026-01-31 23:13:58,550 - __main__ - INFO -   📊 Détails: 30/33 (91%)
2026-01-31 23:14:08,296 - __main__ - INFO -   📊 Détails: 33/33 (100%)
2026-01-31 23:14:08,604 - __main__ - INFO - 📈 Ariana Ville: 33/106 annonces accumulées
2026-01-31 23:14:08,604 - __main__ - INFO - ⏳ Pause de 2s avant page 2...
2026-01-31 23:14:10,608 - __main__ - INFO - 📄 SCRAPING PAGE 2: https://www.mubawab.tn/fr/st/ariana-ville/bureaux-et-commerces-a-louer:p:2
2026-01-31 23:14:12,948 - __main__ - INFO - Total cartes uniques trouvées: 68
2026-01-31 23:14:12,948 - __main__ - INFO - Page 2: 68 cartes trouvées
2026-01-31 23:14:13,360 - __main__ - INFO - ✅ PAGE 2: 33 annonces valides, 35 invalides
2026-01-31 23:14:13,419 - __main__ - INFO - ✅ Page 2: 33 annonces trouvées
2026-01-31 23:14:13,420 - __main__ - INFO - 🔍 Extraction des détails pour 33 annonces...
2026-01-31 23:14:29,142 - __main__ - INFO -   📊 Détails: 5/33 (15%)
2026-01-31 23:14:45,078 - __main__ - INFO -   📊 Détails: 10/33 (30%)
2026-01-31 23:15:03,943 - __main__ - INFO -   📊 Détails: 15/33 (45%)
2026-01-31 23:15:23,768 - __main__ - INFO -   📊 Détails: 20/33 (61%)
2026-01-31 23:15:39,302 - __main__ - INFO -   📊 Détails: 25/33 (76%)
2026-01-31 23:15:56,505 - __main__ - INFO -   📊 Détails: 30/33 (91%)
2026-01-31 23:16:05,829 - __main__ - INFO -   📊 Détails: 33/33 (100%)
2026-01-31 23:16:06,131 - __main__ - INFO - 📈 Ariana Ville: 66/106 annonces accumulées
2026-01-31 23:16:06,131 - __main__ - INFO - ⏳ Pause de 2s avant page 3...
2026-01-31 23:16:08,133 - __main__ - INFO - 📄 SCRAPING PAGE 3: https://www.mubawab.tn/fr/st/ariana-ville/bureaux-et-commerces-a-louer:p:3
2026-01-31 23:16:10,402 - __main__ - INFO - Total cartes uniques trouvées: 68
2026-01-31 23:16:10,402 - __main__ - INFO - Page 3: 68 cartes trouvées
2026-01-31 23:16:10,811 - __main__ - INFO - ✅ PAGE 3: 33 annonces valides, 35 invalides
2026-01-31 23:16:10,890 - __main__ - INFO - ✅ Page 3: 33 annonces trouvées
2026-01-31 23:16:10,890 - __main__ - INFO - 🔍 Extraction des détails pour 33 annonces...
2026-01-31 23:16:26,338 - __main__ - INFO -   📊 Détails: 5/33 (15%)
2026-01-31 23:16:44,212 - __main__ - INFO -   📊 Détails: 10/33 (30%)
2026-01-31 23:16:59,024 - __main__ - INFO -   📊 Détails: 15/33 (45%)
2026-01-31 23:17:14,270 - __main__ - INFO -   📊 Détails: 20/33 (61%)
2026-01-31 23:17:29,575 - __main__ - INFO -   📊 Détails: 25/33 (76%)
2026-01-31 23:17:44,663 - __main__ - INFO -   📊 Détails: 30/33 (91%)
2026-01-31 23:17:53,741 - __main__ - INFO -   📊 Détails: 33/33 (100%)
2026-01-31 23:17:54,043 - __main__ - INFO - 📈 Ariana Ville: 99/106 annonces accumulées
2026-01-31 23:17:54,043 - __main__ - INFO - ⏳ Pause de 2s avant page 4...
2026-01-31 23:17:56,045 - __main__ - INFO - 📄 SCRAPING PAGE 4: https://www.mubawab.tn/fr/st/ariana-ville/bureaux-et-commerces-a-louer:p:4
2026-01-31 23:17:59,012 - __main__ - INFO - Total cartes uniques trouvées: 68
2026-01-31 23:17:59,012 - __main__ - INFO - Page 4: 68 cartes trouvées
2026-01-31 23:17:59,447 - __main__ - INFO - ✅ PAGE 4: 7 annonces valides, 61 invalides
2026-01-31 23:17:59,518 - __main__ - INFO - ✅ Page 4: 7 annonces trouvées
2026-01-31 23:17:59,519 - __main__ - INFO - 🔍 Extraction des détails pour 7 annonces...
2026-01-31 23:18:15,493 - __main__ - INFO -   📊 Détails: 5/7 (71%)
2026-01-31 23:18:21,590 - __main__ - INFO -   📊 Détails: 7/7 (100%)
2026-01-31 23:18:21,891 - __main__ - INFO - 📈 Ariana Ville: 106/106 annonces accumulées
2026-01-31 23:18:21,891 - __main__ - INFO - 🎯 OBJECTIF ATTEINT POUR Ariana Ville: 106 annonces
2026-01-31 23:18:21,891 - __main__ - INFO - ✅ FIN SCRAPING Ariana Ville: 106 annonces
2026-01-31 23:18:21,891 - __main__ - INFO - ✅ Ariana Ville: 106 annonces scrapées
2026-01-31 23:18:21,891 - __main__ - INFO - ⏳ Pause de 5s avant région suivante...
2026-01-31 23:18:26,897 - __main__ - INFO - 
============================================================
2026-01-31 23:18:26,899 - __main__ - INFO - 🎯 DÉBUT RÉGION: El Menzah
2026-01-31 23:18:26,907 - __main__ - INFO - ============================================================
2026-01-31 23:18:26,909 - __main__ - INFO - 🚀 DÉBUT SCRAPING RÉGION: El Menzah
2026-01-31 23:18:26,914 - __main__ - INFO - Détection pour: https://www.mubawab.tn/fr/st/el-menzah/bureaux-et-commerces-a-louer
2026-01-31 23:18:28,996 - __main__ - INFO - ✅ Détecté: 107 annonces au total
2026-01-31 23:18:29,058 - __main__ - INFO - 📊 Estimation: 4 pages à 35 annonces/page
2026-01-31 23:18:29,058 - __main__ - INFO - 📊 El Menzah: 107 annonces détectées
2026-01-31 23:18:29,058 - __main__ - INFO - 📄 Objectif: 107 annonces sur 4/4 pages
2026-01-31 23:18:29,058 - __main__ - INFO - 📈 Estimation: 35 annonces par page
2026-01-31 23:18:29,061 - __main__ - INFO - 📄 SCRAPING PAGE 1: https://www.mubawab.tn/fr/st/el-menzah/bureaux-et-commerces-a-louer
2026-01-31 23:18:31,561 - __main__ - INFO - Total cartes uniques trouvées: 69
2026-01-31 23:18:31,561 - __main__ - INFO - Page 1: 69 cartes trouvées
2026-01-31 23:18:32,039 - __main__ - INFO - ✅ PAGE 1: 33 annonces valides, 36 invalides
2026-01-31 23:18:32,110 - __main__ - INFO - ✅ Page 1: 33 annonces trouvées
2026-01-31 23:18:32,110 - __main__ - INFO - 🔍 Extraction des détails pour 33 annonces...
2026-01-31 23:18:47,315 - __main__ - INFO -   📊 Détails: 5/33 (15%)
2026-01-31 23:19:03,485 - __main__ - INFO -   📊 Détails: 10/33 (30%)
2026-01-31 23:19:20,212 - __main__ - INFO -   📊 Détails: 15/33 (45%)
2026-01-31 23:19:36,732 - __main__ - INFO -   📊 Détails: 20/33 (61%)
2026-01-31 23:19:53,958 - __main__ - INFO -   📊 Détails: 25/33 (76%)
2026-01-31 23:20:10,439 - __main__ - INFO -   📊 Détails: 30/33 (91%)
2026-01-31 23:20:19,964 - __main__ - INFO -   📊 Détails: 33/33 (100%)
2026-01-31 23:20:20,265 - __main__ - INFO - 📈 El Menzah: 33/107 annonces accumulées
2026-01-31 23:20:20,265 - __main__ - INFO - ⏳ Pause de 2s avant page 2...
2026-01-31 23:20:22,267 - __main__ - INFO - 📄 SCRAPING PAGE 2: https://www.mubawab.tn/fr/st/el-menzah/bureaux-et-commerces-a-louer:p:2
2026-01-31 23:20:24,852 - __main__ - INFO - Total cartes uniques trouvées: 68
2026-01-31 23:20:24,852 - __main__ - INFO - Page 2: 68 cartes trouvées
2026-01-31 23:20:25,291 - __main__ - INFO - ✅ PAGE 2: 32 annonces valides, 36 invalides
2026-01-31 23:20:25,362 - __main__ - INFO - ✅ Page 2: 32 annonces trouvées
2026-01-31 23:20:25,362 - __main__ - INFO - 🔍 Extraction des détails pour 32 annonces...
2026-01-31 23:20:39,978 - __main__ - INFO -   📊 Détails: 5/32 (16%)
2026-01-31 23:20:54,865 - __main__ - INFO -   📊 Détails: 10/32 (31%)
2026-01-31 23:21:09,625 - __main__ - INFO -   📊 Détails: 15/32 (47%)
2026-01-31 23:21:25,445 - __main__ - INFO -   📊 Détails: 20/32 (62%)
2026-01-31 23:21:42,238 - __main__ - INFO -   📊 Détails: 25/32 (78%)
2026-01-31 23:22:01,536 - __main__ - INFO -   📊 Détails: 30/32 (94%)
2026-01-31 23:22:07,818 - __main__ - INFO -   📊 Détails: 32/32 (100%)
2026-01-31 23:22:08,128 - __main__ - INFO - 📈 El Menzah: 65/107 annonces accumulées
2026-01-31 23:22:08,128 - __main__ - INFO - ⏳ Pause de 2s avant page 3...
2026-01-31 23:22:10,129 - __main__ - INFO - 📄 SCRAPING PAGE 3: https://www.mubawab.tn/fr/st/el-menzah/bureaux-et-commerces-a-louer:p:3
2026-01-31 23:22:13,020 - __main__ - INFO - Total cartes uniques trouvées: 68
2026-01-31 23:22:13,021 - __main__ - INFO - Page 3: 68 cartes trouvées
2026-01-31 23:22:13,513 - __main__ - INFO - ✅ PAGE 3: 33 annonces valides, 35 invalides
2026-01-31 23:22:13,587 - __main__ - INFO - ✅ Page 3: 33 annonces trouvées
2026-01-31 23:22:13,587 - __main__ - INFO - 🔍 Extraction des détails pour 33 annonces...
2026-01-31 23:22:29,830 - __main__ - INFO -   📊 Détails: 5/33 (15%)
2026-01-31 23:22:45,941 - __main__ - INFO -   📊 Détails: 10/33 (30%)
2026-01-31 23:23:01,824 - __main__ - INFO -   📊 Détails: 15/33 (45%)
2026-01-31 23:23:17,105 - __main__ - INFO -   📊 Détails: 20/33 (61%)
2026-01-31 23:23:35,051 - __main__ - INFO -   📊 Détails: 25/33 (76%)
2026-01-31 23:23:51,486 - __main__ - INFO -   📊 Détails: 30/33 (91%)
2026-01-31 23:24:00,427 - __main__ - INFO -   📊 Détails: 33/33 (100%)
2026-01-31 23:24:00,729 - __main__ - INFO - 📈 El Menzah: 98/107 annonces accumulées
2026-01-31 23:24:00,729 - __main__ - INFO - ⏳ Pause de 2s avant page 4...
2026-01-31 23:24:02,730 - __main__ - INFO - 📄 SCRAPING PAGE 4: https://www.mubawab.tn/fr/st/el-menzah/bureaux-et-commerces-a-louer:p:4
2026-01-31 23:24:05,555 - __main__ - INFO - Total cartes uniques trouvées: 68
2026-01-31 23:24:05,555 - __main__ - INFO - Page 4: 68 cartes trouvées
2026-01-31 23:24:06,071 - __main__ - INFO - ✅ PAGE 4: 8 annonces valides, 60 invalides
2026-01-31 23:24:06,129 - __main__ - INFO - ✅ Page 4: 8 annonces trouvées
2026-01-31 23:24:06,130 - __main__ - INFO - 🔍 Extraction des détails pour 8 annonces...
2026-01-31 23:24:22,492 - __main__ - INFO -   📊 Détails: 5/8 (62%)
2026-01-31 23:24:31,967 - __main__ - INFO -   📊 Détails: 8/8 (100%)
2026-01-31 23:24:32,269 - __main__ - INFO - 📈 El Menzah: 106/107 annonces accumulées
2026-01-31 23:24:32,269 - __main__ - INFO - 📄 DERNIÈRE PAGE ATTEINTE POUR El Menzah
2026-01-31 23:24:32,269 - __main__ - INFO - ✅ FIN SCRAPING El Menzah: 106 annonces
2026-01-31 23:24:32,269 - __main__ - INFO - ✅ El Menzah: 106 annonces scrapées
2026-01-31 23:24:32,558 - __main__ - INFO - ✅ CSV SAUVEGARDÉ: mubawab_location_bureaux_complet_20260131_232432.csv
2026-01-31 23:24:33,015 - __main__ - INFO - ✅ JSON SAUVEGARDÉ: mubawab_location_bureaux_complet_20260131_232432.json
