2026-02-01 12:54:25,626 - __main__ - INFO - 🚀 DÉBUT SCRAPING COMPLET - 2 RÉGIONS
2026-02-01 12:54:25,628 - __main__ - INFO - 
============================================================
2026-02-01 12:54:25,629 - __main__ - INFO - 🎯 DÉBUT RÉGION: La Marsa
2026-02-01 12:54:25,629 - __main__ - INFO - ============================================================
2026-02-01 12:54:25,629 - __main__ - INFO - 🚀 DÉBUT SCRAPING RÉGION: La Marsa
2026-02-01 12:54:25,630 - __main__ - INFO - Détection pour: https://www.mubawab.tn/fr/st/la-marsa/maisons-a-vendre
2026-02-01 12:54:29,289 - __main__ - INFO - ✅ Détecté: 175 annonces au total
2026-02-01 12:54:29,341 - __main__ - INFO - 📊 Estimation: 5 pages à 35 annonces/page
2026-02-01 12:54:29,342 - __main__ - INFO - 📊 La Marsa: 175 annonces détectées
2026-02-01 12:54:29,342 - __main__ - INFO - 📄 Objectif: 175 annonces sur 5/5 pages
2026-02-01 12:54:29,343 - __main__ - INFO - 📈 Estimation: 35 annonces par page
2026-02-01 12:54:29,344 - __main__ - INFO - 📄 SCRAPING PAGE 1: https://www.mubawab.tn/fr/st/la-marsa/maisons-a-vendre
2026-02-01 12:54:31,698 - __main__ - INFO - Total cartes uniques trouvées: 68
2026-02-01 12:54:31,698 - __main__ - INFO - Page 1: 68 cartes trouvées
2026-02-01 12:54:32,269 - __main__ - INFO - ✅ PAGE 1: 33 annonces valides, 35 invalides
2026-02-01 12:54:32,328 - __main__ - INFO - ✅ Page 1: 33 annonces trouvées
2026-02-01 12:54:32,328 - __main__ - INFO - 🔍 Extraction des détails pour 33 annonces...
2026-02-01 12:54:47,023 - __main__ - INFO -   📊 Détails: 5/33 (15%)
2026-02-01 12:55:02,642 - __main__ - INFO -   📊 Détails: 10/33 (30%)
2026-02-01 12:55:17,555 - __main__ - INFO -   📊 Détails: 15/33 (45%)
2026-02-01 12:55:32,876 - __main__ - INFO -   📊 Détails: 20/33 (61%)
2026-02-01 12:55:47,193 - __main__ - INFO -   📊 Détails: 25/33 (76%)
2026-02-01 12:56:02,951 - __main__ - INFO -   📊 Détails: 30/33 (91%)
2026-02-01 12:56:12,688 - __main__ - INFO -   📊 Détails: 33/33 (100%)
2026-02-01 12:56:12,991 - __main__ - INFO - 📈 La Marsa: 33/175 annonces accumulées
2026-02-01 12:56:12,992 - __main__ - INFO - ⏳ Pause de 2s avant page 2...
2026-02-01 12:56:14,994 - __main__ - INFO - 📄 SCRAPING PAGE 2: https://www.mubawab.tn/fr/st/la-marsa/maisons-a-vendre:p:2
2026-02-01 12:56:17,684 - __main__ - INFO - Total cartes uniques trouvées: 69
2026-02-01 12:56:17,685 - __main__ - INFO - Page 2: 69 cartes trouvées
2026-02-01 12:56:18,285 - __main__ - INFO - ✅ PAGE 2: 34 annonces valides, 35 invalides
2026-02-01 12:56:18,388 - __main__ - INFO - ✅ Page 2: 34 annonces trouvées
2026-02-01 12:56:18,389 - __main__ - INFO - 🔍 Extraction des détails pour 34 annonces...
2026-02-01 12:56:33,076 - __main__ - INFO -   📊 Détails: 5/34 (15%)
2026-02-01 12:56:49,738 - __main__ - INFO -   📊 Détails: 10/34 (29%)
2026-02-01 12:57:04,549 - __main__ - INFO -   📊 Détails: 15/34 (44%)
2026-02-01 12:57:19,219 - __main__ - INFO -   📊 Détails: 20/34 (59%)
2026-02-01 12:57:34,398 - __main__ - INFO -   📊 Détails: 25/34 (74%)
2026-02-01 12:57:49,883 - __main__ - INFO -   📊 Détails: 30/34 (88%)
2026-02-01 12:58:00,924 - __main__ - INFO -   📊 Détails: 34/34 (100%)
2026-02-01 12:58:01,226 - __main__ - INFO - 📈 La Marsa: 67/175 annonces accumulées
2026-02-01 12:58:01,227 - __main__ - INFO - ⏳ Pause de 2s avant page 3...
2026-02-01 12:58:03,229 - __main__ - INFO - 📄 SCRAPING PAGE 3: https://www.mubawab.tn/fr/st/la-marsa/maisons-a-vendre:p:3
2026-02-01 12:58:05,667 - __main__ - INFO - Total cartes uniques trouvées: 69
2026-02-01 12:58:05,668 - __main__ - INFO - Page 3: 69 cartes trouvées
2026-02-01 12:58:06,329 - __main__ - INFO - ✅ PAGE 3: 32 annonces valides, 37 invalides
2026-02-01 12:58:06,420 - __main__ - INFO - ✅ Page 3: 32 annonces trouvées
2026-02-01 12:58:06,421 - __main__ - INFO - 🔍 Extraction des détails pour 32 annonces...
2026-02-01 12:58:20,435 - __main__ - INFO -   📊 Détails: 5/32 (16%)
2026-02-01 12:58:34,349 - __main__ - INFO -   📊 Détails: 10/32 (31%)
2026-02-01 12:58:48,789 - __main__ - INFO -   📊 Détails: 15/32 (47%)
2026-02-01 12:59:04,746 - __main__ - INFO -   📊 Détails: 20/32 (62%)
2026-02-01 12:59:19,893 - __main__ - INFO -   📊 Détails: 25/32 (78%)
2026-02-01 12:59:35,775 - __main__ - INFO -   📊 Détails: 30/32 (94%)
2026-02-01 12:59:43,811 - __main__ - INFO -   📊 Détails: 32/32 (100%)
2026-02-01 12:59:44,113 - __main__ - INFO - 📈 La Marsa: 99/175 annonces accumulées
2026-02-01 12:59:44,114 - __main__ - INFO - ⏳ Pause de 2s avant page 4...
2026-02-01 12:59:46,116 - __main__ - INFO - 📄 SCRAPING PAGE 4: https://www.mubawab.tn/fr/st/la-marsa/maisons-a-vendre:p:4
2026-02-01 12:59:48,071 - __main__ - INFO - Total cartes uniques trouvées: 69
2026-02-01 12:59:48,072 - __main__ - INFO - Page 4: 69 cartes trouvées
2026-02-01 12:59:48,330 - __main__ - INFO - ✅ PAGE 4: 33 annonces valides, 36 invalides
2026-02-01 12:59:48,377 - __main__ - INFO - ✅ Page 4: 33 annonces trouvées
2026-02-01 12:59:48,379 - __main__ - INFO - 🔍 Extraction des détails pour 33 annonces...
2026-02-01 13:00:04,865 - __main__ - INFO -   📊 Détails: 5/33 (15%)
2026-02-01 13:00:19,836 - __main__ - INFO -   📊 Détails: 10/33 (30%)
2026-02-01 13:00:39,117 - __main__ - INFO -   📊 Détails: 15/33 (45%)
2026-02-01 13:00:55,057 - __main__ - INFO -   📊 Détails: 20/33 (61%)
2026-02-01 13:01:10,756 - __main__ - INFO -   📊 Détails: 25/33 (76%)
2026-02-01 13:01:26,394 - __main__ - INFO -   📊 Détails: 30/33 (91%)
2026-02-01 13:01:36,906 - __main__ - INFO -   📊 Détails: 33/33 (100%)
2026-02-01 13:01:37,208 - __main__ - INFO - 📈 La Marsa: 132/175 annonces accumulées
2026-02-01 13:01:37,208 - __main__ - INFO - ⏳ Pause de 4s avant page 5...
2026-02-01 13:01:41,210 - __main__ - INFO - 📄 SCRAPING PAGE 5: https://www.mubawab.tn/fr/st/la-marsa/maisons-a-vendre:p:5
2026-02-01 13:01:43,697 - __main__ - INFO - Total cartes uniques trouvées: 68
2026-02-01 13:01:43,697 - __main__ - INFO - Page 5: 68 cartes trouvées
2026-02-01 13:01:44,279 - __main__ - INFO - ✅ PAGE 5: 33 annonces valides, 35 invalides
2026-02-01 13:01:44,350 - __main__ - INFO - ✅ Page 5: 33 annonces trouvées
2026-02-01 13:01:44,351 - __main__ - INFO - 🔍 Extraction des détails pour 33 annonces...
2026-02-01 13:02:00,358 - __main__ - INFO -   📊 Détails: 5/33 (15%)
2026-02-01 13:02:18,546 - __main__ - INFO -   📊 Détails: 10/33 (30%)
2026-02-01 13:02:37,148 - __main__ - INFO -   📊 Détails: 15/33 (45%)
2026-02-01 13:02:53,873 - __main__ - INFO -   📊 Détails: 20/33 (61%)
2026-02-01 13:03:10,625 - __main__ - INFO -   📊 Détails: 25/33 (76%)
2026-02-01 13:03:27,057 - __main__ - INFO -   📊 Détails: 30/33 (91%)
2026-02-01 13:03:39,936 - __main__ - INFO -   📊 Détails: 33/33 (100%)
2026-02-01 13:03:40,237 - __main__ - INFO - 📈 La Marsa: 165/175 annonces accumulées
2026-02-01 13:03:40,237 - __main__ - INFO - 📄 DERNIÈRE PAGE ATTEINTE POUR La Marsa
2026-02-01 13:03:40,237 - __main__ - INFO - ✅ FIN SCRAPING La Marsa: 165 annonces
2026-02-01 13:03:40,239 - __main__ - INFO - ✅ La Marsa: 165 annonces scrapées
2026-02-01 13:03:40,240 - __main__ - INFO - ⏳ Pause de 5s avant région suivante...
2026-02-01 13:03:45,241 - __main__ - INFO - 
============================================================
2026-02-01 13:03:45,241 - __main__ - INFO - 🎯 DÉBUT RÉGION: La Soukra
2026-02-01 13:03:45,242 - __main__ - INFO - ============================================================
2026-02-01 13:03:45,243 - __main__ - INFO - 🚀 DÉBUT SCRAPING RÉGION: La Soukra
2026-02-01 13:03:45,243 - __main__ - INFO - Détection pour: https://www.mubawab.tn/fr/st/la-soukra/maisons-a-vendre
2026-02-01 13:03:47,484 - __main__ - INFO - ✅ Détecté: 107 annonces au total
2026-02-01 13:03:47,538 - __main__ - INFO - 📊 Estimation: 4 pages à 35 annonces/page
2026-02-01 13:03:47,538 - __main__ - INFO - 📊 La Soukra: 107 annonces détectées
2026-02-01 13:03:47,540 - __main__ - INFO - 📄 Objectif: 107 annonces sur 4/4 pages
2026-02-01 13:03:47,540 - __main__ - INFO - 📈 Estimation: 35 annonces par page
2026-02-01 13:03:47,542 - __main__ - INFO - 📄 SCRAPING PAGE 1: https://www.mubawab.tn/fr/st/la-soukra/maisons-a-vendre
2026-02-01 13:03:50,331 - __main__ - INFO - Total cartes uniques trouvées: 68
2026-02-01 13:03:50,332 - __main__ - INFO - Page 1: 68 cartes trouvées
2026-02-01 13:03:50,878 - __main__ - INFO - ✅ PAGE 1: 33 annonces valides, 35 invalides
2026-02-01 13:03:50,946 - __main__ - INFO - ✅ Page 1: 33 annonces trouvées
2026-02-01 13:03:50,947 - __main__ - INFO - 🔍 Extraction des détails pour 33 annonces...
2026-02-01 13:04:06,201 - __main__ - INFO -   📊 Détails: 5/33 (15%)
2026-02-01 13:04:20,869 - __main__ - INFO -   📊 Détails: 10/33 (30%)
2026-02-01 13:04:35,389 - __main__ - INFO -   📊 Détails: 15/33 (45%)
2026-02-01 13:04:49,821 - __main__ - INFO -   📊 Détails: 20/33 (61%)
2026-02-01 13:05:04,074 - __main__ - INFO -   📊 Détails: 25/33 (76%)
2026-02-01 13:05:19,161 - __main__ - INFO -   📊 Détails: 30/33 (91%)
2026-02-01 13:05:28,015 - __main__ - INFO -   📊 Détails: 33/33 (100%)
2026-02-01 13:05:28,316 - __main__ - INFO - 📈 La Soukra: 33/107 annonces accumulées
2026-02-01 13:05:28,317 - __main__ - INFO - ⏳ Pause de 2s avant page 2...
2026-02-01 13:05:30,332 - __main__ - INFO - 📄 SCRAPING PAGE 2: https://www.mubawab.tn/fr/st/la-soukra/maisons-a-vendre:p:2
2026-02-01 13:05:33,257 - __main__ - INFO - Total cartes uniques trouvées: 68
2026-02-01 13:05:33,257 - __main__ - INFO - Page 2: 68 cartes trouvées
2026-02-01 13:05:33,847 - __main__ - INFO - ✅ PAGE 2: 33 annonces valides, 35 invalides
2026-02-01 13:05:33,930 - __main__ - INFO - ✅ Page 2: 33 annonces trouvées
2026-02-01 13:05:33,930 - __main__ - INFO - 🔍 Extraction des détails pour 33 annonces...
2026-02-01 13:05:48,011 - __main__ - INFO -   📊 Détails: 5/33 (15%)
2026-02-01 13:06:03,839 - __main__ - INFO -   📊 Détails: 10/33 (30%)
2026-02-01 13:06:18,693 - __main__ - INFO -   📊 Détails: 15/33 (45%)
2026-02-01 13:06:33,079 - __main__ - INFO -   📊 Détails: 20/33 (61%)
2026-02-01 13:06:52,778 - __main__ - INFO -   📊 Détails: 25/33 (76%)
2026-02-01 13:07:10,855 - __main__ - INFO -   📊 Détails: 30/33 (91%)
2026-02-01 13:07:20,529 - __main__ - INFO -   📊 Détails: 33/33 (100%)
2026-02-01 13:07:20,830 - __main__ - INFO - 📈 La Soukra: 66/107 annonces accumulées
2026-02-01 13:07:20,830 - __main__ - INFO - ⏳ Pause de 2s avant page 3...
2026-02-01 13:07:22,832 - __main__ - INFO - 📄 SCRAPING PAGE 3: https://www.mubawab.tn/fr/st/la-soukra/maisons-a-vendre:p:3
2026-02-01 13:07:25,203 - __main__ - INFO - Total cartes uniques trouvées: 68
2026-02-01 13:07:25,203 - __main__ - INFO - Page 3: 68 cartes trouvées
2026-02-01 13:07:25,527 - __main__ - INFO - ✅ PAGE 3: 33 annonces valides, 35 invalides
2026-02-01 13:07:25,569 - __main__ - INFO - ✅ Page 3: 33 annonces trouvées
2026-02-01 13:07:25,570 - __main__ - INFO - 🔍 Extraction des détails pour 33 annonces...
2026-02-01 13:07:44,823 - __main__ - INFO -   📊 Détails: 5/33 (15%)
2026-02-01 13:08:02,305 - __main__ - INFO -   📊 Détails: 10/33 (30%)
2026-02-01 13:08:17,523 - __main__ - INFO -   📊 Détails: 15/33 (45%)
2026-02-01 13:08:33,594 - __main__ - INFO -   📊 Détails: 20/33 (61%)
2026-02-01 13:08:49,133 - __main__ - INFO -   📊 Détails: 25/33 (76%)
2026-02-01 13:09:04,467 - __main__ - INFO -   📊 Détails: 30/33 (91%)
2026-02-01 13:09:14,157 - __main__ - INFO -   📊 Détails: 33/33 (100%)
2026-02-01 13:09:14,458 - __main__ - INFO - 📈 La Soukra: 99/107 annonces accumulées
2026-02-01 13:09:14,458 - __main__ - INFO - ⏳ Pause de 2s avant page 4...
2026-02-01 13:09:16,460 - __main__ - INFO - 📄 SCRAPING PAGE 4: https://www.mubawab.tn/fr/st/la-soukra/maisons-a-vendre:p:4
2026-02-01 13:09:19,890 - __main__ - INFO - Total cartes uniques trouvées: 68
2026-02-01 13:09:19,892 - __main__ - INFO - Page 4: 68 cartes trouvées
2026-02-01 13:09:20,510 - __main__ - INFO - ✅ PAGE 4: 8 annonces valides, 60 invalides
2026-02-01 13:09:20,600 - __main__ - INFO - ✅ Page 4: 8 annonces trouvées
2026-02-01 13:09:20,601 - __main__ - INFO - 🔍 Extraction des détails pour 8 annonces...
2026-02-01 13:09:38,072 - __main__ - INFO -   📊 Détails: 5/8 (62%)
2026-02-01 13:09:47,556 - __main__ - INFO -   📊 Détails: 8/8 (100%)
2026-02-01 13:09:47,858 - __main__ - INFO - 📈 La Soukra: 107/107 annonces accumulées
2026-02-01 13:09:47,858 - __main__ - INFO - 🎯 OBJECTIF ATTEINT POUR La Soukra: 107 annonces
2026-02-01 13:09:47,859 - __main__ - INFO - ✅ FIN SCRAPING La Soukra: 107 annonces
2026-02-01 13:09:47,860 - __main__ - INFO - ✅ La Soukra: 107 annonces scrapées
2026-02-01 13:09:47,959 - __main__ - INFO - ✅ CSV SAUVEGARDÉ: mubawab_vente_maisons_complet_20260201_130947.csv
2026-02-01 13:09:48,067 - __main__ - INFO - ✅ JSON SAUVEGARDÉ: mubawab_vente_maisons_complet_20260201_130947.json
