2026-02-01 12:14:17,713 - __main__ - INFO - 🚀 DÉBUT SCRAPING COMPLET - 1 RÉGIONS
2026-02-01 12:14:17,714 - __main__ - INFO - 
============================================================
2026-02-01 12:14:17,716 - __main__ - INFO - 🎯 DÉBUT RÉGION: La Marsa
2026-02-01 12:14:17,716 - __main__ - INFO - ============================================================
2026-02-01 12:14:17,717 - __main__ - INFO - 🚀 DÉBUT SCRAPING RÉGION: La Marsa
2026-02-01 12:14:17,718 - __main__ - INFO - Détection pour: https://www.mubawab.tn/fr/st/la-marsa/locaux-a-louer
2026-02-01 12:14:20,898 - __main__ - INFO - ✅ Détecté via numResults: 172 annonces
2026-02-01 12:14:20,943 - __main__ - INFO - 📊 Estimation: 5 pages à 35 annonces/page
2026-02-01 12:14:20,945 - __main__ - INFO - 📊 La Marsa: 172 annonces détectées
2026-02-01 12:14:20,945 - __main__ - INFO - 📄 Objectif: 172 annonces sur 5/5 pages
2026-02-01 12:14:20,945 - __main__ - INFO - 📈 Estimation: 35 annonces par page
2026-02-01 12:14:20,945 - __main__ - INFO - 📄 SCRAPING PAGE 1: https://www.mubawab.tn/fr/st/la-marsa/locaux-a-louer
2026-02-01 12:14:22,747 - __main__ - INFO - Total cartes uniques trouvées: 34
2026-02-01 12:14:22,747 - __main__ - INFO - Page 1: 34 cartes trouvées
2026-02-01 12:14:22,979 - __main__ - INFO - ✅ PAGE 1: 32 annonces valides, 2 invalides
2026-02-01 12:14:23,048 - __main__ - INFO - ✅ Page 1: 32 annonces trouvées
2026-02-01 12:14:23,049 - __main__ - INFO - 🔍 Extraction des détails pour 32 annonces...
2026-02-01 12:14:37,228 - __main__ - INFO -   📊 Détails: 5/32 (16%)
2026-02-01 12:14:51,070 - __main__ - INFO -   📊 Détails: 10/32 (31%)
2026-02-01 12:15:04,884 - __main__ - INFO -   📊 Détails: 15/32 (47%)
2026-02-01 12:15:18,947 - __main__ - INFO -   📊 Détails: 20/32 (62%)
2026-02-01 12:15:32,656 - __main__ - INFO -   📊 Détails: 25/32 (78%)
2026-02-01 12:15:46,377 - __main__ - INFO -   📊 Détails: 30/32 (94%)
2026-02-01 12:15:52,476 - __main__ - INFO -   📊 Détails: 32/32 (100%)
2026-02-01 12:15:52,783 - __main__ - INFO - 📈 La Marsa: 32/172 annonces accumulées
2026-02-01 12:15:52,783 - __main__ - INFO - ⏳ Pause de 2s avant page 2...
2026-02-01 12:15:54,785 - __main__ - INFO - 📄 SCRAPING PAGE 2: https://www.mubawab.tn/fr/st/la-marsa/locaux-a-louer:p:2
2026-02-01 12:15:56,404 - __main__ - INFO - Total cartes uniques trouvées: 34
2026-02-01 12:15:56,404 - __main__ - INFO - Page 2: 34 cartes trouvées
2026-02-01 12:15:56,616 - __main__ - INFO - ✅ PAGE 2: 32 annonces valides, 2 invalides
2026-02-01 12:15:56,697 - __main__ - INFO - ✅ Page 2: 32 annonces trouvées
2026-02-01 12:15:56,701 - __main__ - INFO - 🔍 Extraction des détails pour 32 annonces...
2026-02-01 12:16:11,144 - __main__ - INFO -   📊 Détails: 5/32 (16%)
2026-02-01 12:16:25,725 - __main__ - INFO -   📊 Détails: 10/32 (31%)
2026-02-01 12:16:40,100 - __main__ - INFO -   📊 Détails: 15/32 (47%)
2026-02-01 12:16:54,354 - __main__ - INFO -   📊 Détails: 20/32 (62%)
2026-02-01 12:17:09,868 - __main__ - INFO -   📊 Détails: 25/32 (78%)
2026-02-01 12:17:23,843 - __main__ - INFO -   📊 Détails: 30/32 (94%)
2026-02-01 12:17:29,565 - __main__ - INFO -   📊 Détails: 32/32 (100%)
2026-02-01 12:17:29,866 - __main__ - INFO - 📈 La Marsa: 64/172 annonces accumulées
2026-02-01 12:17:29,866 - __main__ - INFO - ⏳ Pause de 2s avant page 3...
2026-02-01 12:17:31,870 - __main__ - INFO - 📄 SCRAPING PAGE 3: https://www.mubawab.tn/fr/st/la-marsa/locaux-a-louer:p:3
2026-02-01 12:17:33,429 - __main__ - INFO - Total cartes uniques trouvées: 34
2026-02-01 12:17:33,429 - __main__ - INFO - Page 3: 34 cartes trouvées
2026-02-01 12:17:33,631 - __main__ - INFO - ✅ PAGE 3: 32 annonces valides, 2 invalides
2026-02-01 12:17:33,679 - __main__ - INFO - ✅ Page 3: 32 annonces trouvées
2026-02-01 12:17:33,679 - __main__ - INFO - 🔍 Extraction des détails pour 32 annonces...
2026-02-01 12:17:47,606 - __main__ - INFO -   📊 Détails: 5/32 (16%)
2026-02-01 12:18:03,258 - __main__ - INFO -   📊 Détails: 10/32 (31%)
2026-02-01 12:18:17,912 - __main__ - INFO -   📊 Détails: 15/32 (47%)
2026-02-01 12:18:33,955 - __main__ - INFO -   📊 Détails: 20/32 (62%)
2026-02-01 12:18:47,953 - __main__ - INFO -   📊 Détails: 25/32 (78%)
2026-02-01 12:19:02,808 - __main__ - INFO -   📊 Détails: 30/32 (94%)
2026-02-01 12:19:11,162 - __main__ - INFO -   📊 Détails: 32/32 (100%)
2026-02-01 12:19:11,463 - __main__ - INFO - 📈 La Marsa: 96/172 annonces accumulées
2026-02-01 12:19:11,463 - __main__ - INFO - ⏳ Pause de 2s avant page 4...
2026-02-01 12:19:13,479 - __main__ - INFO - 📄 SCRAPING PAGE 4: https://www.mubawab.tn/fr/st/la-marsa/locaux-a-louer:p:4
2026-02-01 12:19:15,398 - __main__ - INFO - Total cartes uniques trouvées: 34
2026-02-01 12:19:15,399 - __main__ - INFO - Page 4: 34 cartes trouvées
2026-02-01 12:19:15,537 - __main__ - INFO - ✅ PAGE 4: 32 annonces valides, 2 invalides
2026-02-01 12:19:15,669 - __main__ - INFO - ✅ Page 4: 32 annonces trouvées
2026-02-01 12:19:15,671 - __main__ - INFO - 🔍 Extraction des détails pour 32 annonces...
2026-02-01 12:19:29,326 - __main__ - INFO -   📊 Détails: 5/32 (16%)
2026-02-01 12:19:44,454 - __main__ - INFO -   📊 Détails: 10/32 (31%)
2026-02-01 12:19:59,667 - __main__ - INFO -   📊 Détails: 15/32 (47%)
2026-02-01 12:20:13,922 - __main__ - INFO -   📊 Détails: 20/32 (62%)
2026-02-01 12:20:28,379 - __main__ - INFO -   📊 Détails: 25/32 (78%)
2026-02-01 12:20:43,387 - __main__ - INFO -   📊 Détails: 30/32 (94%)
2026-02-01 12:20:49,312 - __main__ - INFO -   📊 Détails: 32/32 (100%)
2026-02-01 12:20:49,615 - __main__ - INFO - 📈 La Marsa: 128/172 annonces accumulées
2026-02-01 12:20:49,615 - __main__ - INFO - ⏳ Pause de 4s avant page 5...
2026-02-01 12:20:53,618 - __main__ - INFO - 📄 SCRAPING PAGE 5: https://www.mubawab.tn/fr/st/la-marsa/locaux-a-louer:p:5
2026-02-01 12:20:55,144 - __main__ - INFO - Total cartes uniques trouvées: 34
2026-02-01 12:20:55,145 - __main__ - INFO - Page 5: 34 cartes trouvées
2026-02-01 12:20:55,370 - __main__ - INFO - ✅ PAGE 5: 31 annonces valides, 3 invalides
2026-02-01 12:20:55,405 - __main__ - INFO - ✅ Page 5: 31 annonces trouvées
2026-02-01 12:20:55,419 - __main__ - INFO - 🔍 Extraction des détails pour 31 annonces...
2026-02-01 12:21:09,240 - __main__ - INFO -   📊 Détails: 5/31 (16%)
2026-02-01 12:21:23,077 - __main__ - INFO -   📊 Détails: 10/31 (32%)
2026-02-01 12:21:37,008 - __main__ - INFO -   📊 Détails: 15/31 (48%)
2026-02-01 12:21:51,242 - __main__ - INFO -   📊 Détails: 20/31 (65%)
2026-02-01 12:22:05,066 - __main__ - INFO -   📊 Détails: 25/31 (81%)
2026-02-01 12:22:19,775 - __main__ - INFO -   📊 Détails: 30/31 (97%)
2026-02-01 12:22:22,565 - __main__ - INFO -   📊 Détails: 31/31 (100%)
2026-02-01 12:22:22,867 - __main__ - INFO - 📈 La Marsa: 159/172 annonces accumulées
2026-02-01 12:22:22,867 - __main__ - INFO - 📄 DERNIÈRE PAGE ATTEINTE POUR La Marsa
2026-02-01 12:22:22,867 - __main__ - INFO - ✅ FIN SCRAPING La Marsa: 159 annonces
2026-02-01 12:22:22,867 - __main__ - INFO - ✅ La Marsa: 159 annonces scrapées
2026-02-01 12:22:22,905 - __main__ - INFO - ✅ CSV SAUVEGARDÉ: mubawab_location_locaux_commerciaux_la_marsa_20260201_122222.csv
2026-02-01 12:22:22,952 - __main__ - INFO - ✅ JSON SAUVEGARDÉ: mubawab_location_locaux_commerciaux_la_marsa_20260201_122222.json
