2026-02-01 17:54:38,453 - __main__ - INFO - 🚀 DÉBUT SCRAPING IMMOBILIER NEUF
2026-02-01 17:54:38,455 - __main__ - INFO - Détection pour: https://www.mubawab.tn/fr/listing-promotion
2026-02-01 17:54:42,315 - __main__ - INFO - ✅ Détecté: 21 annonces directement dans listingUl
2026-02-01 17:54:42,419 - __main__ - INFO - Pages trouvées dans pagination: max=5
2026-02-01 17:54:42,419 - __main__ - INFO - 📊 Pagination trouvée: 5 pages
2026-02-01 17:54:42,419 - __main__ - INFO - 📊 DÉTECTION: 21 annonces au total
2026-02-01 17:54:42,419 - __main__ - INFO - 📄 Objectif: 5/5 pages
2026-02-01 17:54:42,428 - __main__ - INFO - 📈 Estimation: 21 annonces par page
2026-02-01 17:54:42,428 - __main__ - INFO - 🎯 Maximum: 105 annonces
2026-02-01 17:54:42,431 - __main__ - INFO - 📄 SCRAPING PAGE 1: https://www.mubawab.tn/fr/listing-promotion
2026-02-01 17:54:44,372 - __main__ - INFO - Total cartes uniques trouvées: 21
2026-02-01 17:54:44,372 - __main__ - INFO - Page 1: 21 cartes trouvées
2026-02-01 17:54:44,502 - __main__ - INFO - ✅ PAGE 1: 21 annonces valides, 0 invalides
2026-02-01 17:54:44,503 - __main__ - INFO - 📸 31 images trouvées sur cette page
2026-02-01 17:54:44,621 - __main__ - INFO - ✅ Page 1: 21 annonces trouvées
2026-02-01 17:54:44,685 - __main__ - INFO - 🔍 Extraction des détails pour 21 annonces...
2026-02-01 17:55:03,411 - __main__ - INFO -   📊 Détails: 5/21 (24%)
2026-02-01 17:55:23,255 - __main__ - INFO -   📊 Détails: 10/21 (48%)
2026-02-01 17:55:42,687 - __main__ - INFO -   📊 Détails: 15/21 (71%)
2026-02-01 17:56:02,292 - __main__ - INFO -   📊 Détails: 20/21 (95%)
2026-02-01 17:56:06,579 - __main__ - INFO -   📊 Détails: 21/21 (100%)
2026-02-01 17:56:07,091 - __main__ - INFO - 📈 Total: 21/105 annonces accumulées
2026-02-01 17:56:07,091 - __main__ - INFO - ⏳ Pause de 2s avant page 2...
2026-02-01 17:56:09,093 - __main__ - INFO - 📄 SCRAPING PAGE 2: https://www.mubawab.tn/fr/listing-promotion:p:2
2026-02-01 17:56:11,132 - __main__ - INFO - Total cartes uniques trouvées: 21
2026-02-01 17:56:11,134 - __main__ - INFO - Page 2: 21 cartes trouvées
2026-02-01 17:56:11,234 - __main__ - INFO - ✅ PAGE 2: 13 annonces valides, 8 invalides
2026-02-01 17:56:11,234 - __main__ - INFO - 📸 20 images trouvées sur cette page
2026-02-01 17:56:11,309 - __main__ - INFO - ✅ Page 2: 13 annonces trouvées
2026-02-01 17:56:11,309 - __main__ - INFO - 🔍 Extraction des détails pour 13 annonces...
2026-02-01 17:56:29,538 - __main__ - INFO -   📊 Détails: 5/13 (38%)
2026-02-01 17:56:47,894 - __main__ - INFO -   📊 Détails: 10/13 (77%)
2026-02-01 17:56:58,844 - __main__ - INFO -   📊 Détails: 13/13 (100%)
2026-02-01 17:56:59,345 - __main__ - INFO - 📈 Total: 34/105 annonces accumulées
2026-02-01 17:56:59,345 - __main__ - INFO - ⏳ Pause de 2s avant page 3...
2026-02-01 17:57:01,346 - __main__ - INFO - 📄 SCRAPING PAGE 3: https://www.mubawab.tn/fr/listing-promotion:p:3
2026-02-01 17:57:03,023 - __main__ - INFO - Total cartes uniques trouvées: 21
2026-02-01 17:57:03,023 - __main__ - INFO - Page 3: 21 cartes trouvées
2026-02-01 17:57:03,119 - __main__ - INFO - ✅ PAGE 3: 9 annonces valides, 12 invalides
2026-02-01 17:57:03,119 - __main__ - INFO - 📸 12 images trouvées sur cette page
2026-02-01 17:57:03,202 - __main__ - INFO - ✅ Page 3: 9 annonces trouvées
2026-02-01 17:57:03,202 - __main__ - INFO - 🔍 Extraction des détails pour 9 annonces...
2026-02-01 17:57:21,010 - __main__ - INFO -   📊 Détails: 5/9 (56%)
2026-02-01 17:57:35,764 - __main__ - INFO -   📊 Détails: 9/9 (100%)
2026-02-01 17:57:36,274 - __main__ - INFO - 📈 Total: 43/105 annonces accumulées
2026-02-01 17:57:36,274 - __main__ - INFO - ⏳ Pause de 2s avant page 4...
2026-02-01 17:57:38,277 - __main__ - INFO - 📄 SCRAPING PAGE 4: https://www.mubawab.tn/fr/listing-promotion:p:4
2026-02-01 17:57:40,036 - __main__ - INFO - Total cartes uniques trouvées: 21
2026-02-01 17:57:40,038 - __main__ - INFO - Page 4: 21 cartes trouvées
2026-02-01 17:57:40,136 - __main__ - INFO - ✅ PAGE 4: 16 annonces valides, 5 invalides
2026-02-01 17:57:40,136 - __main__ - INFO - 📸 25 images trouvées sur cette page
2026-02-01 17:57:40,220 - __main__ - INFO - ✅ Page 4: 16 annonces trouvées
2026-02-01 17:57:40,220 - __main__ - INFO - 🔍 Extraction des détails pour 16 annonces...
2026-02-01 17:57:59,077 - __main__ - INFO -   📊 Détails: 5/16 (31%)
2026-02-01 17:58:18,162 - __main__ - INFO -   📊 Détails: 10/16 (62%)
2026-02-01 17:58:36,537 - __main__ - INFO -   📊 Détails: 15/16 (94%)
2026-02-01 17:58:40,878 - __main__ - INFO -   📊 Détails: 16/16 (100%)
2026-02-01 17:58:41,385 - __main__ - INFO - 📈 Total: 59/105 annonces accumulées
2026-02-01 17:58:41,385 - __main__ - INFO - ⏳ Pause de 4s avant page 5...
2026-02-01 17:58:45,387 - __main__ - INFO - 📄 SCRAPING PAGE 5: https://www.mubawab.tn/fr/listing-promotion:p:5
2026-02-01 17:58:47,062 - __main__ - INFO - Total cartes uniques trouvées: 19
2026-02-01 17:58:47,064 - __main__ - INFO - Page 5: 19 cartes trouvées
2026-02-01 17:58:47,130 - __main__ - INFO - ✅ PAGE 5: 16 annonces valides, 3 invalides
2026-02-01 17:58:47,144 - __main__ - INFO - 📸 19 images trouvées sur cette page
2026-02-01 17:58:47,215 - __main__ - INFO - ✅ Page 5: 16 annonces trouvées
2026-02-01 17:58:47,215 - __main__ - INFO - 🔍 Extraction des détails pour 16 annonces...
2026-02-01 17:59:05,714 - __main__ - INFO -   📊 Détails: 5/16 (31%)
2026-02-01 17:59:25,058 - __main__ - INFO -   📊 Détails: 10/16 (62%)
2026-02-01 17:59:44,294 - __main__ - INFO -   📊 Détails: 15/16 (94%)
2026-02-01 17:59:48,283 - __main__ - INFO -   📊 Détails: 16/16 (100%)
2026-02-01 17:59:48,785 - __main__ - INFO - 📈 Total: 75/105 annonces accumulées
2026-02-01 17:59:48,787 - __main__ - INFO - 📄 DERNIÈRE PAGE ATTEINTE
2026-02-01 17:59:48,822 - __main__ - INFO - ✅ CSV SAUVEGARDÉ: mubawab_immobilier_neuf_complet_20260201_175948.csv
2026-02-01 17:59:48,857 - __main__ - INFO - ✅ JSON SAUVEGARDÉ: mubawab_immobilier_neuf_complet_20260201_175948.json
