2026-02-01 11:51:41,630 - __main__ - INFO - 🚀 DÉBUT SCRAPING COMPLET - 1 RÉGIONS
2026-02-01 11:51:41,632 - __main__ - INFO - 
============================================================
2026-02-01 11:51:41,634 - __main__ - INFO - 🎯 DÉBUT RÉGION: La Marsa
2026-02-01 11:51:41,635 - __main__ - INFO - ============================================================
2026-02-01 11:51:41,636 - __main__ - INFO - 🚀 DÉBUT SCRAPING RÉGION: La Marsa
2026-02-01 11:51:41,637 - __main__ - INFO - Détection pour: https://www.mubawab.tn/fr/st/la-marsa/maisons-a-louer
2026-02-01 11:51:45,829 - __main__ - INFO - ✅ Détecté via numResults: 333 annonces
2026-02-01 11:51:45,907 - __main__ - INFO - 📊 Estimation: 10 pages à 35 annonces/page
2026-02-01 11:51:45,907 - __main__ - INFO - 📊 La Marsa: 333 annonces détectées
2026-02-01 11:51:45,908 - __main__ - INFO - 📄 Objectif: 333 annonces sur 10/10 pages
2026-02-01 11:51:45,909 - __main__ - INFO - 📈 Estimation: 35 annonces par page
2026-02-01 11:51:45,910 - __main__ - INFO - 📄 SCRAPING PAGE 1: https://www.mubawab.tn/fr/st/la-marsa/maisons-a-louer
2026-02-01 11:51:48,099 - __main__ - INFO - Total cartes uniques trouvées: 35
2026-02-01 11:51:48,099 - __main__ - INFO - Page 1: 35 cartes trouvées
2026-02-01 11:51:48,821 - __main__ - INFO - ✅ PAGE 1: 29 annonces valides, 6 invalides
2026-02-01 11:51:48,924 - __main__ - INFO - ✅ Page 1: 29 annonces trouvées
2026-02-01 11:51:48,925 - __main__ - INFO - 🔍 Extraction des détails pour 29 annonces...
2026-02-01 11:52:04,456 - __main__ - INFO -   📊 Détails: 5/29 (17%)
2026-02-01 11:52:22,335 - __main__ - INFO -   📊 Détails: 10/29 (34%)
2026-02-01 11:52:38,937 - __main__ - INFO -   📊 Détails: 15/29 (52%)
2026-02-01 11:52:56,851 - __main__ - INFO -   📊 Détails: 20/29 (69%)
2026-02-01 11:53:14,354 - __main__ - INFO -   📊 Détails: 25/29 (86%)
2026-02-01 11:53:28,326 - __main__ - INFO -   📊 Détails: 29/29 (100%)
2026-02-01 11:53:28,628 - __main__ - INFO - 📈 La Marsa: 29/333 annonces accumulées
2026-02-01 11:53:28,628 - __main__ - INFO - ⏳ Pause de 2s avant page 2...
2026-02-01 11:53:30,632 - __main__ - INFO - 📄 SCRAPING PAGE 2: https://www.mubawab.tn/fr/st/la-marsa/maisons-a-louer:p:2
2026-02-01 11:53:33,200 - __main__ - INFO - Total cartes uniques trouvées: 35
2026-02-01 11:53:33,201 - __main__ - INFO - Page 2: 35 cartes trouvées
2026-02-01 11:53:33,594 - __main__ - INFO - ✅ PAGE 2: 33 annonces valides, 2 invalides
2026-02-01 11:53:33,664 - __main__ - INFO - ✅ Page 2: 33 annonces trouvées
2026-02-01 11:53:33,664 - __main__ - INFO - 🔍 Extraction des détails pour 33 annonces...
2026-02-01 11:53:49,888 - __main__ - INFO -   📊 Détails: 5/33 (15%)
2026-02-01 11:54:06,209 - __main__ - INFO -   📊 Détails: 10/33 (30%)
2026-02-01 11:54:23,687 - __main__ - INFO -   📊 Détails: 15/33 (45%)
2026-02-01 11:54:38,287 - __main__ - INFO -   📊 Détails: 20/33 (61%)
2026-02-01 11:54:58,434 - __main__ - INFO -   📊 Détails: 25/33 (76%)
2026-02-01 11:55:15,267 - __main__ - INFO -   📊 Détails: 30/33 (91%)
2026-02-01 11:55:33,420 - __main__ - INFO -   📊 Détails: 33/33 (100%)
2026-02-01 11:55:33,721 - __main__ - INFO - 📈 La Marsa: 62/333 annonces accumulées
2026-02-01 11:55:33,721 - __main__ - INFO - ⏳ Pause de 2s avant page 3...
2026-02-01 11:55:35,722 - __main__ - INFO - 📄 SCRAPING PAGE 3: https://www.mubawab.tn/fr/st/la-marsa/maisons-a-louer:p:3
2026-02-01 11:55:38,440 - __main__ - INFO - Total cartes uniques trouvées: 35
2026-02-01 11:55:38,441 - __main__ - INFO - Page 3: 35 cartes trouvées
2026-02-01 11:55:38,843 - __main__ - INFO - ✅ PAGE 3: 32 annonces valides, 3 invalides
2026-02-01 11:55:38,905 - __main__ - INFO - ✅ Page 3: 32 annonces trouvées
2026-02-01 11:55:38,906 - __main__ - INFO - 🔍 Extraction des détails pour 32 annonces...
2026-02-01 11:55:54,780 - __main__ - INFO -   📊 Détails: 5/32 (16%)
2026-02-01 11:56:11,006 - __main__ - INFO -   📊 Détails: 10/32 (31%)
2026-02-01 11:56:27,687 - __main__ - INFO -   📊 Détails: 15/32 (47%)
2026-02-01 11:56:42,909 - __main__ - INFO -   📊 Détails: 20/32 (62%)
2026-02-01 11:56:59,669 - __main__ - INFO -   📊 Détails: 25/32 (78%)
2026-02-01 11:57:16,482 - __main__ - INFO -   📊 Détails: 30/32 (94%)
2026-02-01 11:57:23,372 - __main__ - INFO -   📊 Détails: 32/32 (100%)
2026-02-01 11:57:23,674 - __main__ - INFO - 📈 La Marsa: 94/333 annonces accumulées
2026-02-01 11:57:23,674 - __main__ - INFO - ⏳ Pause de 2s avant page 4...
2026-02-01 11:57:25,677 - __main__ - INFO - 📄 SCRAPING PAGE 4: https://www.mubawab.tn/fr/st/la-marsa/maisons-a-louer:p:4
2026-02-01 11:57:28,794 - __main__ - INFO - Total cartes uniques trouvées: 35
2026-02-01 11:57:28,794 - __main__ - INFO - Page 4: 35 cartes trouvées
2026-02-01 11:57:29,286 - __main__ - INFO - ✅ PAGE 4: 32 annonces valides, 3 invalides
2026-02-01 11:57:29,346 - __main__ - INFO - ✅ Page 4: 32 annonces trouvées
2026-02-01 11:57:29,347 - __main__ - INFO - 🔍 Extraction des détails pour 32 annonces...
2026-02-01 11:57:43,785 - __main__ - INFO -   📊 Détails: 5/32 (16%)
2026-02-01 11:57:58,045 - __main__ - INFO -   📊 Détails: 10/32 (31%)
2026-02-01 11:58:11,828 - __main__ - INFO -   📊 Détails: 15/32 (47%)
2026-02-01 11:58:26,459 - __main__ - INFO -   📊 Détails: 20/32 (62%)
2026-02-01 11:58:40,999 - __main__ - INFO -   📊 Détails: 25/32 (78%)
2026-02-01 11:58:55,820 - __main__ - INFO -   📊 Détails: 30/32 (94%)
2026-02-01 11:59:01,353 - __main__ - INFO -   📊 Détails: 32/32 (100%)
2026-02-01 11:59:01,655 - __main__ - INFO - 📈 La Marsa: 126/333 annonces accumulées
2026-02-01 11:59:01,655 - __main__ - INFO - ⏳ Pause de 4s avant page 5...
2026-02-01 11:59:05,657 - __main__ - INFO - 📄 SCRAPING PAGE 5: https://www.mubawab.tn/fr/st/la-marsa/maisons-a-louer:p:5
2026-02-01 11:59:07,932 - __main__ - INFO - Total cartes uniques trouvées: 35
2026-02-01 11:59:07,932 - __main__ - INFO - Page 5: 35 cartes trouvées
2026-02-01 11:59:08,286 - __main__ - INFO - ✅ PAGE 5: 33 annonces valides, 2 invalides
2026-02-01 11:59:08,347 - __main__ - INFO - ✅ Page 5: 33 annonces trouvées
2026-02-01 11:59:08,348 - __main__ - INFO - 🔍 Extraction des détails pour 33 annonces...
2026-02-01 11:59:22,290 - __main__ - INFO -   📊 Détails: 5/33 (15%)
2026-02-01 11:59:36,316 - __main__ - INFO -   📊 Détails: 10/33 (30%)
2026-02-01 11:59:52,254 - __main__ - INFO -   📊 Détails: 15/33 (45%)
2026-02-01 12:00:06,882 - __main__ - INFO -   📊 Détails: 20/33 (61%)
2026-02-01 12:00:20,848 - __main__ - INFO -   📊 Détails: 25/33 (76%)
2026-02-01 12:00:35,435 - __main__ - INFO -   📊 Détails: 30/33 (91%)
2026-02-01 12:00:44,680 - __main__ - INFO -   📊 Détails: 33/33 (100%)
2026-02-01 12:00:44,982 - __main__ - INFO - 📈 La Marsa: 159/333 annonces accumulées
2026-02-01 12:00:44,982 - __main__ - INFO - ⏳ Pause de 2s avant page 6...
2026-02-01 12:00:46,983 - __main__ - INFO - 📄 SCRAPING PAGE 6: https://www.mubawab.tn/fr/st/la-marsa/maisons-a-louer:p:6
2026-02-01 12:00:49,079 - __main__ - INFO - Total cartes uniques trouvées: 35
2026-02-01 12:00:49,079 - __main__ - INFO - Page 6: 35 cartes trouvées
2026-02-01 12:00:49,556 - __main__ - INFO - ✅ PAGE 6: 33 annonces valides, 2 invalides
2026-02-01 12:00:49,742 - __main__ - INFO - ✅ Page 6: 33 annonces trouvées
2026-02-01 12:00:49,747 - __main__ - INFO - 🔍 Extraction des détails pour 33 annonces...
2026-02-01 12:01:03,136 - __main__ - INFO -   📊 Détails: 5/33 (15%)
2026-02-01 12:01:18,144 - __main__ - INFO -   📊 Détails: 10/33 (30%)
2026-02-01 12:01:32,554 - __main__ - INFO -   📊 Détails: 15/33 (45%)
2026-02-01 12:01:46,004 - __main__ - INFO -   📊 Détails: 20/33 (61%)
2026-02-01 12:02:01,148 - __main__ - INFO -   📊 Détails: 25/33 (76%)
2026-02-01 12:02:15,140 - __main__ - INFO -   📊 Détails: 30/33 (91%)
2026-02-01 12:02:24,247 - __main__ - INFO -   📊 Détails: 33/33 (100%)
2026-02-01 12:02:24,549 - __main__ - INFO - 📈 La Marsa: 192/333 annonces accumulées
2026-02-01 12:02:24,549 - __main__ - INFO - ⏳ Pause de 2s avant page 7...
2026-02-01 12:02:26,552 - __main__ - INFO - 📄 SCRAPING PAGE 7: https://www.mubawab.tn/fr/st/la-marsa/maisons-a-louer:p:7
2026-02-01 12:02:28,732 - __main__ - INFO - Total cartes uniques trouvées: 35
2026-02-01 12:02:28,733 - __main__ - INFO - Page 7: 35 cartes trouvées
2026-02-01 12:02:29,200 - __main__ - INFO - ✅ PAGE 7: 32 annonces valides, 3 invalides
2026-02-01 12:02:29,283 - __main__ - INFO - ✅ Page 7: 32 annonces trouvées
2026-02-01 12:02:29,283 - __main__ - INFO - 🔍 Extraction des détails pour 32 annonces...
2026-02-01 12:02:42,966 - __main__ - INFO -   📊 Détails: 5/32 (16%)
2026-02-01 12:02:58,088 - __main__ - INFO -   📊 Détails: 10/32 (31%)
2026-02-01 12:03:13,168 - __main__ - INFO -   📊 Détails: 15/32 (47%)
2026-02-01 12:03:27,684 - __main__ - INFO -   📊 Détails: 20/32 (62%)
2026-02-01 12:03:41,255 - __main__ - INFO -   📊 Détails: 25/32 (78%)
2026-02-01 12:03:54,996 - __main__ - INFO -   📊 Détails: 30/32 (94%)
2026-02-01 12:04:00,513 - __main__ - INFO -   📊 Détails: 32/32 (100%)
2026-02-01 12:04:00,829 - __main__ - INFO - 📈 La Marsa: 224/333 annonces accumulées
2026-02-01 12:04:00,829 - __main__ - INFO - ⏳ Pause de 2s avant page 8...
2026-02-01 12:04:02,830 - __main__ - INFO - 📄 SCRAPING PAGE 8: https://www.mubawab.tn/fr/st/la-marsa/maisons-a-louer:p:8
2026-02-01 12:04:05,549 - __main__ - INFO - Total cartes uniques trouvées: 35
2026-02-01 12:04:05,549 - __main__ - INFO - Page 8: 35 cartes trouvées
2026-02-01 12:04:05,927 - __main__ - INFO - ✅ PAGE 8: 33 annonces valides, 2 invalides
2026-02-01 12:04:06,001 - __main__ - INFO - ✅ Page 8: 33 annonces trouvées
2026-02-01 12:04:06,001 - __main__ - INFO - 🔍 Extraction des détails pour 33 annonces...
2026-02-01 12:04:20,280 - __main__ - INFO -   📊 Détails: 5/33 (15%)
2026-02-01 12:04:35,592 - __main__ - INFO -   📊 Détails: 10/33 (30%)
2026-02-01 12:04:51,164 - __main__ - INFO -   📊 Détails: 15/33 (45%)
2026-02-01 12:05:05,927 - __main__ - INFO -   📊 Détails: 20/33 (61%)
2026-02-01 12:05:20,862 - __main__ - INFO -   📊 Détails: 25/33 (76%)
2026-02-01 12:05:36,315 - __main__ - INFO -   📊 Détails: 30/33 (91%)
2026-02-01 12:05:45,225 - __main__ - INFO -   📊 Détails: 33/33 (100%)
2026-02-01 12:05:45,526 - __main__ - INFO - 📈 La Marsa: 257/333 annonces accumulées
2026-02-01 12:05:45,526 - __main__ - INFO - ⏳ Pause de 2s avant page 9...
2026-02-01 12:05:47,528 - __main__ - INFO - 📄 SCRAPING PAGE 9: https://www.mubawab.tn/fr/st/la-marsa/maisons-a-louer:p:9
2026-02-01 12:05:49,438 - __main__ - INFO - Total cartes uniques trouvées: 35
2026-02-01 12:05:49,438 - __main__ - INFO - Page 9: 35 cartes trouvées
2026-02-01 12:05:49,850 - __main__ - INFO - ✅ PAGE 9: 33 annonces valides, 2 invalides
2026-02-01 12:05:49,939 - __main__ - INFO - ✅ Page 9: 33 annonces trouvées
2026-02-01 12:05:49,939 - __main__ - INFO - 🔍 Extraction des détails pour 33 annonces...
2026-02-01 12:06:04,309 - __main__ - INFO -   📊 Détails: 5/33 (15%)
2026-02-01 12:06:19,284 - __main__ - INFO -   📊 Détails: 10/33 (30%)
2026-02-01 12:06:34,926 - __main__ - INFO -   📊 Détails: 15/33 (45%)
2026-02-01 12:06:50,513 - __main__ - INFO -   📊 Détails: 20/33 (61%)
2026-02-01 12:07:04,544 - __main__ - INFO -   📊 Détails: 25/33 (76%)
2026-02-01 12:07:20,243 - __main__ - INFO -   📊 Détails: 30/33 (91%)
2026-02-01 12:07:28,651 - __main__ - INFO -   📊 Détails: 33/33 (100%)
2026-02-01 12:07:28,952 - __main__ - INFO - 📈 La Marsa: 290/333 annonces accumulées
2026-02-01 12:07:28,952 - __main__ - INFO - ⏳ Pause de 4s avant page 10...
2026-02-01 12:07:32,953 - __main__ - INFO - 📄 SCRAPING PAGE 10: https://www.mubawab.tn/fr/st/la-marsa/maisons-a-louer:p:10
2026-02-01 12:07:35,063 - __main__ - INFO - Total cartes uniques trouvées: 35
2026-02-01 12:07:35,063 - __main__ - INFO - Page 10: 35 cartes trouvées
2026-02-01 12:07:35,485 - __main__ - INFO - ✅ PAGE 10: 32 annonces valides, 3 invalides
2026-02-01 12:07:35,555 - __main__ - INFO - ✅ Page 10: 32 annonces trouvées
2026-02-01 12:07:35,555 - __main__ - INFO - 🔍 Extraction des détails pour 32 annonces...
2026-02-01 12:07:49,295 - __main__ - INFO -   📊 Détails: 5/32 (16%)
2026-02-01 12:08:03,884 - __main__ - INFO -   📊 Détails: 10/32 (31%)
2026-02-01 12:08:18,121 - __main__ - INFO -   📊 Détails: 15/32 (47%)
2026-02-01 12:08:33,503 - __main__ - INFO -   📊 Détails: 20/32 (62%)
2026-02-01 12:08:47,250 - __main__ - INFO -   📊 Détails: 25/32 (78%)
2026-02-01 12:09:00,936 - __main__ - INFO -   📊 Détails: 30/32 (94%)
2026-02-01 12:09:06,509 - __main__ - INFO -   📊 Détails: 32/32 (100%)
2026-02-01 12:09:06,811 - __main__ - INFO - 📈 La Marsa: 322/333 annonces accumulées
2026-02-01 12:09:06,811 - __main__ - INFO - 📄 DERNIÈRE PAGE ATTEINTE POUR La Marsa
2026-02-01 12:09:06,811 - __main__ - INFO - ✅ FIN SCRAPING La Marsa: 322 annonces
2026-02-01 12:09:06,811 - __main__ - INFO - ✅ La Marsa: 322 annonces scrapées
2026-02-01 12:09:06,909 - __main__ - INFO - ✅ CSV SAUVEGARDÉ: mubawab_location_maisons_la_marsa_20260201_120906.csv
2026-02-01 12:09:07,014 - __main__ - INFO - ✅ JSON SAUVEGARDÉ: mubawab_location_maisons_la_marsa_20260201_120906.json
