2026-01-27 20:08:26,956 - __main__ - INFO - 🚀 DÉBUT SCRAPING COMPLET - 6 RÉGIONS
2026-01-27 20:08:26,956 - __main__ - INFO - 
============================================================
2026-01-27 20:08:26,957 - __main__ - INFO - 🎯 DÉBUT RÉGION: Hammamet
2026-01-27 20:08:26,959 - __main__ - INFO - ============================================================
2026-01-27 20:08:26,960 - __main__ - INFO - 🚀 DÉBUT SCRAPING RÉGION: Hammamet
2026-01-27 20:08:26,963 - __main__ - INFO - Détection pour: https://www.mubawab.tn/fr/st/hammamet/terrains-a-vendre
2026-01-27 20:08:35,618 - __main__ - INFO - ✅ Détecté: 455 annonces au total
2026-01-27 20:08:35,658 - __main__ - INFO - 📊 Estimation: 14 pages à 34 annonces/page
2026-01-27 20:08:35,663 - __main__ - INFO - 📊 Hammamet: 455 annonces détectées
2026-01-27 20:08:35,663 - __main__ - INFO - 📄 Objectif: 455 annonces sur 14/14 pages
2026-01-27 20:08:35,663 - __main__ - INFO - 📈 Estimation: 34 annonces par page
2026-01-27 20:08:35,663 - __main__ - INFO - 📄 SCRAPING PAGE 1: https://www.mubawab.tn/fr/st/hammamet/terrains-a-vendre
2026-01-27 20:08:38,687 - __main__ - INFO - Total cartes uniques trouvées: 34
2026-01-27 20:08:38,687 - __main__ - INFO - Page 1: 34 cartes trouvées
2026-01-27 20:08:38,858 - __main__ - INFO - ✅ PAGE 1: 33 annonces valides, 1 invalides
2026-01-27 20:08:38,908 - __main__ - INFO - ✅ Page 1: 33 annonces trouvées
2026-01-27 20:08:38,908 - __main__ - INFO - 🔍 Extraction des détails pour 33 annonces...
2026-01-27 20:10:05,980 - __main__ - INFO -   📊 Détails: 5/33 (15%)
2026-01-27 20:10:55,290 - __main__ - INFO -   📊 Détails: 10/33 (30%)
2026-01-27 20:11:17,377 - __main__ - INFO -   📊 Détails: 15/33 (45%)
2026-01-27 20:12:02,765 - __main__ - INFO -   📊 Détails: 20/33 (61%)
2026-01-27 20:12:25,894 - __main__ - INFO -   📊 Détails: 25/33 (76%)
2026-01-27 20:12:49,035 - __main__ - INFO -   📊 Détails: 30/33 (91%)
2026-01-27 20:13:00,986 - __main__ - INFO -   📊 Détails: 33/33 (100%)
2026-01-27 20:13:01,288 - __main__ - INFO - 📈 Hammamet: 33/455 annonces accumulées
2026-01-27 20:13:01,288 - __main__ - INFO - ⏳ Pause de 2s avant page 2...
2026-01-27 20:13:03,291 - __main__ - INFO - 📄 SCRAPING PAGE 2: https://www.mubawab.tn/fr/st/hammamet/terrains-a-vendre:p:2
2026-01-27 20:13:06,065 - __main__ - INFO - Total cartes uniques trouvées: 34
2026-01-27 20:13:06,065 - __main__ - INFO - Page 2: 34 cartes trouvées
2026-01-27 20:13:06,185 - __main__ - INFO - ✅ PAGE 2: 33 annonces valides, 1 invalides
2026-01-27 20:13:06,235 - __main__ - INFO - ✅ Page 2: 33 annonces trouvées
2026-01-27 20:13:06,235 - __main__ - INFO - 🔍 Extraction des détails pour 33 annonces...
2026-01-27 20:13:30,330 - __main__ - INFO -   📊 Détails: 5/33 (15%)
2026-01-27 20:13:57,480 - __main__ - INFO -   📊 Détails: 10/33 (30%)
2026-01-27 20:14:20,874 - __main__ - INFO -   📊 Détails: 15/33 (45%)
2026-01-27 20:14:40,747 - __main__ - INFO -   📊 Détails: 20/33 (61%)
2026-01-27 20:15:00,002 - __main__ - INFO -   📊 Détails: 25/33 (76%)
2026-01-27 20:15:20,292 - __main__ - INFO -   📊 Détails: 30/33 (91%)
2026-01-27 20:15:36,313 - __main__ - INFO -   📊 Détails: 33/33 (100%)
2026-01-27 20:15:36,616 - __main__ - INFO - 📈 Hammamet: 66/455 annonces accumulées
2026-01-27 20:15:36,616 - __main__ - INFO - ⏳ Pause de 2s avant page 3...
2026-01-27 20:15:38,618 - __main__ - INFO - 📄 SCRAPING PAGE 3: https://www.mubawab.tn/fr/st/hammamet/terrains-a-vendre:p:3
2026-01-27 20:15:42,691 - __main__ - INFO - Total cartes uniques trouvées: 34
2026-01-27 20:15:42,693 - __main__ - INFO - Page 3: 34 cartes trouvées
2026-01-27 20:15:42,839 - __main__ - INFO - ✅ PAGE 3: 33 annonces valides, 1 invalides
2026-01-27 20:15:42,892 - __main__ - INFO - ✅ Page 3: 33 annonces trouvées
2026-01-27 20:15:42,893 - __main__ - INFO - 🔍 Extraction des détails pour 33 annonces...
2026-01-27 20:16:08,520 - __main__ - INFO -   📊 Détails: 5/33 (15%)
2026-01-27 20:16:50,295 - __main__ - INFO -   📊 Détails: 10/33 (30%)
2026-01-27 20:17:17,366 - __main__ - INFO -   📊 Détails: 15/33 (45%)
2026-01-27 20:17:53,100 - __main__ - INFO -   📊 Détails: 20/33 (61%)
2026-01-27 20:18:45,214 - __main__ - INFO -   📊 Détails: 25/33 (76%)
2026-01-27 20:20:14,877 - __main__ - INFO -   📊 Détails: 30/33 (91%)
2026-01-27 20:20:37,065 - __main__ - INFO -   📊 Détails: 33/33 (100%)
2026-01-27 20:20:37,368 - __main__ - INFO - 📈 Hammamet: 99/455 annonces accumulées
2026-01-27 20:20:37,368 - __main__ - INFO - ⏳ Pause de 2s avant page 4...
2026-01-27 20:20:39,495 - __main__ - INFO - 📄 SCRAPING PAGE 4: https://www.mubawab.tn/fr/st/hammamet/terrains-a-vendre:p:4
2026-01-27 20:20:45,884 - __main__ - INFO - Total cartes uniques trouvées: 34
2026-01-27 20:20:45,884 - __main__ - INFO - Page 4: 34 cartes trouvées
2026-01-27 20:20:46,009 - __main__ - INFO - ✅ PAGE 4: 33 annonces valides, 1 invalides
2026-01-27 20:20:46,061 - __main__ - INFO - ✅ Page 4: 33 annonces trouvées
2026-01-27 20:20:46,061 - __main__ - INFO - 🔍 Extraction des détails pour 33 annonces...
2026-01-27 20:21:16,238 - __main__ - INFO -   📊 Détails: 5/33 (15%)
2026-01-27 20:21:57,015 - __main__ - INFO -   📊 Détails: 10/33 (30%)
2026-01-27 20:22:34,539 - __main__ - INFO -   📊 Détails: 15/33 (45%)
2026-01-27 20:23:33,611 - __main__ - INFO -   📊 Détails: 20/33 (61%)
2026-01-27 20:24:39,488 - __main__ - INFO -   📊 Détails: 25/33 (76%)
2026-01-27 20:25:13,662 - __main__ - INFO -   📊 Détails: 30/33 (91%)
2026-01-27 20:25:26,908 - __main__ - INFO -   📊 Détails: 33/33 (100%)
2026-01-27 20:25:27,226 - __main__ - INFO - 📈 Hammamet: 132/455 annonces accumulées
2026-01-27 20:25:27,226 - __main__ - INFO - ⏳ Pause de 4s avant page 5...
2026-01-27 20:25:31,228 - __main__ - INFO - 📄 SCRAPING PAGE 5: https://www.mubawab.tn/fr/st/hammamet/terrains-a-vendre:p:5
2026-01-27 20:25:34,615 - __main__ - INFO - Total cartes uniques trouvées: 34
2026-01-27 20:25:34,615 - __main__ - INFO - Page 5: 34 cartes trouvées
2026-01-27 20:25:34,781 - __main__ - INFO - ✅ PAGE 5: 33 annonces valides, 1 invalides
2026-01-27 20:25:34,857 - __main__ - INFO - ✅ Page 5: 33 annonces trouvées
2026-01-27 20:25:34,858 - __main__ - INFO - 🔍 Extraction des détails pour 33 annonces...
2026-01-27 20:25:59,930 - __main__ - INFO -   📊 Détails: 5/33 (15%)
2026-01-27 20:26:24,461 - __main__ - INFO -   📊 Détails: 10/33 (30%)
2026-01-27 20:27:27,601 - __main__ - INFO -   📊 Détails: 15/33 (45%)
2026-01-27 20:27:49,310 - __main__ - INFO -   📊 Détails: 20/33 (61%)
2026-01-27 20:28:12,763 - __main__ - INFO -   📊 Détails: 25/33 (76%)
2026-01-27 20:28:36,497 - __main__ - INFO -   📊 Détails: 30/33 (91%)
2026-01-27 20:28:50,339 - __main__ - INFO -   📊 Détails: 33/33 (100%)
2026-01-27 20:28:50,640 - __main__ - INFO - 📈 Hammamet: 165/455 annonces accumulées
2026-01-27 20:28:50,641 - __main__ - INFO - ⏳ Pause de 2s avant page 6...
2026-01-27 20:28:52,642 - __main__ - INFO - 📄 SCRAPING PAGE 6: https://www.mubawab.tn/fr/st/hammamet/terrains-a-vendre:p:6
2026-01-27 20:28:55,457 - __main__ - INFO - Total cartes uniques trouvées: 34
2026-01-27 20:28:55,473 - __main__ - INFO - Page 6: 34 cartes trouvées
2026-01-27 20:28:55,593 - __main__ - INFO - ✅ PAGE 6: 33 annonces valides, 1 invalides
2026-01-27 20:28:55,645 - __main__ - INFO - ✅ Page 6: 33 annonces trouvées
2026-01-27 20:28:55,645 - __main__ - INFO - 🔍 Extraction des détails pour 33 annonces...
2026-01-27 20:29:17,826 - __main__ - INFO -   📊 Détails: 5/33 (15%)
2026-01-27 20:29:59,706 - __main__ - INFO -   📊 Détails: 10/33 (30%)
2026-01-27 20:30:25,795 - __main__ - INFO -   📊 Détails: 15/33 (45%)
2026-01-27 20:30:51,071 - __main__ - INFO -   📊 Détails: 20/33 (61%)
2026-01-27 20:31:17,659 - __main__ - INFO -   📊 Détails: 25/33 (76%)
2026-01-27 20:32:35,741 - __main__ - WARNING - Tentative 1 échouée pour https://www.mubawab.tn/fr/a/8190435/vente-terrain-horiz: HTTPSConnectionPool(host='www.mubawab.tn', port=443): Read timed out.
2026-01-27 20:33:01,731 - __main__ - INFO -   📊 Détails: 30/33 (91%)
2026-01-27 20:33:22,072 - __main__ - INFO -   📊 Détails: 33/33 (100%)
2026-01-27 20:33:22,379 - __main__ - INFO - 📈 Hammamet: 198/455 annonces accumulées
2026-01-27 20:33:22,379 - __main__ - INFO - ⏳ Pause de 2s avant page 7...
2026-01-27 20:33:24,381 - __main__ - INFO - 📄 SCRAPING PAGE 7: https://www.mubawab.tn/fr/st/hammamet/terrains-a-vendre:p:7
2026-01-27 20:33:27,681 - __main__ - INFO - Total cartes uniques trouvées: 34
2026-01-27 20:33:27,681 - __main__ - INFO - Page 7: 34 cartes trouvées
2026-01-27 20:33:27,798 - __main__ - INFO - ✅ PAGE 7: 33 annonces valides, 1 invalides
2026-01-27 20:33:27,855 - __main__ - INFO - ✅ Page 7: 33 annonces trouvées
2026-01-27 20:33:27,855 - __main__ - INFO - 🔍 Extraction des détails pour 33 annonces...
2026-01-27 20:34:00,518 - __main__ - INFO -   📊 Détails: 5/33 (15%)
2026-01-27 20:34:34,581 - __main__ - INFO -   📊 Détails: 10/33 (30%)
2026-01-27 20:34:58,392 - __main__ - INFO -   📊 Détails: 15/33 (45%)
2026-01-27 20:35:21,232 - __main__ - INFO -   📊 Détails: 20/33 (61%)
2026-01-27 20:35:42,131 - __main__ - INFO -   📊 Détails: 25/33 (76%)
2026-01-27 20:36:03,095 - __main__ - INFO -   📊 Détails: 30/33 (91%)
2026-01-27 20:36:24,695 - __main__ - INFO -   📊 Détails: 33/33 (100%)
2026-01-27 20:36:25,012 - __main__ - INFO - 📈 Hammamet: 231/455 annonces accumulées
2026-01-27 20:36:25,014 - __main__ - INFO - ⏳ Pause de 2s avant page 8...
2026-01-27 20:36:27,015 - __main__ - INFO - 📄 SCRAPING PAGE 8: https://www.mubawab.tn/fr/st/hammamet/terrains-a-vendre:p:8
2026-01-27 20:36:46,686 - __main__ - INFO - Total cartes uniques trouvées: 34
2026-01-27 20:36:46,686 - __main__ - INFO - Page 8: 34 cartes trouvées
2026-01-27 20:36:46,821 - __main__ - INFO - ✅ PAGE 8: 33 annonces valides, 1 invalides
2026-01-27 20:36:46,885 - __main__ - INFO - ✅ Page 8: 33 annonces trouvées
2026-01-27 20:36:46,886 - __main__ - INFO - 🔍 Extraction des détails pour 33 annonces...
2026-01-27 20:38:17,559 - __main__ - INFO -   📊 Détails: 5/33 (15%)
2026-01-27 20:38:39,506 - __main__ - INFO -   📊 Détails: 10/33 (30%)
2026-01-27 20:39:03,219 - __main__ - INFO -   📊 Détails: 15/33 (45%)
2026-01-27 20:39:33,635 - __main__ - INFO -   📊 Détails: 20/33 (61%)
2026-01-27 20:39:53,626 - __main__ - INFO -   📊 Détails: 25/33 (76%)
2026-01-27 20:40:45,454 - __main__ - INFO -   📊 Détails: 30/33 (91%)
2026-01-27 20:41:52,933 - __main__ - INFO -   📊 Détails: 33/33 (100%)
2026-01-27 20:41:53,237 - __main__ - INFO - 📈 Hammamet: 264/455 annonces accumulées
2026-01-27 20:41:53,237 - __main__ - INFO - ⏳ Pause de 2s avant page 9...
2026-01-27 20:41:55,239 - __main__ - INFO - 📄 SCRAPING PAGE 9: https://www.mubawab.tn/fr/st/hammamet/terrains-a-vendre:p:9
2026-01-27 20:41:58,570 - __main__ - INFO - Total cartes uniques trouvées: 34
2026-01-27 20:41:58,570 - __main__ - INFO - Page 9: 34 cartes trouvées
2026-01-27 20:41:58,707 - __main__ - INFO - ✅ PAGE 9: 33 annonces valides, 1 invalides
2026-01-27 20:41:58,765 - __main__ - INFO - ✅ Page 9: 33 annonces trouvées
2026-01-27 20:41:58,765 - __main__ - INFO - 🔍 Extraction des détails pour 33 annonces...
2026-01-27 20:42:18,926 - __main__ - INFO -   📊 Détails: 5/33 (15%)
2026-01-27 20:43:19,873 - __main__ - INFO -   📊 Détails: 10/33 (30%)
2026-01-27 20:43:47,520 - __main__ - INFO -   📊 Détails: 15/33 (45%)
2026-01-27 20:44:58,533 - __main__ - INFO -   📊 Détails: 20/33 (61%)
2026-01-27 20:45:37,481 - __main__ - INFO -   📊 Détails: 25/33 (76%)
2026-01-27 20:46:57,488 - __main__ - INFO -   📊 Détails: 30/33 (91%)
2026-01-27 20:48:29,366 - __main__ - WARNING - Tentative 1 échouée pour https://www.mubawab.tn/fr/a/8174182/vente-terrain-jos%C3%A9: HTTPSConnectionPool(host='www.mubawab.tn', port=443): Read timed out. (read timeout=30)
2026-01-27 20:48:39,190 - __main__ - INFO -   📊 Détails: 33/33 (100%)
2026-01-27 20:48:39,503 - __main__ - INFO - 📈 Hammamet: 297/455 annonces accumulées
2026-01-27 20:48:39,503 - __main__ - INFO - ⏳ Pause de 4s avant page 10...
2026-01-27 20:48:43,504 - __main__ - INFO - 📄 SCRAPING PAGE 10: https://www.mubawab.tn/fr/st/hammamet/terrains-a-vendre:p:10
2026-01-27 20:48:54,217 - __main__ - INFO - Total cartes uniques trouvées: 34
2026-01-27 20:48:54,217 - __main__ - INFO - Page 10: 34 cartes trouvées
2026-01-27 20:48:54,357 - __main__ - INFO - ✅ PAGE 10: 33 annonces valides, 1 invalides
2026-01-27 20:48:54,403 - __main__ - INFO - ✅ Page 10: 33 annonces trouvées
2026-01-27 20:48:54,403 - __main__ - INFO - 🔍 Extraction des détails pour 33 annonces...
2026-01-27 20:49:45,670 - __main__ - INFO -   📊 Détails: 5/33 (15%)
2026-01-27 20:50:16,390 - __main__ - INFO -   📊 Détails: 10/33 (30%)
2026-01-27 20:51:00,984 - __main__ - INFO -   📊 Détails: 15/33 (45%)
2026-01-27 20:51:23,978 - __main__ - INFO -   📊 Détails: 20/33 (61%)
2026-01-27 20:51:42,584 - __main__ - INFO -   📊 Détails: 25/33 (76%)
2026-01-27 20:52:36,133 - __main__ - INFO -   📊 Détails: 30/33 (91%)
2026-01-27 20:53:29,362 - __main__ - INFO -   📊 Détails: 33/33 (100%)
2026-01-27 20:53:29,663 - __main__ - INFO - 📈 Hammamet: 330/455 annonces accumulées
2026-01-27 20:53:29,663 - __main__ - INFO - ⏳ Pause de 2s avant page 11...
2026-01-27 20:53:31,665 - __main__ - INFO - 📄 SCRAPING PAGE 11: https://www.mubawab.tn/fr/st/hammamet/terrains-a-vendre:p:11
2026-01-27 20:53:34,120 - __main__ - INFO - Total cartes uniques trouvées: 34
2026-01-27 20:53:34,121 - __main__ - INFO - Page 11: 34 cartes trouvées
2026-01-27 20:53:34,254 - __main__ - INFO - ✅ PAGE 11: 33 annonces valides, 1 invalides
2026-01-27 20:53:34,305 - __main__ - INFO - ✅ Page 11: 33 annonces trouvées
2026-01-27 20:53:34,306 - __main__ - INFO - 🔍 Extraction des détails pour 33 annonces...
2026-01-27 20:54:39,089 - __main__ - INFO -   📊 Détails: 5/33 (15%)
2026-01-27 20:54:58,057 - __main__ - INFO -   📊 Détails: 10/33 (30%)
2026-01-27 20:55:13,428 - __main__ - INFO -   📊 Détails: 15/33 (45%)
2026-01-27 20:55:38,742 - __main__ - INFO -   📊 Détails: 20/33 (61%)
2026-01-27 20:56:14,545 - __main__ - INFO -   📊 Détails: 25/33 (76%)
2026-01-27 20:56:47,407 - __main__ - INFO -   📊 Détails: 30/33 (91%)
2026-01-27 20:57:07,974 - __main__ - INFO -   📊 Détails: 33/33 (100%)
2026-01-27 20:57:08,277 - __main__ - INFO - 📈 Hammamet: 363/455 annonces accumulées
2026-01-27 20:57:08,277 - __main__ - INFO - ⏳ Pause de 2s avant page 12...
2026-01-27 20:57:10,279 - __main__ - INFO - 📄 SCRAPING PAGE 12: https://www.mubawab.tn/fr/st/hammamet/terrains-a-vendre:p:12
2026-01-27 20:57:12,180 - __main__ - INFO - Total cartes uniques trouvées: 34
2026-01-27 20:57:12,180 - __main__ - INFO - Page 12: 34 cartes trouvées
2026-01-27 20:57:12,345 - __main__ - INFO - ✅ PAGE 12: 33 annonces valides, 1 invalides
2026-01-27 20:57:12,399 - __main__ - INFO - ✅ Page 12: 33 annonces trouvées
2026-01-27 20:57:12,400 - __main__ - INFO - 🔍 Extraction des détails pour 33 annonces...
2026-01-27 20:57:27,311 - __main__ - INFO -   📊 Détails: 5/33 (15%)
2026-01-27 20:57:42,014 - __main__ - INFO -   📊 Détails: 10/33 (30%)
2026-01-27 20:57:57,152 - __main__ - INFO -   📊 Détails: 15/33 (45%)
2026-01-27 20:58:12,142 - __main__ - INFO -   📊 Détails: 20/33 (61%)
2026-01-27 20:58:29,343 - __main__ - INFO -   📊 Détails: 25/33 (76%)
2026-01-27 20:59:40,838 - __main__ - WARNING - Tentative 1 échouée pour https://www.mubawab.tn/fr/a/8047038/vendre-un-terrain-%C3%A0-5-km-de-jinene-hammamet: HTTPSConnectionPool(host='www.mubawab.tn', port=443): Read timed out. (read timeout=30)
2026-01-27 21:01:00,963 - __main__ - INFO -   📊 Détails: 30/33 (91%)
2026-01-27 21:01:26,756 - __main__ - INFO -   📊 Détails: 33/33 (100%)
2026-01-27 21:01:27,067 - __main__ - INFO - 📈 Hammamet: 396/455 annonces accumulées
2026-01-27 21:01:27,067 - __main__ - INFO - ⏳ Pause de 2s avant page 13...
2026-01-27 21:01:29,072 - __main__ - INFO - 📄 SCRAPING PAGE 13: https://www.mubawab.tn/fr/st/hammamet/terrains-a-vendre:p:13
2026-01-27 21:01:37,185 - __main__ - INFO - Total cartes uniques trouvées: 34
2026-01-27 21:01:37,185 - __main__ - INFO - Page 13: 34 cartes trouvées
2026-01-27 21:01:37,310 - __main__ - INFO - ✅ PAGE 13: 33 annonces valides, 1 invalides
2026-01-27 21:01:37,361 - __main__ - INFO - ✅ Page 13: 33 annonces trouvées
2026-01-27 21:01:37,362 - __main__ - INFO - 🔍 Extraction des détails pour 33 annonces...
2026-01-27 21:02:47,794 - __main__ - INFO -   📊 Détails: 5/33 (15%)
2026-01-27 21:03:51,713 - __main__ - INFO -   📊 Détails: 10/33 (30%)
2026-01-27 21:04:35,635 - __main__ - INFO -   📊 Détails: 15/33 (45%)
2026-01-27 21:04:52,783 - __main__ - INFO -   📊 Détails: 20/33 (61%)
2026-01-27 21:05:07,467 - __main__ - INFO -   📊 Détails: 25/33 (76%)
2026-01-27 21:05:22,726 - __main__ - INFO -   📊 Détails: 30/33 (91%)
2026-01-27 21:05:35,294 - __main__ - INFO -   📊 Détails: 33/33 (100%)
2026-01-27 21:05:35,600 - __main__ - INFO - 📈 Hammamet: 429/455 annonces accumulées
2026-01-27 21:05:35,600 - __main__ - INFO - ⏳ Pause de 2s avant page 14...
2026-01-27 21:05:37,601 - __main__ - INFO - 📄 SCRAPING PAGE 14: https://www.mubawab.tn/fr/st/hammamet/terrains-a-vendre:p:14
2026-01-27 21:05:43,895 - __main__ - INFO - Total cartes uniques trouvées: 27
2026-01-27 21:05:43,895 - __main__ - INFO - Page 14: 27 cartes trouvées
2026-01-27 21:05:44,002 - __main__ - INFO - ✅ PAGE 14: 26 annonces valides, 1 invalides
2026-01-27 21:05:44,043 - __main__ - INFO - ✅ Page 14: 26 annonces trouvées
2026-01-27 21:05:44,044 - __main__ - INFO - 🔍 Extraction des détails pour 26 annonces...
2026-01-27 21:06:11,559 - __main__ - INFO -   📊 Détails: 5/26 (19%)
2026-01-27 21:06:32,192 - __main__ - INFO -   📊 Détails: 10/26 (38%)
2026-01-27 21:06:48,002 - __main__ - INFO -   📊 Détails: 15/26 (58%)
2026-01-27 21:07:04,045 - __main__ - INFO -   📊 Détails: 20/26 (77%)
2026-01-27 21:07:19,380 - __main__ - INFO -   📊 Détails: 25/26 (96%)
2026-01-27 21:07:22,462 - __main__ - INFO -   📊 Détails: 26/26 (100%)
2026-01-27 21:07:22,764 - __main__ - INFO - 📈 Hammamet: 455/455 annonces accumulées
2026-01-27 21:07:22,764 - __main__ - INFO - 🎯 OBJECTIF ATTEINT POUR Hammamet: 455 annonces
2026-01-27 21:07:22,764 - __main__ - INFO - ✅ FIN SCRAPING Hammamet: 455 annonces
2026-01-27 21:07:22,764 - __main__ - INFO - ✅ Hammamet: 455 annonces scrapées
2026-01-27 21:07:22,764 - __main__ - INFO - ⏳ Pause de 5s avant région suivante...
2026-01-27 21:07:27,767 - __main__ - INFO - 
============================================================
2026-01-27 21:07:27,767 - __main__ - INFO - 🎯 DÉBUT RÉGION: La Soukra
2026-01-27 21:07:27,767 - __main__ - INFO - ============================================================
2026-01-27 21:07:27,767 - __main__ - INFO - 🚀 DÉBUT SCRAPING RÉGION: La Soukra
2026-01-27 21:07:27,767 - __main__ - INFO - Détection pour: https://www.mubawab.tn/fr/st/la-soukra/terrains-a-vendre
2026-01-27 21:07:29,542 - __main__ - INFO - ✅ Détecté: 258 annonces au total
2026-01-27 21:07:29,574 - __main__ - INFO - 📊 Estimation: 8 pages à 34 annonces/page
2026-01-27 21:07:29,575 - __main__ - INFO - 📊 La Soukra: 258 annonces détectées
2026-01-27 21:07:29,575 - __main__ - INFO - 📄 Objectif: 258 annonces sur 8/8 pages
2026-01-27 21:07:29,576 - __main__ - INFO - 📈 Estimation: 34 annonces par page
2026-01-27 21:07:29,579 - __main__ - INFO - 📄 SCRAPING PAGE 1: https://www.mubawab.tn/fr/st/la-soukra/terrains-a-vendre
2026-01-27 21:07:31,462 - __main__ - INFO - Total cartes uniques trouvées: 34
2026-01-27 21:07:31,462 - __main__ - INFO - Page 1: 34 cartes trouvées
2026-01-27 21:07:31,606 - __main__ - INFO - ✅ PAGE 1: 25 annonces valides, 9 invalides
2026-01-27 21:07:31,652 - __main__ - INFO - ✅ Page 1: 25 annonces trouvées
2026-01-27 21:07:31,653 - __main__ - INFO - 🔍 Extraction des détails pour 25 annonces...
2026-01-27 21:07:53,682 - __main__ - INFO -   📊 Détails: 5/25 (20%)
2026-01-27 21:08:09,114 - __main__ - INFO -   📊 Détails: 10/25 (40%)
2026-01-27 21:08:24,341 - __main__ - INFO -   📊 Détails: 15/25 (60%)
2026-01-27 21:08:39,801 - __main__ - INFO -   📊 Détails: 20/25 (80%)
2026-01-27 21:09:01,566 - __main__ - INFO -   📊 Détails: 25/25 (100%)
2026-01-27 21:09:01,874 - __main__ - INFO - 📈 La Soukra: 25/258 annonces accumulées
2026-01-27 21:09:01,874 - __main__ - INFO - ⏳ Pause de 2s avant page 2...
2026-01-27 21:09:03,876 - __main__ - INFO - 📄 SCRAPING PAGE 2: https://www.mubawab.tn/fr/st/la-soukra/terrains-a-vendre:p:2
2026-01-27 21:09:05,874 - __main__ - INFO - Total cartes uniques trouvées: 34
2026-01-27 21:09:05,874 - __main__ - INFO - Page 2: 34 cartes trouvées
2026-01-27 21:09:05,990 - __main__ - INFO - ✅ PAGE 2: 31 annonces valides, 3 invalides
2026-01-27 21:09:06,039 - __main__ - INFO - ✅ Page 2: 31 annonces trouvées
2026-01-27 21:09:06,040 - __main__ - INFO - 🔍 Extraction des détails pour 31 annonces...
2026-01-27 21:09:20,474 - __main__ - INFO -   📊 Détails: 5/31 (16%)
2026-01-27 21:09:35,070 - __main__ - INFO -   📊 Détails: 10/31 (32%)
2026-01-27 21:09:50,225 - __main__ - INFO -   📊 Détails: 15/31 (48%)
2026-01-27 21:10:05,274 - __main__ - INFO -   📊 Détails: 20/31 (65%)
2026-01-27 21:10:21,818 - __main__ - INFO -   📊 Détails: 25/31 (81%)
2026-01-27 21:10:39,616 - __main__ - INFO -   📊 Détails: 30/31 (97%)
2026-01-27 21:10:43,108 - __main__ - INFO -   📊 Détails: 31/31 (100%)
2026-01-27 21:10:43,411 - __main__ - INFO - 📈 La Soukra: 56/258 annonces accumulées
2026-01-27 21:10:43,411 - __main__ - INFO - ⏳ Pause de 2s avant page 3...
2026-01-27 21:10:45,412 - __main__ - INFO - 📄 SCRAPING PAGE 3: https://www.mubawab.tn/fr/st/la-soukra/terrains-a-vendre:p:3
2026-01-27 21:10:47,408 - __main__ - INFO - Total cartes uniques trouvées: 34
2026-01-27 21:10:47,408 - __main__ - INFO - Page 3: 34 cartes trouvées
2026-01-27 21:10:47,516 - __main__ - INFO - ✅ PAGE 3: 30 annonces valides, 4 invalides
2026-01-27 21:10:47,575 - __main__ - INFO - ✅ Page 3: 30 annonces trouvées
2026-01-27 21:10:47,576 - __main__ - INFO - 🔍 Extraction des détails pour 30 annonces...
2026-01-27 21:11:02,486 - __main__ - INFO -   📊 Détails: 5/30 (17%)
2026-01-27 21:11:17,751 - __main__ - INFO -   📊 Détails: 10/30 (33%)
2026-01-27 21:11:33,974 - __main__ - INFO -   📊 Détails: 15/30 (50%)
2026-01-27 21:11:49,111 - __main__ - INFO -   📊 Détails: 20/30 (67%)
2026-01-27 21:12:04,210 - __main__ - INFO -   📊 Détails: 25/30 (83%)
2026-01-27 21:12:19,307 - __main__ - INFO -   📊 Détails: 30/30 (100%)
2026-01-27 21:12:19,608 - __main__ - INFO - 📈 La Soukra: 86/258 annonces accumulées
2026-01-27 21:12:19,608 - __main__ - INFO - ⏳ Pause de 2s avant page 4...
2026-01-27 21:12:21,610 - __main__ - INFO - 📄 SCRAPING PAGE 4: https://www.mubawab.tn/fr/st/la-soukra/terrains-a-vendre:p:4
2026-01-27 21:12:23,373 - __main__ - INFO - Total cartes uniques trouvées: 34
2026-01-27 21:12:23,373 - __main__ - INFO - Page 4: 34 cartes trouvées
2026-01-27 21:12:23,497 - __main__ - INFO - ✅ PAGE 4: 32 annonces valides, 2 invalides
2026-01-27 21:12:23,596 - __main__ - INFO - ✅ Page 4: 32 annonces trouvées
2026-01-27 21:12:23,653 - __main__ - INFO - 🔍 Extraction des détails pour 32 annonces...
2026-01-27 21:12:38,437 - __main__ - INFO -   📊 Détails: 5/32 (16%)
2026-01-27 21:12:53,384 - __main__ - INFO -   📊 Détails: 10/32 (31%)
2026-01-27 21:13:08,904 - __main__ - INFO -   📊 Détails: 15/32 (47%)
2026-01-27 21:13:24,131 - __main__ - INFO -   📊 Détails: 20/32 (62%)
2026-01-27 21:13:39,375 - __main__ - INFO -   📊 Détails: 25/32 (78%)
2026-01-27 21:13:54,314 - __main__ - INFO -   📊 Détails: 30/32 (94%)
2026-01-27 21:14:00,346 - __main__ - INFO -   📊 Détails: 32/32 (100%)
2026-01-27 21:14:00,657 - __main__ - INFO - 📈 La Soukra: 118/258 annonces accumulées
2026-01-27 21:14:00,657 - __main__ - INFO - ⏳ Pause de 4s avant page 5...
2026-01-27 21:14:04,659 - __main__ - INFO - 📄 SCRAPING PAGE 5: https://www.mubawab.tn/fr/st/la-soukra/terrains-a-vendre:p:5
2026-01-27 21:14:06,700 - __main__ - INFO - Total cartes uniques trouvées: 34
2026-01-27 21:14:06,700 - __main__ - INFO - Page 5: 34 cartes trouvées
2026-01-27 21:14:06,836 - __main__ - INFO - ✅ PAGE 5: 32 annonces valides, 2 invalides
2026-01-27 21:14:06,883 - __main__ - INFO - ✅ Page 5: 32 annonces trouvées
2026-01-27 21:14:06,884 - __main__ - INFO - 🔍 Extraction des détails pour 32 annonces...
2026-01-27 21:14:21,316 - __main__ - INFO -   📊 Détails: 5/32 (16%)
2026-01-27 21:14:38,121 - __main__ - INFO -   📊 Détails: 10/32 (31%)
2026-01-27 21:14:53,900 - __main__ - INFO -   📊 Détails: 15/32 (47%)
2026-01-27 21:15:11,284 - __main__ - INFO -   📊 Détails: 20/32 (62%)
2026-01-27 21:15:31,971 - __main__ - INFO -   📊 Détails: 25/32 (78%)
2026-01-27 21:15:47,754 - __main__ - INFO -   📊 Détails: 30/32 (94%)
2026-01-27 21:15:55,273 - __main__ - INFO -   📊 Détails: 32/32 (100%)
2026-01-27 21:15:55,583 - __main__ - INFO - 📈 La Soukra: 150/258 annonces accumulées
2026-01-27 21:15:55,583 - __main__ - INFO - ⏳ Pause de 2s avant page 6...
2026-01-27 21:15:57,783 - __main__ - INFO - 📄 SCRAPING PAGE 6: https://www.mubawab.tn/fr/st/la-soukra/terrains-a-vendre:p:6
2026-01-27 21:16:00,967 - __main__ - INFO - Total cartes uniques trouvées: 34
2026-01-27 21:16:00,967 - __main__ - INFO - Page 6: 34 cartes trouvées
2026-01-27 21:16:01,092 - __main__ - INFO - ✅ PAGE 6: 32 annonces valides, 2 invalides
2026-01-27 21:16:01,136 - __main__ - INFO - ✅ Page 6: 32 annonces trouvées
2026-01-27 21:16:01,136 - __main__ - INFO - 🔍 Extraction des détails pour 32 annonces...
2026-01-27 21:16:16,708 - __main__ - INFO -   📊 Détails: 5/32 (16%)
2026-01-27 21:16:33,634 - __main__ - INFO -   📊 Détails: 10/32 (31%)
2026-01-27 21:16:49,505 - __main__ - INFO -   📊 Détails: 15/32 (47%)
2026-01-27 21:17:05,401 - __main__ - INFO -   📊 Détails: 20/32 (62%)
2026-01-27 21:17:21,286 - __main__ - INFO -   📊 Détails: 25/32 (78%)
2026-01-27 21:17:36,516 - __main__ - INFO -   📊 Détails: 30/32 (94%)
2026-01-27 21:17:42,496 - __main__ - INFO -   📊 Détails: 32/32 (100%)
2026-01-27 21:17:42,802 - __main__ - INFO - 📈 La Soukra: 182/258 annonces accumulées
2026-01-27 21:17:42,802 - __main__ - INFO - ⏳ Pause de 2s avant page 7...
2026-01-27 21:17:44,826 - __main__ - INFO - 📄 SCRAPING PAGE 7: https://www.mubawab.tn/fr/st/la-soukra/terrains-a-vendre:p:7
2026-01-27 21:17:46,689 - __main__ - INFO - Total cartes uniques trouvées: 34
2026-01-27 21:17:46,689 - __main__ - INFO - Page 7: 34 cartes trouvées
2026-01-27 21:17:46,867 - __main__ - INFO - ✅ PAGE 7: 32 annonces valides, 2 invalides
2026-01-27 21:17:46,916 - __main__ - INFO - ✅ Page 7: 32 annonces trouvées
2026-01-27 21:17:46,916 - __main__ - INFO - 🔍 Extraction des détails pour 32 annonces...
2026-01-27 21:18:04,020 - __main__ - INFO -   📊 Détails: 5/32 (16%)
2026-01-27 21:18:19,565 - __main__ - INFO -   📊 Détails: 10/32 (31%)
2026-01-27 21:18:42,804 - __main__ - INFO -   📊 Détails: 15/32 (47%)
2026-01-27 21:19:03,276 - __main__ - INFO -   📊 Détails: 20/32 (62%)
2026-01-27 21:19:35,794 - __main__ - INFO -   📊 Détails: 25/32 (78%)
2026-01-27 21:20:06,706 - __main__ - INFO -   📊 Détails: 30/32 (94%)
2026-01-27 21:20:13,945 - __main__ - INFO -   📊 Détails: 32/32 (100%)
2026-01-27 21:20:14,259 - __main__ - INFO - 📈 La Soukra: 214/258 annonces accumulées
2026-01-27 21:20:14,259 - __main__ - INFO - ⏳ Pause de 2s avant page 8...
2026-01-27 21:20:16,325 - __main__ - INFO - 📄 SCRAPING PAGE 8: https://www.mubawab.tn/fr/st/la-soukra/terrains-a-vendre:p:8
2026-01-27 21:20:18,155 - __main__ - INFO - Total cartes uniques trouvées: 34
2026-01-27 21:20:18,155 - __main__ - INFO - Page 8: 34 cartes trouvées
2026-01-27 21:20:18,278 - __main__ - INFO - ✅ PAGE 8: 32 annonces valides, 2 invalides
2026-01-27 21:20:18,336 - __main__ - INFO - ✅ Page 8: 32 annonces trouvées
2026-01-27 21:20:18,336 - __main__ - INFO - 🔍 Extraction des détails pour 32 annonces...
2026-01-27 21:20:34,753 - __main__ - INFO -   📊 Détails: 5/32 (16%)
2026-01-27 21:20:51,017 - __main__ - INFO -   📊 Détails: 10/32 (31%)
2026-01-27 21:21:06,816 - __main__ - INFO -   📊 Détails: 15/32 (47%)
2026-01-27 21:21:24,739 - __main__ - INFO -   📊 Détails: 20/32 (62%)
2026-01-27 21:21:45,996 - __main__ - INFO -   📊 Détails: 25/32 (78%)
2026-01-27 21:22:01,386 - __main__ - INFO -   📊 Détails: 30/32 (94%)
2026-01-27 21:22:08,244 - __main__ - INFO -   📊 Détails: 32/32 (100%)
2026-01-27 21:22:08,546 - __main__ - INFO - 📈 La Soukra: 246/258 annonces accumulées
2026-01-27 21:22:08,546 - __main__ - INFO - 📄 DERNIÈRE PAGE ATTEINTE POUR La Soukra
2026-01-27 21:22:08,546 - __main__ - INFO - ✅ FIN SCRAPING La Soukra: 246 annonces
2026-01-27 21:22:08,546 - __main__ - INFO - ✅ La Soukra: 246 annonces scrapées
2026-01-27 21:22:08,546 - __main__ - INFO - ⏳ Pause de 5s avant région suivante...
2026-01-27 21:22:13,550 - __main__ - INFO - 
============================================================
2026-01-27 21:22:13,550 - __main__ - INFO - 🎯 DÉBUT RÉGION: La Marsa
2026-01-27 21:22:13,550 - __main__ - INFO - ============================================================
2026-01-27 21:22:13,550 - __main__ - INFO - 🚀 DÉBUT SCRAPING RÉGION: La Marsa
2026-01-27 21:22:13,550 - __main__ - INFO - Détection pour: https://www.mubawab.tn/fr/st/la-marsa/terrains-a-vendre
2026-01-27 21:22:15,102 - __main__ - INFO - ✅ Détecté: 185 annonces au total
2026-01-27 21:22:15,134 - __main__ - INFO - 📊 Estimation: 6 pages à 34 annonces/page
2026-01-27 21:22:15,134 - __main__ - INFO - 📊 La Marsa: 185 annonces détectées
2026-01-27 21:22:15,136 - __main__ - INFO - 📄 Objectif: 185 annonces sur 6/6 pages
2026-01-27 21:22:15,137 - __main__ - INFO - 📈 Estimation: 34 annonces par page
2026-01-27 21:22:15,138 - __main__ - INFO - 📄 SCRAPING PAGE 1: https://www.mubawab.tn/fr/st/la-marsa/terrains-a-vendre
2026-01-27 21:22:16,981 - __main__ - INFO - Total cartes uniques trouvées: 34
2026-01-27 21:22:16,981 - __main__ - INFO - Page 1: 34 cartes trouvées
2026-01-27 21:22:17,105 - __main__ - INFO - ✅ PAGE 1: 32 annonces valides, 2 invalides
2026-01-27 21:22:17,161 - __main__ - INFO - ✅ Page 1: 32 annonces trouvées
2026-01-27 21:22:17,162 - __main__ - INFO - 🔍 Extraction des détails pour 32 annonces...
2026-01-27 21:22:34,078 - __main__ - INFO -   📊 Détails: 5/32 (16%)
2026-01-27 21:22:50,268 - __main__ - INFO -   📊 Détails: 10/32 (31%)
2026-01-27 21:23:05,557 - __main__ - INFO -   📊 Détails: 15/32 (47%)
2026-01-27 21:23:22,536 - __main__ - INFO -   📊 Détails: 20/32 (62%)
2026-01-27 21:23:39,321 - __main__ - INFO -   📊 Détails: 25/32 (78%)
2026-01-27 21:24:05,850 - __main__ - INFO -   📊 Détails: 30/32 (94%)
2026-01-27 21:24:12,088 - __main__ - INFO -   📊 Détails: 32/32 (100%)
2026-01-27 21:24:12,392 - __main__ - INFO - 📈 La Marsa: 32/185 annonces accumulées
2026-01-27 21:24:12,392 - __main__ - INFO - ⏳ Pause de 2s avant page 2...
2026-01-27 21:24:14,396 - __main__ - INFO - 📄 SCRAPING PAGE 2: https://www.mubawab.tn/fr/st/la-marsa/terrains-a-vendre:p:2
2026-01-27 21:24:16,828 - __main__ - INFO - Total cartes uniques trouvées: 34
2026-01-27 21:24:16,828 - __main__ - INFO - Page 2: 34 cartes trouvées
2026-01-27 21:24:16,956 - __main__ - INFO - ✅ PAGE 2: 32 annonces valides, 2 invalides
2026-01-27 21:24:17,027 - __main__ - INFO - ✅ Page 2: 32 annonces trouvées
2026-01-27 21:24:17,028 - __main__ - INFO - 🔍 Extraction des détails pour 32 annonces...
2026-01-27 21:24:38,032 - __main__ - INFO -   📊 Détails: 5/32 (16%)
2026-01-27 21:24:56,947 - __main__ - INFO -   📊 Détails: 10/32 (31%)
2026-01-27 21:25:12,241 - __main__ - INFO -   📊 Détails: 15/32 (47%)
2026-01-27 21:25:28,896 - __main__ - INFO -   📊 Détails: 20/32 (62%)
2026-01-27 21:25:46,744 - __main__ - INFO -   📊 Détails: 25/32 (78%)
2026-01-27 21:26:06,107 - __main__ - INFO -   📊 Détails: 30/32 (94%)
2026-01-27 21:26:16,754 - __main__ - INFO -   📊 Détails: 32/32 (100%)
2026-01-27 21:26:17,055 - __main__ - INFO - 📈 La Marsa: 64/185 annonces accumulées
2026-01-27 21:26:17,055 - __main__ - INFO - ⏳ Pause de 2s avant page 3...
2026-01-27 21:26:19,057 - __main__ - INFO - 📄 SCRAPING PAGE 3: https://www.mubawab.tn/fr/st/la-marsa/terrains-a-vendre:p:3
2026-01-27 21:26:20,985 - __main__ - INFO - Total cartes uniques trouvées: 34
2026-01-27 21:26:20,985 - __main__ - INFO - Page 3: 34 cartes trouvées
2026-01-27 21:26:21,110 - __main__ - INFO - ✅ PAGE 3: 32 annonces valides, 2 invalides
2026-01-27 21:26:21,167 - __main__ - INFO - ✅ Page 3: 32 annonces trouvées
2026-01-27 21:26:21,168 - __main__ - INFO - 🔍 Extraction des détails pour 32 annonces...
2026-01-27 21:26:37,856 - __main__ - INFO -   📊 Détails: 5/32 (16%)
2026-01-27 21:27:00,199 - __main__ - INFO -   📊 Détails: 10/32 (31%)
2026-01-27 21:27:19,004 - __main__ - INFO -   📊 Détails: 15/32 (47%)
2026-01-27 21:27:36,486 - __main__ - INFO -   📊 Détails: 20/32 (62%)
2026-01-27 21:28:05,270 - __main__ - INFO -   📊 Détails: 25/32 (78%)
2026-01-27 21:28:38,254 - __main__ - INFO -   📊 Détails: 30/32 (94%)
2026-01-27 21:28:47,879 - __main__ - INFO -   📊 Détails: 32/32 (100%)
2026-01-27 21:28:48,182 - __main__ - INFO - 📈 La Marsa: 96/185 annonces accumulées
2026-01-27 21:28:48,182 - __main__ - INFO - ⏳ Pause de 2s avant page 4...
2026-01-27 21:28:50,184 - __main__ - INFO - 📄 SCRAPING PAGE 4: https://www.mubawab.tn/fr/st/la-marsa/terrains-a-vendre:p:4
2026-01-27 21:28:53,176 - __main__ - INFO - Total cartes uniques trouvées: 34
2026-01-27 21:28:53,176 - __main__ - INFO - Page 4: 34 cartes trouvées
2026-01-27 21:28:53,303 - __main__ - INFO - ✅ PAGE 4: 32 annonces valides, 2 invalides
2026-01-27 21:28:53,349 - __main__ - INFO - ✅ Page 4: 32 annonces trouvées
2026-01-27 21:28:53,349 - __main__ - INFO - 🔍 Extraction des détails pour 32 annonces...
2026-01-27 21:29:15,303 - __main__ - INFO -   📊 Détails: 5/32 (16%)
2026-01-27 21:29:39,114 - __main__ - INFO -   📊 Détails: 10/32 (31%)
2026-01-27 21:29:54,206 - __main__ - INFO -   📊 Détails: 15/32 (47%)
2026-01-27 21:30:10,818 - __main__ - INFO -   📊 Détails: 20/32 (62%)
2026-01-27 21:30:25,740 - __main__ - INFO -   📊 Détails: 25/32 (78%)
2026-01-27 21:30:40,777 - __main__ - INFO -   📊 Détails: 30/32 (94%)
2026-01-27 21:30:46,607 - __main__ - INFO -   📊 Détails: 32/32 (100%)
2026-01-27 21:30:46,912 - __main__ - INFO - 📈 La Marsa: 128/185 annonces accumulées
2026-01-27 21:30:46,912 - __main__ - INFO - ⏳ Pause de 4s avant page 5...
2026-01-27 21:30:50,915 - __main__ - INFO - 📄 SCRAPING PAGE 5: https://www.mubawab.tn/fr/st/la-marsa/terrains-a-vendre:p:5
2026-01-27 21:30:52,829 - __main__ - INFO - Total cartes uniques trouvées: 34
2026-01-27 21:30:52,829 - __main__ - INFO - Page 5: 34 cartes trouvées
2026-01-27 21:30:52,951 - __main__ - INFO - ✅ PAGE 5: 32 annonces valides, 2 invalides
2026-01-27 21:30:53,016 - __main__ - INFO - ✅ Page 5: 32 annonces trouvées
2026-01-27 21:30:53,017 - __main__ - INFO - 🔍 Extraction des détails pour 32 annonces...
2026-01-27 21:31:08,876 - __main__ - INFO -   📊 Détails: 5/32 (16%)
2026-01-27 21:31:26,437 - __main__ - INFO -   📊 Détails: 10/32 (31%)
2026-01-27 21:31:41,771 - __main__ - INFO -   📊 Détails: 15/32 (47%)
2026-01-27 21:31:58,410 - __main__ - INFO -   📊 Détails: 20/32 (62%)
2026-01-27 21:32:12,927 - __main__ - INFO -   📊 Détails: 25/32 (78%)
2026-01-27 21:32:27,976 - __main__ - INFO -   📊 Détails: 30/32 (94%)
2026-01-27 21:32:33,737 - __main__ - INFO -   📊 Détails: 32/32 (100%)
2026-01-27 21:32:34,047 - __main__ - INFO - 📈 La Marsa: 160/185 annonces accumulées
2026-01-27 21:32:34,047 - __main__ - INFO - ⏳ Pause de 2s avant page 6...
2026-01-27 21:32:36,050 - __main__ - INFO - 📄 SCRAPING PAGE 6: https://www.mubawab.tn/fr/st/la-marsa/terrains-a-vendre:p:6
2026-01-27 21:32:37,779 - __main__ - INFO - Total cartes uniques trouvées: 27
2026-01-27 21:32:37,780 - __main__ - INFO - Page 6: 27 cartes trouvées
2026-01-27 21:32:37,878 - __main__ - INFO - ✅ PAGE 6: 25 annonces valides, 2 invalides
2026-01-27 21:32:37,918 - __main__ - INFO - ✅ Page 6: 25 annonces trouvées
2026-01-27 21:32:37,918 - __main__ - INFO - 🔍 Extraction des détails pour 25 annonces...
2026-01-27 21:32:52,249 - __main__ - INFO -   📊 Détails: 5/25 (20%)
2026-01-27 21:33:08,085 - __main__ - INFO -   📊 Détails: 10/25 (40%)
2026-01-27 21:33:23,638 - __main__ - INFO -   📊 Détails: 15/25 (60%)
2026-01-27 21:33:38,863 - __main__ - INFO -   📊 Détails: 20/25 (80%)
2026-01-27 21:33:55,005 - __main__ - INFO -   📊 Détails: 25/25 (100%)
2026-01-27 21:33:55,308 - __main__ - INFO - 📈 La Marsa: 185/185 annonces accumulées
2026-01-27 21:33:55,308 - __main__ - INFO - 🎯 OBJECTIF ATTEINT POUR La Marsa: 185 annonces
2026-01-27 21:33:55,308 - __main__ - INFO - ✅ FIN SCRAPING La Marsa: 185 annonces
2026-01-27 21:33:55,308 - __main__ - INFO - ✅ La Marsa: 185 annonces scrapées
2026-01-27 21:33:55,308 - __main__ - INFO - ⏳ Pause de 5s avant région suivante...
2026-01-27 21:34:00,312 - __main__ - INFO - 
============================================================
2026-01-27 21:34:00,312 - __main__ - INFO - 🎯 DÉBUT RÉGION: Nabeul
2026-01-27 21:34:00,312 - __main__ - INFO - ============================================================
2026-01-27 21:34:00,312 - __main__ - INFO - 🚀 DÉBUT SCRAPING RÉGION: Nabeul
2026-01-27 21:34:00,312 - __main__ - INFO - Détection pour: https://www.mubawab.tn/fr/st/nabeul/terrains-a-vendre
2026-01-27 21:34:03,446 - __main__ - INFO - ✅ Détecté: 139 annonces au total
2026-01-27 21:34:03,478 - __main__ - INFO - 📊 Estimation: 5 pages à 34 annonces/page
2026-01-27 21:34:03,478 - __main__ - INFO - 📊 Nabeul: 139 annonces détectées
2026-01-27 21:34:03,479 - __main__ - INFO - 📄 Objectif: 139 annonces sur 5/5 pages
2026-01-27 21:34:03,479 - __main__ - INFO - 📈 Estimation: 34 annonces par page
2026-01-27 21:34:03,481 - __main__ - INFO - 📄 SCRAPING PAGE 1: https://www.mubawab.tn/fr/st/nabeul/terrains-a-vendre
2026-01-27 21:34:05,883 - __main__ - INFO - Total cartes uniques trouvées: 34
2026-01-27 21:34:05,883 - __main__ - INFO - Page 1: 34 cartes trouvées
2026-01-27 21:34:06,007 - __main__ - INFO - ✅ PAGE 1: 33 annonces valides, 1 invalides
2026-01-27 21:34:06,069 - __main__ - INFO - ✅ Page 1: 33 annonces trouvées
2026-01-27 21:34:06,070 - __main__ - INFO - 🔍 Extraction des détails pour 33 annonces...
2026-01-27 21:34:21,291 - __main__ - INFO -   📊 Détails: 5/33 (15%)
2026-01-27 21:34:41,825 - __main__ - INFO -   📊 Détails: 10/33 (30%)
2026-01-27 21:34:58,305 - __main__ - INFO -   📊 Détails: 15/33 (45%)
2026-01-27 21:35:16,152 - __main__ - INFO -   📊 Détails: 20/33 (61%)
2026-01-27 21:35:32,627 - __main__ - INFO -   📊 Détails: 25/33 (76%)
2026-01-27 21:35:48,701 - __main__ - INFO -   📊 Détails: 30/33 (91%)
2026-01-27 21:35:59,469 - __main__ - INFO -   📊 Détails: 33/33 (100%)
2026-01-27 21:35:59,779 - __main__ - INFO - 📈 Nabeul: 33/139 annonces accumulées
2026-01-27 21:35:59,779 - __main__ - INFO - ⏳ Pause de 2s avant page 2...
2026-01-27 21:36:01,780 - __main__ - INFO - 📄 SCRAPING PAGE 2: https://www.mubawab.tn/fr/st/nabeul/terrains-a-vendre:p:2
2026-01-27 21:36:03,775 - __main__ - INFO - Total cartes uniques trouvées: 34
2026-01-27 21:36:03,775 - __main__ - INFO - Page 2: 34 cartes trouvées
2026-01-27 21:36:03,901 - __main__ - INFO - ✅ PAGE 2: 33 annonces valides, 1 invalides
2026-01-27 21:36:03,954 - __main__ - INFO - ✅ Page 2: 33 annonces trouvées
2026-01-27 21:36:03,955 - __main__ - INFO - 🔍 Extraction des détails pour 33 annonces...
2026-01-27 21:36:19,987 - __main__ - INFO -   📊 Détails: 5/33 (15%)
2026-01-27 21:36:35,298 - __main__ - INFO -   📊 Détails: 10/33 (30%)
2026-01-27 21:36:50,194 - __main__ - INFO -   📊 Détails: 15/33 (45%)
2026-01-27 21:37:07,790 - __main__ - INFO -   📊 Détails: 20/33 (61%)
2026-01-27 21:37:25,001 - __main__ - INFO -   📊 Détails: 25/33 (76%)
2026-01-27 21:37:41,041 - __main__ - INFO -   📊 Détails: 30/33 (91%)
2026-01-27 21:37:51,496 - __main__ - INFO -   📊 Détails: 33/33 (100%)
2026-01-27 21:37:51,804 - __main__ - INFO - 📈 Nabeul: 66/139 annonces accumulées
2026-01-27 21:37:51,804 - __main__ - INFO - ⏳ Pause de 2s avant page 3...
2026-01-27 21:37:53,806 - __main__ - INFO - 📄 SCRAPING PAGE 3: https://www.mubawab.tn/fr/st/nabeul/terrains-a-vendre:p:3
2026-01-27 21:37:55,772 - __main__ - INFO - Total cartes uniques trouvées: 34
2026-01-27 21:37:55,773 - __main__ - INFO - Page 3: 34 cartes trouvées
2026-01-27 21:37:55,897 - __main__ - INFO - ✅ PAGE 3: 33 annonces valides, 1 invalides
2026-01-27 21:37:55,944 - __main__ - INFO - ✅ Page 3: 33 annonces trouvées
2026-01-27 21:37:55,945 - __main__ - INFO - 🔍 Extraction des détails pour 33 annonces...
2026-01-27 21:38:12,657 - __main__ - INFO -   📊 Détails: 5/33 (15%)
2026-01-27 21:38:27,827 - __main__ - INFO -   📊 Détails: 10/33 (30%)
2026-01-27 21:38:43,767 - __main__ - INFO -   📊 Détails: 15/33 (45%)
2026-01-27 21:39:00,703 - __main__ - INFO -   📊 Détails: 20/33 (61%)
2026-01-27 21:39:19,853 - __main__ - INFO -   📊 Détails: 25/33 (76%)
2026-01-27 21:39:36,557 - __main__ - INFO -   📊 Détails: 30/33 (91%)
2026-01-27 21:39:45,928 - __main__ - INFO -   📊 Détails: 33/33 (100%)
2026-01-27 21:39:46,244 - __main__ - INFO - 📈 Nabeul: 99/139 annonces accumulées
2026-01-27 21:39:46,244 - __main__ - INFO - ⏳ Pause de 2s avant page 4...
2026-01-27 21:39:48,245 - __main__ - INFO - 📄 SCRAPING PAGE 4: https://www.mubawab.tn/fr/st/nabeul/terrains-a-vendre:p:4
2026-01-27 21:39:50,164 - __main__ - INFO - Total cartes uniques trouvées: 34
2026-01-27 21:39:50,164 - __main__ - INFO - Page 4: 34 cartes trouvées
2026-01-27 21:39:50,336 - __main__ - INFO - ✅ PAGE 4: 33 annonces valides, 1 invalides
2026-01-27 21:39:50,392 - __main__ - INFO - ✅ Page 4: 33 annonces trouvées
2026-01-27 21:39:50,393 - __main__ - INFO - 🔍 Extraction des détails pour 33 annonces...
2026-01-27 21:41:35,040 - __main__ - WARNING - Tentative 1 échouée pour https://www.mubawab.tn/fr/a/8154269/terrain-a-vendre-2391-m%C2%B2: HTTPSConnectionPool(host='www.mubawab.tn', port=443): Read timed out.
2026-01-27 21:42:50,308 - __main__ - WARNING - Tentative 2 échouée pour https://www.mubawab.tn/fr/a/8154269/terrain-a-vendre-2391-m%C2%B2: HTTPSConnectionPool(host='www.mubawab.tn', port=443): Read timed out.
2026-01-27 21:43:19,227 - __main__ - INFO -   📊 Détails: 5/33 (15%)
2026-01-27 21:44:20,041 - __main__ - INFO -   📊 Détails: 10/33 (30%)
2026-01-27 21:44:36,413 - __main__ - INFO -   📊 Détails: 15/33 (45%)
2026-01-27 21:44:51,640 - __main__ - INFO -   📊 Détails: 20/33 (61%)
2026-01-27 21:45:06,935 - __main__ - INFO -   📊 Détails: 25/33 (76%)
2026-01-27 21:45:21,779 - __main__ - INFO -   📊 Détails: 30/33 (91%)
2026-01-27 21:45:30,531 - __main__ - INFO -   📊 Détails: 33/33 (100%)
2026-01-27 21:45:30,839 - __main__ - INFO - 📈 Nabeul: 132/139 annonces accumulées
2026-01-27 21:45:30,839 - __main__ - INFO - ⏳ Pause de 4s avant page 5...
2026-01-27 21:45:34,841 - __main__ - INFO - 📄 SCRAPING PAGE 5: https://www.mubawab.tn/fr/st/nabeul/terrains-a-vendre:p:5
2026-01-27 21:45:36,797 - __main__ - INFO - Total cartes uniques trouvées: 34
2026-01-27 21:45:36,797 - __main__ - INFO - Page 5: 34 cartes trouvées
2026-01-27 21:45:36,936 - __main__ - INFO - ✅ PAGE 5: 7 annonces valides, 27 invalides
2026-01-27 21:45:36,984 - __main__ - INFO - ✅ Page 5: 7 annonces trouvées
2026-01-27 21:45:36,985 - __main__ - INFO - 🔍 Extraction des détails pour 7 annonces...
2026-01-27 21:45:51,884 - __main__ - INFO -   📊 Détails: 5/7 (71%)
2026-01-27 21:45:58,101 - __main__ - INFO -   📊 Détails: 7/7 (100%)
2026-01-27 21:45:58,414 - __main__ - INFO - 📈 Nabeul: 139/139 annonces accumulées
2026-01-27 21:45:58,414 - __main__ - INFO - 🎯 OBJECTIF ATTEINT POUR Nabeul: 139 annonces
2026-01-27 21:45:58,414 - __main__ - INFO - ✅ FIN SCRAPING Nabeul: 139 annonces
2026-01-27 21:45:58,414 - __main__ - INFO - ✅ Nabeul: 139 annonces scrapées
2026-01-27 21:45:58,414 - __main__ - INFO - ⏳ Pause de 5s avant région suivante...
2026-01-27 21:46:03,418 - __main__ - INFO - 
============================================================
2026-01-27 21:46:03,418 - __main__ - INFO - 🎯 DÉBUT RÉGION: Kélibia
2026-01-27 21:46:03,418 - __main__ - INFO - ============================================================
2026-01-27 21:46:03,418 - __main__ - INFO - 🚀 DÉBUT SCRAPING RÉGION: Kélibia
2026-01-27 21:46:03,418 - __main__ - INFO - Détection pour: https://www.mubawab.tn/fr/st/kelibia/terrains-a-vendre
2026-01-27 21:46:06,222 - __main__ - ERROR - Échec de toutes les tentatives pour https://www.mubawab.tn/fr/st/kelibia/terrains-a-vendre
2026-01-27 21:46:06,222 - __main__ - WARNING - ⚠️  AUCUNE ANNONCE DÉTECTÉE POUR Kélibia
2026-01-27 21:46:06,234 - __main__ - INFO - ✅ Kélibia: 0 annonces scrapées
2026-01-27 21:46:06,234 - __main__ - INFO - ⏳ Pause de 5s avant région suivante...
2026-01-27 21:46:11,235 - __main__ - INFO - 
============================================================
2026-01-27 21:46:11,235 - __main__ - INFO - 🎯 DÉBUT RÉGION: Raoued
2026-01-27 21:46:11,235 - __main__ - INFO - ============================================================
2026-01-27 21:46:11,235 - __main__ - INFO - 🚀 DÉBUT SCRAPING RÉGION: Raoued
2026-01-27 21:46:11,235 - __main__ - INFO - Détection pour: https://www.mubawab.tn/fr/st/raoued/terrains-a-vendre
2026-01-27 21:46:12,795 - __main__ - INFO - ✅ Détecté: 116 annonces au total
2026-01-27 21:46:12,837 - __main__ - INFO - 📊 Estimation: 4 pages à 34 annonces/page
2026-01-27 21:46:12,838 - __main__ - INFO - 📊 Raoued: 116 annonces détectées
2026-01-27 21:46:12,838 - __main__ - INFO - 📄 Objectif: 116 annonces sur 4/4 pages
2026-01-27 21:46:12,839 - __main__ - INFO - 📈 Estimation: 34 annonces par page
2026-01-27 21:46:12,840 - __main__ - INFO - 📄 SCRAPING PAGE 1: https://www.mubawab.tn/fr/st/raoued/terrains-a-vendre
2026-01-27 21:46:14,876 - __main__ - INFO - Total cartes uniques trouvées: 34
2026-01-27 21:46:14,876 - __main__ - INFO - Page 1: 34 cartes trouvées
2026-01-27 21:46:15,054 - __main__ - INFO - ✅ PAGE 1: 32 annonces valides, 2 invalides
2026-01-27 21:46:15,122 - __main__ - INFO - ✅ Page 1: 32 annonces trouvées
2026-01-27 21:46:15,123 - __main__ - INFO - 🔍 Extraction des détails pour 32 annonces...
2026-01-27 21:46:29,533 - __main__ - INFO -   📊 Détails: 5/32 (16%)
2026-01-27 21:46:44,243 - __main__ - INFO -   📊 Détails: 10/32 (31%)
2026-01-27 21:46:59,406 - __main__ - INFO -   📊 Détails: 15/32 (47%)
2026-01-27 21:47:14,790 - __main__ - INFO -   📊 Détails: 20/32 (62%)
2026-01-27 21:47:30,399 - __main__ - INFO -   📊 Détails: 25/32 (78%)
2026-01-27 21:47:45,303 - __main__ - INFO -   📊 Détails: 30/32 (94%)
2026-01-27 21:47:51,431 - __main__ - INFO -   📊 Détails: 32/32 (100%)
2026-01-27 21:47:51,734 - __main__ - INFO - 📈 Raoued: 32/116 annonces accumulées
2026-01-27 21:47:51,734 - __main__ - INFO - ⏳ Pause de 2s avant page 2...
2026-01-27 21:47:53,736 - __main__ - INFO - 📄 SCRAPING PAGE 2: https://www.mubawab.tn/fr/st/raoued/terrains-a-vendre:p:2
2026-01-27 21:47:55,715 - __main__ - INFO - Total cartes uniques trouvées: 34
2026-01-27 21:47:55,715 - __main__ - INFO - Page 2: 34 cartes trouvées
2026-01-27 21:47:55,846 - __main__ - INFO - ✅ PAGE 2: 32 annonces valides, 2 invalides
2026-01-27 21:47:55,898 - __main__ - INFO - ✅ Page 2: 32 annonces trouvées
2026-01-27 21:47:55,898 - __main__ - INFO - 🔍 Extraction des détails pour 32 annonces...
2026-01-27 21:48:10,604 - __main__ - INFO -   📊 Détails: 5/32 (16%)
2026-01-27 21:48:25,586 - __main__ - INFO -   📊 Détails: 10/32 (31%)
2026-01-27 21:48:40,922 - __main__ - INFO -   📊 Détails: 15/32 (47%)
2026-01-27 21:48:56,069 - __main__ - INFO -   📊 Détails: 20/32 (62%)
2026-01-27 21:49:11,345 - __main__ - INFO -   📊 Détails: 25/32 (78%)
2026-01-27 21:49:26,283 - __main__ - INFO -   📊 Détails: 30/32 (94%)
2026-01-27 21:49:32,233 - __main__ - INFO -   📊 Détails: 32/32 (100%)
2026-01-27 21:49:32,536 - __main__ - INFO - 📈 Raoued: 64/116 annonces accumulées
2026-01-27 21:49:32,536 - __main__ - INFO - ⏳ Pause de 2s avant page 3...
2026-01-27 21:49:34,537 - __main__ - INFO - 📄 SCRAPING PAGE 3: https://www.mubawab.tn/fr/st/raoued/terrains-a-vendre:p:3
2026-01-27 21:49:36,394 - __main__ - INFO - Total cartes uniques trouvées: 34
2026-01-27 21:49:36,396 - __main__ - INFO - Page 3: 34 cartes trouvées
2026-01-27 21:49:36,532 - __main__ - INFO - ✅ PAGE 3: 32 annonces valides, 2 invalides
2026-01-27 21:49:36,584 - __main__ - INFO - ✅ Page 3: 32 annonces trouvées
2026-01-27 21:49:36,585 - __main__ - INFO - 🔍 Extraction des détails pour 32 annonces...
2026-01-27 21:49:51,214 - __main__ - INFO -   📊 Détails: 5/32 (16%)
2026-01-27 21:50:06,034 - __main__ - INFO -   📊 Détails: 10/32 (31%)
2026-01-27 21:50:21,145 - __main__ - INFO -   📊 Détails: 15/32 (47%)
2026-01-27 21:50:36,562 - __main__ - INFO -   📊 Détails: 20/32 (62%)
2026-01-27 21:50:54,842 - __main__ - INFO -   📊 Détails: 25/32 (78%)
2026-01-27 21:51:12,000 - __main__ - INFO -   📊 Détails: 30/32 (94%)
2026-01-27 21:51:18,400 - __main__ - INFO -   📊 Détails: 32/32 (100%)
2026-01-27 21:51:18,702 - __main__ - INFO - 📈 Raoued: 96/116 annonces accumulées
2026-01-27 21:51:18,702 - __main__ - INFO - ⏳ Pause de 2s avant page 4...
2026-01-27 21:51:20,704 - __main__ - INFO - 📄 SCRAPING PAGE 4: https://www.mubawab.tn/fr/st/raoued/terrains-a-vendre:p:4
2026-01-27 21:51:22,394 - __main__ - INFO - Total cartes uniques trouvées: 22
2026-01-27 21:51:22,394 - __main__ - INFO - Page 4: 22 cartes trouvées
2026-01-27 21:51:22,484 - __main__ - INFO - ✅ PAGE 4: 20 annonces valides, 2 invalides
2026-01-27 21:51:22,520 - __main__ - INFO - ✅ Page 4: 20 annonces trouvées
2026-01-27 21:51:22,520 - __main__ - INFO - 🔍 Extraction des détails pour 20 annonces...
2026-01-27 21:51:37,645 - __main__ - INFO -   📊 Détails: 5/20 (25%)
2026-01-27 21:51:53,876 - __main__ - INFO -   📊 Détails: 10/20 (50%)
2026-01-27 21:52:09,381 - __main__ - INFO -   📊 Détails: 15/20 (75%)
2026-01-27 21:52:25,926 - __main__ - INFO -   📊 Détails: 20/20 (100%)
2026-01-27 21:52:26,239 - __main__ - INFO - 📈 Raoued: 116/116 annonces accumulées
2026-01-27 21:52:26,239 - __main__ - INFO - 🎯 OBJECTIF ATTEINT POUR Raoued: 116 annonces
2026-01-27 21:52:26,239 - __main__ - INFO - ✅ FIN SCRAPING Raoued: 116 annonces
2026-01-27 21:52:26,239 - __main__ - INFO - ✅ Raoued: 116 annonces scrapées
2026-01-27 21:52:26,440 - __main__ - INFO - ✅ CSV SAUVEGARDÉ: mubawab_terrains_complet_20260127_215226.csv
2026-01-27 21:52:26,680 - __main__ - INFO - ✅ JSON SAUVEGARDÉ: mubawab_terrains_complet_20260127_215226.json
